ggml_cuda_init: found 1 CUDA devices (Total VRAM: 32606 MiB):
  Device 0: NVIDIA GeForce RTX 5090, compute capability 12.0, VMM: yes, VRAM: 32606 MiB
Starting RPC server v6.0.0
  endpoint       : 127.0.0.1:42632
  local cache    : C:\Users\Simon\OneDrive\Documents\Python Scripts\swarm-inference-lab\.runtime\experiment-026\logical-rpc-cache-1\rpc\
Devices:
  CUDA0: NVIDIA GeForce RTX 5090 (32606 MiB, 30927 MiB free)
  transport      : TCP
Accepted client connection
Client connection closed
Accepted client connection
Client connection closed
Accepted client connection
Client connection closed
Accepted client connection
Client connection closed
Accepted client connection
Client connection closed
Accepted client connection
Client connection closed
Accepted client connection
Client connection closed
Accepted client connection
[set_tensor] saved to 'C:\Users\Simon\OneDrive\Documents\Python Scripts\swarm-inference-lab\.runtime\experiment-026\logical-rpc-cache-1\rpc\5725140547a59c39'
[set_tensor] saved to 'C:\Users\Simon\OneDrive\Documents\Python Scripts\swarm-inference-lab\.runtime\experiment-026\logical-rpc-cache-1\rpc\54af1e50259aab9c'
[set_tensor] saved to 'C:\Users\Simon\OneDrive\Documents\Python Scripts\swarm-inference-lab\.runtime\experiment-026\logical-rpc-cache-1\rpc\e17fc9d34a281edd'
[set_tensor] saved to 'C:\Users\Simon\OneDrive\Documents\Python Scripts\swarm-inference-lab\.runtime\experiment-026\logical-rpc-cache-1\rpc\7c00901c4e53f21e'
[set_tensor] saved to 'C:\Users\Simon\OneDrive\Documents\Python Scripts\swarm-inference-lab\.runtime\experiment-026\logical-rpc-cache-1\rpc\d3ae9b57d1732d3e'
[set_tensor] saved to 'C:\Users\Simon\OneDrive\Documents\Python Scripts\swarm-inference-lab\.runtime\experiment-026\logical-rpc-cache-1\rpc\ef35b8a714b7d0fd'
[set_tensor] saved to 'C:\Users\Simon\OneDrive\Documents\Python Scripts\swarm-inference-lab\.runtime\experiment-026\logical-rpc-cache-1\rpc\2aa1355639bbe8eb'
[set_tensor] saved to 'C:\Users\Simon\OneDrive\Documents\Python Scripts\swarm-inference-lab\.runtime\experiment-026\logical-rpc-cache-1\rpc\62e79a4068142f4f'
[set_tensor] saved to 'C:\Users\Simon\OneDrive\Documents\Python Scripts\swarm-inference-lab\.runtime\experiment-026\logical-rpc-cache-1\rpc\c58dfaddce87c278'
[set_tensor] saved to 'C:\Users\Simon\OneDrive\Documents\Python Scripts\swarm-inference-lab\.runtime\experiment-026\logical-rpc-cache-1\rpc\e4fad311f80203d6'
[set_tensor] saved to 'C:\Users\Simon\OneDrive\Documents\Python Scripts\swarm-inference-lab\.runtime\experiment-026\logical-rpc-cache-1\rpc\d70057c6795a52bb'
[set_tensor] saved to 'C:\Users\Simon\OneDrive\Documents\Python Scripts\swarm-inference-lab\.runtime\experiment-026\logical-rpc-cache-1\rpc\9d4f2c317a307016'
[set_tensor] saved to 'C:\Users\Simon\OneDrive\Documents\Python Scripts\swarm-inference-lab\.runtime\experiment-026\logical-rpc-cache-1\rpc\07a69859408e0fa8'
[set_tensor] saved to 'C:\Users\Simon\OneDrive\Documents\Python Scripts\swarm-inference-lab\.runtime\experiment-026\logical-rpc-cache-1\rpc\aec34e4c399ed7a3'
[set_tensor] saved to 'C:\Users\Simon\OneDrive\Documents\Python Scripts\swarm-inference-lab\.runtime\experiment-026\logical-rpc-cache-1\rpc\9abf9db46e6a3607'
[set_tensor] saved to 'C:\Users\Simon\OneDrive\Documents\Python Scripts\swarm-inference-lab\.runtime\experiment-026\logical-rpc-cache-1\rpc\28160da45ed502cc'
[set_tensor] saved to 'C:\Users\Simon\OneDrive\Documents\Python Scripts\swarm-inference-lab\.runtime\experiment-026\logical-rpc-cache-1\rpc\19a6bea45be7af6e'
[set_tensor] saved to 'C:\Users\Simon\OneDrive\Documents\Python Scripts\swarm-inference-lab\.runtime\experiment-026\logical-rpc-cache-1\rpc\89348e5e0185ebab'
[set_tensor] saved to 'C:\Users\Simon\OneDrive\Documents\Python Scripts\swarm-inference-lab\.runtime\experiment-026\logical-rpc-cache-1\rpc\08549efd14b07aae'
[set_tensor] saved to 'C:\Users\Simon\OneDrive\Documents\Python Scripts\swarm-inference-lab\.runtime\experiment-026\logical-rpc-cache-1\rpc\f07d8b85d38663ee'
[set_tensor] saved to 'C:\Users\Simon\OneDrive\Documents\Python Scripts\swarm-inference-lab\.runtime\experiment-026\logical-rpc-cache-1\rpc\e6b1624bcd2d2613'
[set_tensor] saved to 'C:\Users\Simon\OneDrive\Documents\Python Scripts\swarm-inference-lab\.runtime\experiment-026\logical-rpc-cache-1\rpc\f64e770afb55ff1c'
[set_tensor] saved to 'C:\Users\Simon\OneDrive\Documents\Python Scripts\swarm-inference-lab\.runtime\experiment-026\logical-rpc-cache-1\rpc\8d664d3fc0d12bab'
[set_tensor] saved to 'C:\Users\Simon\OneDrive\Documents\Python Scripts\swarm-inference-lab\.runtime\experiment-026\logical-rpc-cache-1\rpc\e93b09451df89531'
[set_tensor] saved to 'C:\Users\Simon\OneDrive\Documents\Python Scripts\swarm-inference-lab\.runtime\experiment-026\logical-rpc-cache-1\rpc\bad82cb7bdb1bf70'
[set_tensor] saved to 'C:\Users\Simon\OneDrive\Documents\Python Scripts\swarm-inference-lab\.runtime\experiment-026\logical-rpc-cache-1\rpc\63aafd6a5857d83a'
[set_tensor] saved to 'C:\Users\Simon\OneDrive\Documents\Python Scripts\swarm-inference-lab\.runtime\experiment-026\logical-rpc-cache-1\rpc\82bfd33a5a611f02'
[set_tensor] saved to 'C:\Users\Simon\OneDrive\Documents\Python Scripts\swarm-inference-lab\.runtime\experiment-026\logical-rpc-cache-1\rpc\1329d73564a6c96c'
[set_tensor] saved to 'C:\Users\Simon\OneDrive\Documents\Python Scripts\swarm-inference-lab\.runtime\experiment-026\logical-rpc-cache-1\rpc\9fa8ce1d3969c7ad'
[set_tensor] saved to 'C:\Users\Simon\OneDrive\Documents\Python Scripts\swarm-inference-lab\.runtime\experiment-026\logical-rpc-cache-1\rpc\cec40af10aff2a32'
[set_tensor] saved to 'C:\Users\Simon\OneDrive\Documents\Python Scripts\swarm-inference-lab\.runtime\experiment-026\logical-rpc-cache-1\rpc\b191f3d7d5af1712'
[set_tensor] saved to 'C:\Users\Simon\OneDrive\Documents\Python Scripts\swarm-inference-lab\.runtime\experiment-026\logical-rpc-cache-1\rpc\f843c1c4a81f7f64'
[set_tensor] saved to 'C:\Users\Simon\OneDrive\Documents\Python Scripts\swarm-inference-lab\.runtime\experiment-026\logical-rpc-cache-1\rpc\986334a4acddd6a5'
[set_tensor] saved to 'C:\Users\Simon\OneDrive\Documents\Python Scripts\swarm-inference-lab\.runtime\experiment-026\logical-rpc-cache-1\rpc\897565db87c3fcf5'
[set_tensor] saved to 'C:\Users\Simon\OneDrive\Documents\Python Scripts\swarm-inference-lab\.runtime\experiment-026\logical-rpc-cache-1\rpc\b413241cc96c1ca6'
[set_tensor] saved to 'C:\Users\Simon\OneDrive\Documents\Python Scripts\swarm-inference-lab\.runtime\experiment-026\logical-rpc-cache-1\rpc\8d177a01f353e402'
[set_tensor] saved to 'C:\Users\Simon\OneDrive\Documents\Python Scripts\swarm-inference-lab\.runtime\experiment-026\logical-rpc-cache-1\rpc\5718f0f38b7549c7'
[set_tensor] saved to 'C:\Users\Simon\OneDrive\Documents\Python Scripts\swarm-inference-lab\.runtime\experiment-026\logical-rpc-cache-1\rpc\70ff63f99e4f641b'
[set_tensor] saved to 'C:\Users\Simon\OneDrive\Documents\Python Scripts\swarm-inference-lab\.runtime\experiment-026\logical-rpc-cache-1\rpc\586dff5662306b43'
[set_tensor] saved to 'C:\Users\Simon\OneDrive\Documents\Python Scripts\swarm-inference-lab\.runtime\experiment-026\logical-rpc-cache-1\rpc\677cc500e0ab4f0e'
[set_tensor] saved to 'C:\Users\Simon\OneDrive\Documents\Python Scripts\swarm-inference-lab\.runtime\experiment-026\logical-rpc-cache-1\rpc\171ecb419a22fe6f'
[set_tensor] saved to 'C:\Users\Simon\OneDrive\Documents\Python Scripts\swarm-inference-lab\.runtime\experiment-026\logical-rpc-cache-1\rpc\f0d605fcda7fd014'
[set_tensor] saved to 'C:\Users\Simon\OneDrive\Documents\Python Scripts\swarm-inference-lab\.runtime\experiment-026\logical-rpc-cache-1\rpc\49e519ddd78ba240'
[set_tensor] saved to 'C:\Users\Simon\OneDrive\Documents\Python Scripts\swarm-inference-lab\.runtime\experiment-026\logical-rpc-cache-1\rpc\5a828d2bf578a759'
[set_tensor] saved to 'C:\Users\Simon\OneDrive\Documents\Python Scripts\swarm-inference-lab\.runtime\experiment-026\logical-rpc-cache-1\rpc\3b6715e9b58c5488'
[set_tensor] saved to 'C:\Users\Simon\OneDrive\Documents\Python Scripts\swarm-inference-lab\.runtime\experiment-026\logical-rpc-cache-1\rpc\e91ff23ceb474f92'
[set_tensor] saved to 'C:\Users\Simon\OneDrive\Documents\Python Scripts\swarm-inference-lab\.runtime\experiment-026\logical-rpc-cache-1\rpc\2b49c1a6907718d6'
[set_tensor] saved to 'C:\Users\Simon\OneDrive\Documents\Python Scripts\swarm-inference-lab\.runtime\experiment-026\logical-rpc-cache-1\rpc\29d110540c958c0a'
[set_tensor] saved to 'C:\Users\Simon\OneDrive\Documents\Python Scripts\swarm-inference-lab\.runtime\experiment-026\logical-rpc-cache-1\rpc\99d12d783955cbc8'
[set_tensor] saved to 'C:\Users\Simon\OneDrive\Documents\Python Scripts\swarm-inference-lab\.runtime\experiment-026\logical-rpc-cache-1\rpc\0bdbe31a8892bc98'
[set_tensor] saved to 'C:\Users\Simon\OneDrive\Documents\Python Scripts\swarm-inference-lab\.runtime\experiment-026\logical-rpc-cache-1\rpc\6cacfc427a27d4a0'
[set_tensor] saved to 'C:\Users\Simon\OneDrive\Documents\Python Scripts\swarm-inference-lab\.runtime\experiment-026\logical-rpc-cache-1\rpc\97ef01cb9967b6a4'
[set_tensor] saved to 'C:\Users\Simon\OneDrive\Documents\Python Scripts\swarm-inference-lab\.runtime\experiment-026\logical-rpc-cache-1\rpc\3d7bff2dd7a8cb10'
[set_tensor] saved to 'C:\Users\Simon\OneDrive\Documents\Python Scripts\swarm-inference-lab\.runtime\experiment-026\logical-rpc-cache-1\rpc\9c18d528fbace39c'
[set_tensor] saved to 'C:\Users\Simon\OneDrive\Documents\Python Scripts\swarm-inference-lab\.runtime\experiment-026\logical-rpc-cache-1\rpc\68cf5620532b9c82'
[set_tensor] saved to 'C:\Users\Simon\OneDrive\Documents\Python Scripts\swarm-inference-lab\.runtime\experiment-026\logical-rpc-cache-1\rpc\de3d4709f837dc34'
[set_tensor] saved to 'C:\Users\Simon\OneDrive\Documents\Python Scripts\swarm-inference-lab\.runtime\experiment-026\logical-rpc-cache-1\rpc\f87587174115c5f9'
[set_tensor] saved to 'C:\Users\Simon\OneDrive\Documents\Python Scripts\swarm-inference-lab\.runtime\experiment-026\logical-rpc-cache-1\rpc\dd377fe62ae17797'
[set_tensor] saved to 'C:\Users\Simon\OneDrive\Documents\Python Scripts\swarm-inference-lab\.runtime\experiment-026\logical-rpc-cache-1\rpc\4cc7fd9bb8010ebb'
[set_tensor] saved to 'C:\Users\Simon\OneDrive\Documents\Python Scripts\swarm-inference-lab\.runtime\experiment-026\logical-rpc-cache-1\rpc\e6a8bc2dea5651db'
[set_tensor] saved to 'C:\Users\Simon\OneDrive\Documents\Python Scripts\swarm-inference-lab\.runtime\experiment-026\logical-rpc-cache-1\rpc\b4713ad0c7beac56'
[set_tensor] saved to 'C:\Users\Simon\OneDrive\Documents\Python Scripts\swarm-inference-lab\.runtime\experiment-026\logical-rpc-cache-1\rpc\5ab1a253a62928a4'
[set_tensor] saved to 'C:\Users\Simon\OneDrive\Documents\Python Scripts\swarm-inference-lab\.runtime\experiment-026\logical-rpc-cache-1\rpc\41206320986feb4f'
[set_tensor] saved to 'C:\Users\Simon\OneDrive\Documents\Python Scripts\swarm-inference-lab\.runtime\experiment-026\logical-rpc-cache-1\rpc\db99795a1ee3fd98'
[set_tensor] saved to 'C:\Users\Simon\OneDrive\Documents\Python Scripts\swarm-inference-lab\.runtime\experiment-026\logical-rpc-cache-1\rpc\b7ab98c19f431090'
[set_tensor] saved to 'C:\Users\Simon\OneDrive\Documents\Python Scripts\swarm-inference-lab\.runtime\experiment-026\logical-rpc-cache-1\rpc\c1ac1b8e03fd1717'
[set_tensor] saved to 'C:\Users\Simon\OneDrive\Documents\Python Scripts\swarm-inference-lab\.runtime\experiment-026\logical-rpc-cache-1\rpc\28f71188fc052fce'
[set_tensor] saved to 'C:\Users\Simon\OneDrive\Documents\Python Scripts\swarm-inference-lab\.runtime\experiment-026\logical-rpc-cache-1\rpc\b6107f8ffaa6e37a'
[set_tensor] saved to 'C:\Users\Simon\OneDrive\Documents\Python Scripts\swarm-inference-lab\.runtime\experiment-026\logical-rpc-cache-1\rpc\48d7c5a42018eea9'
[set_tensor] saved to 'C:\Users\Simon\OneDrive\Documents\Python Scripts\swarm-inference-lab\.runtime\experiment-026\logical-rpc-cache-1\rpc\7232446072db9b60'
[set_tensor] saved to 'C:\Users\Simon\OneDrive\Documents\Python Scripts\swarm-inference-lab\.runtime\experiment-026\logical-rpc-cache-1\rpc\8a30b49c2db7642a'
[set_tensor] saved to 'C:\Users\Simon\OneDrive\Documents\Python Scripts\swarm-inference-lab\.runtime\experiment-026\logical-rpc-cache-1\rpc\0ee87085fc594790'
[set_tensor] saved to 'C:\Users\Simon\OneDrive\Documents\Python Scripts\swarm-inference-lab\.runtime\experiment-026\logical-rpc-cache-1\rpc\9aeff1c9835d756e'
[set_tensor] saved to 'C:\Users\Simon\OneDrive\Documents\Python Scripts\swarm-inference-lab\.runtime\experiment-026\logical-rpc-cache-1\rpc\f517d652d1f36e03'
[set_tensor] saved to 'C:\Users\Simon\OneDrive\Documents\Python Scripts\swarm-inference-lab\.runtime\experiment-026\logical-rpc-cache-1\rpc\ce15d2c90c821554'
[set_tensor] saved to 'C:\Users\Simon\OneDrive\Documents\Python Scripts\swarm-inference-lab\.runtime\experiment-026\logical-rpc-cache-1\rpc\b39a5c299fb58781'
[set_tensor] saved to 'C:\Users\Simon\OneDrive\Documents\Python Scripts\swarm-inference-lab\.runtime\experiment-026\logical-rpc-cache-1\rpc\2d08175bf3ed669f'
[set_tensor] saved to 'C:\Users\Simon\OneDrive\Documents\Python Scripts\swarm-inference-lab\.runtime\experiment-026\logical-rpc-cache-1\rpc\5b17558405d88777'
[set_tensor] saved to 'C:\Users\Simon\OneDrive\Documents\Python Scripts\swarm-inference-lab\.runtime\experiment-026\logical-rpc-cache-1\rpc\9930a4be7c2e72ff'
[set_tensor] saved to 'C:\Users\Simon\OneDrive\Documents\Python Scripts\swarm-inference-lab\.runtime\experiment-026\logical-rpc-cache-1\rpc\1b764d455d0603d9'
[set_tensor] saved to 'C:\Users\Simon\OneDrive\Documents\Python Scripts\swarm-inference-lab\.runtime\experiment-026\logical-rpc-cache-1\rpc\dfc65e20b2730a32'
[set_tensor] saved to 'C:\Users\Simon\OneDrive\Documents\Python Scripts\swarm-inference-lab\.runtime\experiment-026\logical-rpc-cache-1\rpc\e66e98af2c5d22d6'
[set_tensor] saved to 'C:\Users\Simon\OneDrive\Documents\Python Scripts\swarm-inference-lab\.runtime\experiment-026\logical-rpc-cache-1\rpc\3aa6f8b5f3f58677'
[set_tensor] saved to 'C:\Users\Simon\OneDrive\Documents\Python Scripts\swarm-inference-lab\.runtime\experiment-026\logical-rpc-cache-1\rpc\71ea74874e1d5608'
[set_tensor] saved to 'C:\Users\Simon\OneDrive\Documents\Python Scripts\swarm-inference-lab\.runtime\experiment-026\logical-rpc-cache-1\rpc\9e90b6c3b38443ac'
[set_tensor] saved to 'C:\Users\Simon\OneDrive\Documents\Python Scripts\swarm-inference-lab\.runtime\experiment-026\logical-rpc-cache-1\rpc\1a6c62724fb1a88b'
[set_tensor] saved to 'C:\Users\Simon\OneDrive\Documents\Python Scripts\swarm-inference-lab\.runtime\experiment-026\logical-rpc-cache-1\rpc\ceebb2690ffe41fa'
[set_tensor] saved to 'C:\Users\Simon\OneDrive\Documents\Python Scripts\swarm-inference-lab\.runtime\experiment-026\logical-rpc-cache-1\rpc\7bfac3530129575f'
[set_tensor] saved to 'C:\Users\Simon\OneDrive\Documents\Python Scripts\swarm-inference-lab\.runtime\experiment-026\logical-rpc-cache-1\rpc\e5851dba4cac340d'
[set_tensor] saved to 'C:\Users\Simon\OneDrive\Documents\Python Scripts\swarm-inference-lab\.runtime\experiment-026\logical-rpc-cache-1\rpc\9e6f62d21530a56a'
[set_tensor] saved to 'C:\Users\Simon\OneDrive\Documents\Python Scripts\swarm-inference-lab\.runtime\experiment-026\logical-rpc-cache-1\rpc\e8c6894131f0e760'
[set_tensor] saved to 'C:\Users\Simon\OneDrive\Documents\Python Scripts\swarm-inference-lab\.runtime\experiment-026\logical-rpc-cache-1\rpc\1d4fc3e63782e10c'
[set_tensor] saved to 'C:\Users\Simon\OneDrive\Documents\Python Scripts\swarm-inference-lab\.runtime\experiment-026\logical-rpc-cache-1\rpc\9698993048beb31b'
[set_tensor] saved to 'C:\Users\Simon\OneDrive\Documents\Python Scripts\swarm-inference-lab\.runtime\experiment-026\logical-rpc-cache-1\rpc\7e284003c96e2444'
[set_tensor] saved to 'C:\Users\Simon\OneDrive\Documents\Python Scripts\swarm-inference-lab\.runtime\experiment-026\logical-rpc-cache-1\rpc\d6d4c2c3a9a66592'
[set_tensor] saved to 'C:\Users\Simon\OneDrive\Documents\Python Scripts\swarm-inference-lab\.runtime\experiment-026\logical-rpc-cache-1\rpc\1d4b28eebdbbacb0'
[set_tensor] saved to 'C:\Users\Simon\OneDrive\Documents\Python Scripts\swarm-inference-lab\.runtime\experiment-026\logical-rpc-cache-1\rpc\296a2b165c0a951f'
[set_tensor] saved to 'C:\Users\Simon\OneDrive\Documents\Python Scripts\swarm-inference-lab\.runtime\experiment-026\logical-rpc-cache-1\rpc\3a70471cb925f59b'
[set_tensor] saved to 'C:\Users\Simon\OneDrive\Documents\Python Scripts\swarm-inference-lab\.runtime\experiment-026\logical-rpc-cache-1\rpc\a6d30f9ba5fa2ca0'
[set_tensor] saved to 'C:\Users\Simon\OneDrive\Documents\Python Scripts\swarm-inference-lab\.runtime\experiment-026\logical-rpc-cache-1\rpc\17dfac9c75f4225f'
[set_tensor] saved to 'C:\Users\Simon\OneDrive\Documents\Python Scripts\swarm-inference-lab\.runtime\experiment-026\logical-rpc-cache-1\rpc\b41e1316e9e4cad6'
[set_tensor] saved to 'C:\Users\Simon\OneDrive\Documents\Python Scripts\swarm-inference-lab\.runtime\experiment-026\logical-rpc-cache-1\rpc\eb0ec957a2be2b56'
[set_tensor] saved to 'C:\Users\Simon\OneDrive\Documents\Python Scripts\swarm-inference-lab\.runtime\experiment-026\logical-rpc-cache-1\rpc\7382f89577e0dfe6'
[set_tensor] saved to 'C:\Users\Simon\OneDrive\Documents\Python Scripts\swarm-inference-lab\.runtime\experiment-026\logical-rpc-cache-1\rpc\658eafc2639cbce2'
[set_tensor] saved to 'C:\Users\Simon\OneDrive\Documents\Python Scripts\swarm-inference-lab\.runtime\experiment-026\logical-rpc-cache-1\rpc\0403ebeca2585a63'
[set_tensor] saved to 'C:\Users\Simon\OneDrive\Documents\Python Scripts\swarm-inference-lab\.runtime\experiment-026\logical-rpc-cache-1\rpc\5b560c69bc52a999'
[set_tensor] saved to 'C:\Users\Simon\OneDrive\Documents\Python Scripts\swarm-inference-lab\.runtime\experiment-026\logical-rpc-cache-1\rpc\5d841359eb1c6b47'
[set_tensor] saved to 'C:\Users\Simon\OneDrive\Documents\Python Scripts\swarm-inference-lab\.runtime\experiment-026\logical-rpc-cache-1\rpc\63cb4aa8348a7ad3'
[set_tensor] saved to 'C:\Users\Simon\OneDrive\Documents\Python Scripts\swarm-inference-lab\.runtime\experiment-026\logical-rpc-cache-1\rpc\fa23713ed2cd8dc4'
[set_tensor] saved to 'C:\Users\Simon\OneDrive\Documents\Python Scripts\swarm-inference-lab\.runtime\experiment-026\logical-rpc-cache-1\rpc\7cdc0579c658a4a3'
[set_tensor] saved to 'C:\Users\Simon\OneDrive\Documents\Python Scripts\swarm-inference-lab\.runtime\experiment-026\logical-rpc-cache-1\rpc\81565a1e62b9acf4'
[set_tensor] saved to 'C:\Users\Simon\OneDrive\Documents\Python Scripts\swarm-inference-lab\.runtime\experiment-026\logical-rpc-cache-1\rpc\5decf28180de2e48'
[set_tensor] saved to 'C:\Users\Simon\OneDrive\Documents\Python Scripts\swarm-inference-lab\.runtime\experiment-026\logical-rpc-cache-1\rpc\a5924487f6f577c7'
[set_tensor] saved to 'C:\Users\Simon\OneDrive\Documents\Python Scripts\swarm-inference-lab\.runtime\experiment-026\logical-rpc-cache-1\rpc\aa5608df83496fc0'
[set_tensor] saved to 'C:\Users\Simon\OneDrive\Documents\Python Scripts\swarm-inference-lab\.runtime\experiment-026\logical-rpc-cache-1\rpc\bd9e205c5d4c81d9'
[set_tensor] saved to 'C:\Users\Simon\OneDrive\Documents\Python Scripts\swarm-inference-lab\.runtime\experiment-026\logical-rpc-cache-1\rpc\0b158b8e23671624'
[set_tensor] saved to 'C:\Users\Simon\OneDrive\Documents\Python Scripts\swarm-inference-lab\.runtime\experiment-026\logical-rpc-cache-1\rpc\95e19b23a2d819fc'
[set_tensor] saved to 'C:\Users\Simon\OneDrive\Documents\Python Scripts\swarm-inference-lab\.runtime\experiment-026\logical-rpc-cache-1\rpc\fc5545855601517c'
[set_tensor] saved to 'C:\Users\Simon\OneDrive\Documents\Python Scripts\swarm-inference-lab\.runtime\experiment-026\logical-rpc-cache-1\rpc\4fe5a448929e36e2'
[set_tensor] saved to 'C:\Users\Simon\OneDrive\Documents\Python Scripts\swarm-inference-lab\.runtime\experiment-026\logical-rpc-cache-1\rpc\cd37bd5fada6bca3'
[set_tensor] saved to 'C:\Users\Simon\OneDrive\Documents\Python Scripts\swarm-inference-lab\.runtime\experiment-026\logical-rpc-cache-1\rpc\b0f89ffe71764a43'
[set_tensor] saved to 'C:\Users\Simon\OneDrive\Documents\Python Scripts\swarm-inference-lab\.runtime\experiment-026\logical-rpc-cache-1\rpc\36efa842aa727b7d'
[set_tensor] saved to 'C:\Users\Simon\OneDrive\Documents\Python Scripts\swarm-inference-lab\.runtime\experiment-026\logical-rpc-cache-1\rpc\ca3fa9394a9da263'
[set_tensor] saved to 'C:\Users\Simon\OneDrive\Documents\Python Scripts\swarm-inference-lab\.runtime\experiment-026\logical-rpc-cache-1\rpc\dfb60e562a9a3333'
[set_tensor] saved to 'C:\Users\Simon\OneDrive\Documents\Python Scripts\swarm-inference-lab\.runtime\experiment-026\logical-rpc-cache-1\rpc\f94d565b1c18807f'
[set_tensor] saved to 'C:\Users\Simon\OneDrive\Documents\Python Scripts\swarm-inference-lab\.runtime\experiment-026\logical-rpc-cache-1\rpc\5ae2bc0875ec75d3'
E026_STAGE device=0 nodes=1274 begin_us=32660982 end_us=32716969 reused=0
ggml_backend_cuda_graph_compute: CUDA graph warmup complete
E026_STAGE device=0 nodes=1274 begin_us=32789755 end_us=32802777 reused=1
ggml_backend_cuda_graph_compute: CUDA graph warmup reset
E026_STAGE device=0 nodes=1274 begin_us=33051433 end_us=33082525 reused=0
E026_STAGE device=0 nodes=1274 begin_us=33274156 end_us=33288251 reused=0
E026_STAGE device=0 nodes=1274 begin_us=33320564 end_us=33332342 reused=0
ggml_backend_cuda_graph_compute: CUDA graph warmup complete
E026_STAGE device=0 nodes=1274 begin_us=33360052 end_us=33372308 reused=1
E026_STAGE device=0 nodes=1274 begin_us=33394942 end_us=33403743 reused=1
E026_STAGE device=0 nodes=1274 begin_us=33424216 end_us=33432528 reused=1
E026_STAGE device=0 nodes=1274 begin_us=33453755 end_us=33462028 reused=1
E026_STAGE device=0 nodes=1274 begin_us=33481809 end_us=33491460 reused=1
E026_STAGE device=0 nodes=1274 begin_us=33511631 end_us=33520937 reused=1
E026_STAGE device=0 nodes=1274 begin_us=33533818 end_us=33540017 reused=1
E026_STAGE device=0 nodes=1274 begin_us=33552138 end_us=33558022 reused=1
E026_STAGE device=0 nodes=1274 begin_us=33572377 end_us=33578018 reused=1
E026_STAGE device=0 nodes=1274 begin_us=33592122 end_us=33596704 reused=1
E026_STAGE device=0 nodes=1274 begin_us=33608422 end_us=33613039 reused=1
E026_STAGE device=0 nodes=1274 begin_us=33625350 end_us=33629907 reused=1
E026_STAGE device=0 nodes=1274 begin_us=33641823 end_us=33646409 reused=1
E026_STAGE device=0 nodes=1274 begin_us=33658365 end_us=33662942 reused=1
E026_STAGE device=0 nodes=1274 begin_us=33675414 end_us=33680023 reused=1
E026_STAGE device=0 nodes=1274 begin_us=33693070 end_us=33698044 reused=1
E026_STAGE device=0 nodes=1274 begin_us=33709275 end_us=33713859 reused=1
E026_STAGE device=0 nodes=1274 begin_us=33725629 end_us=33730223 reused=1
E026_STAGE device=0 nodes=1274 begin_us=33742307 end_us=33746911 reused=1
E026_STAGE device=0 nodes=1274 begin_us=33758583 end_us=33763181 reused=1
E026_STAGE device=0 nodes=1274 begin_us=33775652 end_us=33780219 reused=1
E026_STAGE device=0 nodes=1274 begin_us=33792026 end_us=33796666 reused=1
E026_STAGE device=0 nodes=1274 begin_us=33808667 end_us=33813823 reused=1
E026_STAGE device=0 nodes=1274 begin_us=33827041 end_us=33831645 reused=1
E026_STAGE device=0 nodes=1274 begin_us=33843445 end_us=33848104 reused=1
E026_STAGE device=0 nodes=1274 begin_us=33859681 end_us=33864293 reused=1
E026_STAGE device=0 nodes=1274 begin_us=33876173 end_us=33880789 reused=1
E026_STAGE device=0 nodes=1274 begin_us=33891783 end_us=33896405 reused=1
E026_STAGE device=0 nodes=1274 begin_us=33909847 end_us=33914464 reused=1
E026_STAGE device=0 nodes=1274 begin_us=33926058 end_us=33930661 reused=1
E026_STAGE device=0 nodes=1274 begin_us=33942267 end_us=33946858 reused=1
E026_STAGE device=0 nodes=1274 begin_us=33959448 end_us=33963979 reused=1
E026_STAGE device=0 nodes=1274 begin_us=33975335 end_us=33979918 reused=1
E026_STAGE device=0 nodes=1274 begin_us=33990726 end_us=33995262 reused=1
E026_STAGE device=0 nodes=1274 begin_us=34007230 end_us=34011817 reused=1
E026_STAGE device=0 nodes=1274 begin_us=34023544 end_us=34028132 reused=1
E026_STAGE device=0 nodes=1274 begin_us=34039278 end_us=34043830 reused=1
E026_STAGE device=0 nodes=1274 begin_us=34055740 end_us=34060330 reused=1
E026_STAGE device=0 nodes=1274 begin_us=34071873 end_us=34076430 reused=1
E026_STAGE device=0 nodes=1274 begin_us=34087365 end_us=34091941 reused=1
E026_STAGE device=0 nodes=1274 begin_us=34103186 end_us=34107929 reused=1
E026_STAGE device=0 nodes=1274 begin_us=34120594 end_us=34125230 reused=1
E026_STAGE device=0 nodes=1274 begin_us=34136468 end_us=34141399 reused=1
E026_STAGE device=0 nodes=1274 begin_us=34153092 end_us=34157706 reused=1
E026_STAGE device=0 nodes=1274 begin_us=34168736 end_us=34173323 reused=1
E026_STAGE device=0 nodes=1274 begin_us=34184289 end_us=34189219 reused=1
E026_STAGE device=0 nodes=1274 begin_us=34200688 end_us=34205593 reused=1
E026_STAGE device=0 nodes=1274 begin_us=34216611 end_us=34221191 reused=1
E026_STAGE device=0 nodes=1274 begin_us=34232819 end_us=34237774 reused=1
E026_STAGE device=0 nodes=1274 begin_us=34249942 end_us=34254818 reused=1
E026_STAGE device=0 nodes=1274 begin_us=34265873 end_us=34270463 reused=1
E026_STAGE device=0 nodes=1274 begin_us=34281445 end_us=34286705 reused=1
E026_STAGE device=0 nodes=1274 begin_us=34298104 end_us=34302652 reused=1
E026_STAGE device=0 nodes=1274 begin_us=34313484 end_us=34318535 reused=1
E026_STAGE device=0 nodes=1274 begin_us=34329333 end_us=34333864 reused=1
E026_STAGE device=0 nodes=1274 begin_us=34346133 end_us=34350754 reused=1
E026_STAGE device=0 nodes=1274 begin_us=34362899 end_us=34367499 reused=1
E026_STAGE device=0 nodes=1274 begin_us=34379460 end_us=34384407 reused=1
E026_STAGE device=0 nodes=1274 begin_us=34395965 end_us=34400639 reused=1
E026_STAGE device=0 nodes=1274 begin_us=34411694 end_us=34416269 reused=1
E026_STAGE device=0 nodes=1274 begin_us=34427296 end_us=34431841 reused=1
E026_STAGE device=0 nodes=1274 begin_us=34444229 end_us=34448785 reused=1
ggml_backend_cuda_graph_compute: CUDA graph warmup reset
E026_STAGE device=0 nodes=1274 begin_us=34781552 end_us=34793956 reused=0
E026_STAGE device=0 nodes=1274 begin_us=34997879 end_us=35006107 reused=0
E026_STAGE device=0 nodes=1274 begin_us=35029221 end_us=35036194 reused=0
ggml_backend_cuda_graph_compute: CUDA graph warmup complete
E026_STAGE device=0 nodes=1274 begin_us=35051381 end_us=35057570 reused=1
E026_STAGE device=0 nodes=1274 begin_us=35070312 end_us=35074924 reused=1
E026_STAGE device=0 nodes=1274 begin_us=35086511 end_us=35091122 reused=1
E026_STAGE device=0 nodes=1274 begin_us=35101941 end_us=35106533 reused=1
E026_STAGE device=0 nodes=1274 begin_us=35118612 end_us=35123242 reused=1
E026_STAGE device=0 nodes=1274 begin_us=35135383 end_us=35141004 reused=1
E026_STAGE device=0 nodes=1274 begin_us=35153117 end_us=35158688 reused=1
E026_STAGE device=0 nodes=1274 begin_us=35170345 end_us=35174964 reused=1
E026_STAGE device=0 nodes=1274 begin_us=35187678 end_us=35192273 reused=1
E026_STAGE device=0 nodes=1274 begin_us=35203562 end_us=35208162 reused=1
E026_STAGE device=0 nodes=1274 begin_us=35219069 end_us=35223604 reused=1
E026_STAGE device=0 nodes=1274 begin_us=35234967 end_us=35240091 reused=1
E026_STAGE device=0 nodes=1274 begin_us=35251611 end_us=35256416 reused=1
E026_STAGE device=0 nodes=1274 begin_us=35268044 end_us=35272974 reused=1
E026_STAGE device=0 nodes=1274 begin_us=35285531 end_us=35291005 reused=1
E026_STAGE device=0 nodes=1274 begin_us=35302435 end_us=35307468 reused=1
E026_STAGE device=0 nodes=1274 begin_us=35318760 end_us=35323663 reused=1
E026_STAGE device=0 nodes=1274 begin_us=35334756 end_us=35339375 reused=1
E026_STAGE device=0 nodes=1274 begin_us=35350277 end_us=35354826 reused=1
E026_STAGE device=0 nodes=1274 begin_us=35365936 end_us=35370556 reused=1
E026_STAGE device=0 nodes=1274 begin_us=35382137 end_us=35387066 reused=1
E026_STAGE device=0 nodes=1274 begin_us=35400035 end_us=35405766 reused=1
E026_STAGE device=0 nodes=1274 begin_us=35417246 end_us=35422010 reused=1
E026_STAGE device=0 nodes=1274 begin_us=35433060 end_us=35437656 reused=1
E026_STAGE device=0 nodes=1274 begin_us=35448673 end_us=35453234 reused=1
E026_STAGE device=0 nodes=1274 begin_us=35465321 end_us=35470125 reused=1
E026_STAGE device=0 nodes=1274 begin_us=35481622 end_us=35486191 reused=1
E026_STAGE device=0 nodes=1274 begin_us=35497706 end_us=35502271 reused=1
E026_STAGE device=0 nodes=1274 begin_us=35513975 end_us=35518578 reused=1
E026_STAGE device=0 nodes=1274 begin_us=35530311 end_us=35534869 reused=1
E026_STAGE device=0 nodes=1274 begin_us=35546164 end_us=35550755 reused=1
E026_STAGE device=0 nodes=1274 begin_us=35562390 end_us=35566929 reused=1
E026_STAGE device=0 nodes=1274 begin_us=35578312 end_us=35582855 reused=1
E026_STAGE device=0 nodes=1274 begin_us=35593989 end_us=35598566 reused=1
E026_STAGE device=0 nodes=1274 begin_us=35610196 end_us=35615181 reused=1
E026_STAGE device=0 nodes=1274 begin_us=35626958 end_us=35631614 reused=1
E026_STAGE device=0 nodes=1274 begin_us=35642782 end_us=35647822 reused=1
E026_STAGE device=0 nodes=1274 begin_us=35660480 end_us=35665032 reused=1
E026_STAGE device=0 nodes=1274 begin_us=35676053 end_us=35680650 reused=1
E026_STAGE device=0 nodes=1274 begin_us=35691529 end_us=35696519 reused=1
E026_STAGE device=0 nodes=1274 begin_us=35708613 end_us=35713254 reused=1
E026_STAGE device=0 nodes=1274 begin_us=35725020 end_us=35729631 reused=1
E026_STAGE device=0 nodes=1274 begin_us=35740898 end_us=35745825 reused=1
E026_STAGE device=0 nodes=1274 begin_us=35757626 end_us=35762222 reused=1
E026_STAGE device=0 nodes=1274 begin_us=35773365 end_us=35777955 reused=1
E026_STAGE device=0 nodes=1274 begin_us=35788869 end_us=35793458 reused=1
E026_STAGE device=0 nodes=1274 begin_us=35805080 end_us=35809728 reused=1
E026_STAGE device=0 nodes=1274 begin_us=35821054 end_us=35825643 reused=1
E026_STAGE device=0 nodes=1274 begin_us=35836604 end_us=35841529 reused=1
E026_STAGE device=0 nodes=1274 begin_us=35852668 end_us=35857538 reused=1
E026_STAGE device=0 nodes=1274 begin_us=35869102 end_us=35873694 reused=1
E026_STAGE device=0 nodes=1274 begin_us=35885110 end_us=35890119 reused=1
E026_STAGE device=0 nodes=1274 begin_us=35901427 end_us=35906331 reused=1
E026_STAGE device=0 nodes=1274 begin_us=35917472 end_us=35922048 reused=1
E026_STAGE device=0 nodes=1274 begin_us=35934059 end_us=35939160 reused=1
E026_STAGE device=0 nodes=1274 begin_us=35950417 end_us=35954981 reused=1
E026_STAGE device=0 nodes=1274 begin_us=35966134 end_us=35970704 reused=1
E026_STAGE device=0 nodes=1274 begin_us=35981899 end_us=35986529 reused=1
E026_STAGE device=0 nodes=1274 begin_us=35998228 end_us=36003007 reused=1
E026_STAGE device=0 nodes=1274 begin_us=36015297 end_us=36020219 reused=1
E026_STAGE device=0 nodes=1274 begin_us=36032701 end_us=36037599 reused=1
E026_STAGE device=0 nodes=1274 begin_us=36048816 end_us=36053423 reused=1
ggml_backend_cuda_graph_compute: CUDA graph warmup reset
E026_STAGE device=0 nodes=1274 begin_us=36507725 end_us=36557503 reused=0
E026_STAGE device=0 nodes=1274 begin_us=36695218 end_us=36744188 reused=0
E026_STAGE device=0 nodes=1274 begin_us=36911913 end_us=36961796 reused=0
E026_STAGE device=0 nodes=1274 begin_us=37105382 end_us=37154293 reused=0
E026_STAGE device=0 nodes=1274 begin_us=37282011 end_us=37332480 reused=0
E026_STAGE device=0 nodes=1274 begin_us=37479755 end_us=37530209 reused=0
E026_STAGE device=0 nodes=1274 begin_us=37672441 end_us=37723324 reused=0
E026_STAGE device=0 nodes=1274 begin_us=37854575 end_us=37905345 reused=0
E026_STAGE device=0 nodes=1274 begin_us=38055647 end_us=38105642 reused=0
E026_STAGE device=0 nodes=1274 begin_us=38240313 end_us=38292212 reused=0
E026_STAGE device=0 nodes=1274 begin_us=38427933 end_us=38480410 reused=0
E026_STAGE device=0 nodes=1274 begin_us=38623483 end_us=38676693 reused=0
E026_STAGE device=0 nodes=1274 begin_us=38859588 end_us=38912705 reused=0
E026_STAGE device=0 nodes=1274 begin_us=39078554 end_us=39129424 reused=0
E026_STAGE device=0 nodes=1274 begin_us=39237502 end_us=39273020 reused=0
E026_STAGE device=0 nodes=1274 begin_us=39570235 end_us=39622686 reused=0
E026_STAGE device=0 nodes=1274 begin_us=39848183 end_us=39856031 reused=0
E026_STAGE device=0 nodes=1274 begin_us=39879705 end_us=39889496 reused=0
ggml_backend_cuda_graph_compute: CUDA graph warmup complete
E026_STAGE device=0 nodes=1274 begin_us=39909690 end_us=39917620 reused=1
E026_STAGE device=0 nodes=1274 begin_us=39931606 end_us=39936676 reused=1
E026_STAGE device=0 nodes=1274 begin_us=39948196 end_us=39953121 reused=1
E026_STAGE device=0 nodes=1274 begin_us=39964447 end_us=39969161 reused=1
E026_STAGE device=0 nodes=1274 begin_us=39980760 end_us=39985450 reused=1
E026_STAGE device=0 nodes=1274 begin_us=39996483 end_us=40001179 reused=1
E026_STAGE device=0 nodes=1274 begin_us=40012819 end_us=40017533 reused=1
E026_STAGE device=0 nodes=1274 begin_us=40030917 end_us=40035621 reused=1
E026_STAGE device=0 nodes=1274 begin_us=40047591 end_us=40052319 reused=1
E026_STAGE device=0 nodes=1274 begin_us=40064308 end_us=40069048 reused=1
E026_STAGE device=0 nodes=1274 begin_us=40080323 end_us=40085399 reused=1
E026_STAGE device=0 nodes=1274 begin_us=40096805 end_us=40101539 reused=1
E026_STAGE device=0 nodes=1274 begin_us=40112730 end_us=40117421 reused=1
E026_STAGE device=0 nodes=1274 begin_us=40128602 end_us=40133305 reused=1
E026_STAGE device=0 nodes=1274 begin_us=40145056 end_us=40149761 reused=1
E026_STAGE device=0 nodes=1274 begin_us=40161319 end_us=40166021 reused=1
E026_STAGE device=0 nodes=1274 begin_us=40177748 end_us=40182806 reused=1
E026_STAGE device=0 nodes=1274 begin_us=40195012 end_us=40199702 reused=1
E026_STAGE device=0 nodes=1274 begin_us=40212075 end_us=40216810 reused=1
E026_STAGE device=0 nodes=1274 begin_us=40228105 end_us=40232840 reused=1
E026_STAGE device=0 nodes=1274 begin_us=40245502 end_us=40250220 reused=1
E026_STAGE device=0 nodes=1274 begin_us=40262812 end_us=40267541 reused=1
E026_STAGE device=0 nodes=1274 begin_us=40279193 end_us=40283925 reused=1
E026_STAGE device=0 nodes=1274 begin_us=40295490 end_us=40300209 reused=1
E026_STAGE device=0 nodes=1274 begin_us=40311783 end_us=40316510 reused=1
E026_STAGE device=0 nodes=1274 begin_us=40328101 end_us=40332777 reused=1
E026_STAGE device=0 nodes=1274 begin_us=40345639 end_us=40350330 reused=1
E026_STAGE device=0 nodes=1274 begin_us=40361662 end_us=40366331 reused=1
E026_STAGE device=0 nodes=1274 begin_us=40378861 end_us=40383563 reused=1
E026_STAGE device=0 nodes=1274 begin_us=40395487 end_us=40400197 reused=1
E026_STAGE device=0 nodes=1274 begin_us=40411953 end_us=40417473 reused=1
E026_STAGE device=0 nodes=1274 begin_us=40430214 end_us=40435173 reused=1
E026_STAGE device=0 nodes=1274 begin_us=40447482 end_us=40452236 reused=1
E026_STAGE device=0 nodes=1274 begin_us=40463533 end_us=40468219 reused=1
E026_STAGE device=0 nodes=1274 begin_us=40480174 end_us=40484899 reused=1
E026_STAGE device=0 nodes=1274 begin_us=40496374 end_us=40501089 reused=1
E026_STAGE device=0 nodes=1274 begin_us=40513118 end_us=40517856 reused=1
E026_STAGE device=0 nodes=1274 begin_us=40529360 end_us=40534083 reused=1
E026_STAGE device=0 nodes=1274 begin_us=40545175 end_us=40549894 reused=1
E026_STAGE device=0 nodes=1274 begin_us=40561175 end_us=40565846 reused=1
E026_STAGE device=0 nodes=1274 begin_us=40577652 end_us=40582330 reused=1
E026_STAGE device=0 nodes=1274 begin_us=40594542 end_us=40599291 reused=1
E026_STAGE device=0 nodes=1274 begin_us=40611711 end_us=40616449 reused=1
E026_STAGE device=0 nodes=1274 begin_us=40628502 end_us=40633190 reused=1
E026_STAGE device=0 nodes=1274 begin_us=40644330 end_us=40648994 reused=1
E026_STAGE device=0 nodes=1274 begin_us=40661538 end_us=40666299 reused=1
E026_STAGE device=0 nodes=1274 begin_us=40677672 end_us=40682351 reused=1
E026_STAGE device=0 nodes=1274 begin_us=40694596 end_us=40699274 reused=1
E026_STAGE device=0 nodes=1274 begin_us=40711316 end_us=40716083 reused=1
E026_STAGE device=0 nodes=1274 begin_us=40727998 end_us=40732681 reused=1
E026_STAGE device=0 nodes=1274 begin_us=40744240 end_us=40749336 reused=1
E026_STAGE device=0 nodes=1274 begin_us=40760898 end_us=40765616 reused=1
E026_STAGE device=0 nodes=1274 begin_us=40776936 end_us=40781639 reused=1
E026_STAGE device=0 nodes=1274 begin_us=40792891 end_us=40797604 reused=1
E026_STAGE device=0 nodes=1274 begin_us=40809630 end_us=40814412 reused=1
E026_STAGE device=0 nodes=1274 begin_us=40826041 end_us=40830755 reused=1
E026_STAGE device=0 nodes=1274 begin_us=40842812 end_us=40847539 reused=1
E026_STAGE device=0 nodes=1274 begin_us=40861518 end_us=40866252 reused=1
E026_STAGE device=0 nodes=1274 begin_us=40878922 end_us=40883691 reused=1
E026_STAGE device=0 nodes=1274 begin_us=40895436 end_us=40900145 reused=1
E026_STAGE device=0 nodes=1274 begin_us=40911541 end_us=40916371 reused=1
E026_STAGE device=0 nodes=1274 begin_us=40928305 end_us=40933063 reused=1
recv failed (bytes_recv=0, size_to_recv=1)
Client connection closed
