ggml_cuda_init: found 1 CUDA devices (Total VRAM: 32606 MiB):
  Device 0: NVIDIA GeForce RTX 5090, compute capability 12.0, VMM: yes, VRAM: 32606 MiB
Starting RPC server v6.0.0
  endpoint       : 127.0.0.1:42631
  local cache    : C:\Users\Simon\OneDrive\Documents\Python Scripts\swarm-inference-lab\.runtime\experiment-026\logical-rpc-cache-0\rpc\
Devices:
  CUDA0: NVIDIA GeForce RTX 5090 (32606 MiB, 30927 MiB free)
  transport      : TCP
Accepted client connection
Client connection closed
Accepted client connection
Client connection closed
Accepted client connection
Client connection closed
Accepted client connection
Client connection closed
Accepted client connection
Client connection closed
Accepted client connection
Client connection closed
Accepted client connection
Client connection closed
Accepted client connection
[set_tensor] saved to 'C:\Users\Simon\OneDrive\Documents\Python Scripts\swarm-inference-lab\.runtime\experiment-026\logical-rpc-cache-0\rpc\b2ffafe6b9d4e0b6'
[set_tensor] saved to 'C:\Users\Simon\OneDrive\Documents\Python Scripts\swarm-inference-lab\.runtime\experiment-026\logical-rpc-cache-0\rpc\c406401c90742f27'
[set_tensor] saved to 'C:\Users\Simon\OneDrive\Documents\Python Scripts\swarm-inference-lab\.runtime\experiment-026\logical-rpc-cache-0\rpc\8e1c6b8484735d67'
[set_tensor] saved to 'C:\Users\Simon\OneDrive\Documents\Python Scripts\swarm-inference-lab\.runtime\experiment-026\logical-rpc-cache-0\rpc\a40d5608714418fa'
[set_tensor] saved to 'C:\Users\Simon\OneDrive\Documents\Python Scripts\swarm-inference-lab\.runtime\experiment-026\logical-rpc-cache-0\rpc\97367076177e9d4e'
[set_tensor] saved to 'C:\Users\Simon\OneDrive\Documents\Python Scripts\swarm-inference-lab\.runtime\experiment-026\logical-rpc-cache-0\rpc\f0ffe2eac5d7b9e4'
[set_tensor] saved to 'C:\Users\Simon\OneDrive\Documents\Python Scripts\swarm-inference-lab\.runtime\experiment-026\logical-rpc-cache-0\rpc\c240cd6b81485a6a'
[set_tensor] saved to 'C:\Users\Simon\OneDrive\Documents\Python Scripts\swarm-inference-lab\.runtime\experiment-026\logical-rpc-cache-0\rpc\d49fbb62822d47d3'
[set_tensor] saved to 'C:\Users\Simon\OneDrive\Documents\Python Scripts\swarm-inference-lab\.runtime\experiment-026\logical-rpc-cache-0\rpc\6b8639fcbaa6d1f7'
[set_tensor] saved to 'C:\Users\Simon\OneDrive\Documents\Python Scripts\swarm-inference-lab\.runtime\experiment-026\logical-rpc-cache-0\rpc\a5fbc26beb324020'
[set_tensor] saved to 'C:\Users\Simon\OneDrive\Documents\Python Scripts\swarm-inference-lab\.runtime\experiment-026\logical-rpc-cache-0\rpc\fde9a40e9a7c163c'
[set_tensor] saved to 'C:\Users\Simon\OneDrive\Documents\Python Scripts\swarm-inference-lab\.runtime\experiment-026\logical-rpc-cache-0\rpc\5b6e7b90fd39a18e'
[set_tensor] saved to 'C:\Users\Simon\OneDrive\Documents\Python Scripts\swarm-inference-lab\.runtime\experiment-026\logical-rpc-cache-0\rpc\8da14d9225694f96'
[set_tensor] saved to 'C:\Users\Simon\OneDrive\Documents\Python Scripts\swarm-inference-lab\.runtime\experiment-026\logical-rpc-cache-0\rpc\1105e9e07d9ceba0'
[set_tensor] saved to 'C:\Users\Simon\OneDrive\Documents\Python Scripts\swarm-inference-lab\.runtime\experiment-026\logical-rpc-cache-0\rpc\178881026f136f08'
[set_tensor] saved to 'C:\Users\Simon\OneDrive\Documents\Python Scripts\swarm-inference-lab\.runtime\experiment-026\logical-rpc-cache-0\rpc\bf9ac9e19b7e3d31'
[set_tensor] saved to 'C:\Users\Simon\OneDrive\Documents\Python Scripts\swarm-inference-lab\.runtime\experiment-026\logical-rpc-cache-0\rpc\fa552f98584f97ab'
[set_tensor] saved to 'C:\Users\Simon\OneDrive\Documents\Python Scripts\swarm-inference-lab\.runtime\experiment-026\logical-rpc-cache-0\rpc\e2f0f5a56e2aaf15'
[set_tensor] saved to 'C:\Users\Simon\OneDrive\Documents\Python Scripts\swarm-inference-lab\.runtime\experiment-026\logical-rpc-cache-0\rpc\90fdc1b65205b128'
[set_tensor] saved to 'C:\Users\Simon\OneDrive\Documents\Python Scripts\swarm-inference-lab\.runtime\experiment-026\logical-rpc-cache-0\rpc\e834ec431148e1e2'
[set_tensor] saved to 'C:\Users\Simon\OneDrive\Documents\Python Scripts\swarm-inference-lab\.runtime\experiment-026\logical-rpc-cache-0\rpc\038448a315605d05'
[set_tensor] saved to 'C:\Users\Simon\OneDrive\Documents\Python Scripts\swarm-inference-lab\.runtime\experiment-026\logical-rpc-cache-0\rpc\2db11baf63c4d375'
[set_tensor] saved to 'C:\Users\Simon\OneDrive\Documents\Python Scripts\swarm-inference-lab\.runtime\experiment-026\logical-rpc-cache-0\rpc\b5bf005d54cad99f'
[set_tensor] saved to 'C:\Users\Simon\OneDrive\Documents\Python Scripts\swarm-inference-lab\.runtime\experiment-026\logical-rpc-cache-0\rpc\b66b8fbd6279aa26'
[set_tensor] saved to 'C:\Users\Simon\OneDrive\Documents\Python Scripts\swarm-inference-lab\.runtime\experiment-026\logical-rpc-cache-0\rpc\582a117514147782'
[set_tensor] saved to 'C:\Users\Simon\OneDrive\Documents\Python Scripts\swarm-inference-lab\.runtime\experiment-026\logical-rpc-cache-0\rpc\7cb395c4d8043508'
[set_tensor] saved to 'C:\Users\Simon\OneDrive\Documents\Python Scripts\swarm-inference-lab\.runtime\experiment-026\logical-rpc-cache-0\rpc\240462a3431f3d05'
[set_tensor] saved to 'C:\Users\Simon\OneDrive\Documents\Python Scripts\swarm-inference-lab\.runtime\experiment-026\logical-rpc-cache-0\rpc\ed6aa70ab9eb56f1'
[set_tensor] saved to 'C:\Users\Simon\OneDrive\Documents\Python Scripts\swarm-inference-lab\.runtime\experiment-026\logical-rpc-cache-0\rpc\358c362d038b631a'
[set_tensor] saved to 'C:\Users\Simon\OneDrive\Documents\Python Scripts\swarm-inference-lab\.runtime\experiment-026\logical-rpc-cache-0\rpc\30668606c9ea1112'
[set_tensor] saved to 'C:\Users\Simon\OneDrive\Documents\Python Scripts\swarm-inference-lab\.runtime\experiment-026\logical-rpc-cache-0\rpc\30aafa7e4cded5ae'
[set_tensor] saved to 'C:\Users\Simon\OneDrive\Documents\Python Scripts\swarm-inference-lab\.runtime\experiment-026\logical-rpc-cache-0\rpc\3d6d7b6042380aec'
[set_tensor] saved to 'C:\Users\Simon\OneDrive\Documents\Python Scripts\swarm-inference-lab\.runtime\experiment-026\logical-rpc-cache-0\rpc\4f28883e179b326c'
[set_tensor] saved to 'C:\Users\Simon\OneDrive\Documents\Python Scripts\swarm-inference-lab\.runtime\experiment-026\logical-rpc-cache-0\rpc\e3a5e42ee512e3ae'
[set_tensor] saved to 'C:\Users\Simon\OneDrive\Documents\Python Scripts\swarm-inference-lab\.runtime\experiment-026\logical-rpc-cache-0\rpc\3d7ccd8030ac7aa5'
[set_tensor] saved to 'C:\Users\Simon\OneDrive\Documents\Python Scripts\swarm-inference-lab\.runtime\experiment-026\logical-rpc-cache-0\rpc\13934319cd3d84a2'
[set_tensor] saved to 'C:\Users\Simon\OneDrive\Documents\Python Scripts\swarm-inference-lab\.runtime\experiment-026\logical-rpc-cache-0\rpc\e09e5a87beb19bb9'
[set_tensor] saved to 'C:\Users\Simon\OneDrive\Documents\Python Scripts\swarm-inference-lab\.runtime\experiment-026\logical-rpc-cache-0\rpc\2970f3cd96f0e787'
[set_tensor] saved to 'C:\Users\Simon\OneDrive\Documents\Python Scripts\swarm-inference-lab\.runtime\experiment-026\logical-rpc-cache-0\rpc\a1d034367912c2c8'
[set_tensor] saved to 'C:\Users\Simon\OneDrive\Documents\Python Scripts\swarm-inference-lab\.runtime\experiment-026\logical-rpc-cache-0\rpc\f43370cfdb0adbd5'
[set_tensor] saved to 'C:\Users\Simon\OneDrive\Documents\Python Scripts\swarm-inference-lab\.runtime\experiment-026\logical-rpc-cache-0\rpc\006a116e2791aafb'
[set_tensor] saved to 'C:\Users\Simon\OneDrive\Documents\Python Scripts\swarm-inference-lab\.runtime\experiment-026\logical-rpc-cache-0\rpc\fffe16879088ccaf'
[set_tensor] saved to 'C:\Users\Simon\OneDrive\Documents\Python Scripts\swarm-inference-lab\.runtime\experiment-026\logical-rpc-cache-0\rpc\55360961c089667b'
[set_tensor] saved to 'C:\Users\Simon\OneDrive\Documents\Python Scripts\swarm-inference-lab\.runtime\experiment-026\logical-rpc-cache-0\rpc\cc23126bd97ee376'
[set_tensor] saved to 'C:\Users\Simon\OneDrive\Documents\Python Scripts\swarm-inference-lab\.runtime\experiment-026\logical-rpc-cache-0\rpc\3331c603d9e0d995'
[set_tensor] saved to 'C:\Users\Simon\OneDrive\Documents\Python Scripts\swarm-inference-lab\.runtime\experiment-026\logical-rpc-cache-0\rpc\28fe7b8002e1c388'
[set_tensor] saved to 'C:\Users\Simon\OneDrive\Documents\Python Scripts\swarm-inference-lab\.runtime\experiment-026\logical-rpc-cache-0\rpc\4c63e3724fcc0795'
[set_tensor] saved to 'C:\Users\Simon\OneDrive\Documents\Python Scripts\swarm-inference-lab\.runtime\experiment-026\logical-rpc-cache-0\rpc\343b5869a3744443'
[set_tensor] saved to 'C:\Users\Simon\OneDrive\Documents\Python Scripts\swarm-inference-lab\.runtime\experiment-026\logical-rpc-cache-0\rpc\b5d57607e1c89b23'
[set_tensor] saved to 'C:\Users\Simon\OneDrive\Documents\Python Scripts\swarm-inference-lab\.runtime\experiment-026\logical-rpc-cache-0\rpc\e9ee9abaf6b53607'
[set_tensor] saved to 'C:\Users\Simon\OneDrive\Documents\Python Scripts\swarm-inference-lab\.runtime\experiment-026\logical-rpc-cache-0\rpc\a44d26ef1069f2ca'
[set_tensor] saved to 'C:\Users\Simon\OneDrive\Documents\Python Scripts\swarm-inference-lab\.runtime\experiment-026\logical-rpc-cache-0\rpc\ae211a31ff33d542'
[set_tensor] saved to 'C:\Users\Simon\OneDrive\Documents\Python Scripts\swarm-inference-lab\.runtime\experiment-026\logical-rpc-cache-0\rpc\678ef33ef091fd46'
[set_tensor] saved to 'C:\Users\Simon\OneDrive\Documents\Python Scripts\swarm-inference-lab\.runtime\experiment-026\logical-rpc-cache-0\rpc\0b6402089fb71427'
[set_tensor] saved to 'C:\Users\Simon\OneDrive\Documents\Python Scripts\swarm-inference-lab\.runtime\experiment-026\logical-rpc-cache-0\rpc\822b517c983933cd'
[set_tensor] saved to 'C:\Users\Simon\OneDrive\Documents\Python Scripts\swarm-inference-lab\.runtime\experiment-026\logical-rpc-cache-0\rpc\4b79b005db049447'
[set_tensor] saved to 'C:\Users\Simon\OneDrive\Documents\Python Scripts\swarm-inference-lab\.runtime\experiment-026\logical-rpc-cache-0\rpc\9e6de077a162b40b'
[set_tensor] saved to 'C:\Users\Simon\OneDrive\Documents\Python Scripts\swarm-inference-lab\.runtime\experiment-026\logical-rpc-cache-0\rpc\a3b42ff189f8dca4'
[set_tensor] saved to 'C:\Users\Simon\OneDrive\Documents\Python Scripts\swarm-inference-lab\.runtime\experiment-026\logical-rpc-cache-0\rpc\271d0e724fd9dcd2'
[set_tensor] saved to 'C:\Users\Simon\OneDrive\Documents\Python Scripts\swarm-inference-lab\.runtime\experiment-026\logical-rpc-cache-0\rpc\5c2f68e080bcbfb5'
[set_tensor] saved to 'C:\Users\Simon\OneDrive\Documents\Python Scripts\swarm-inference-lab\.runtime\experiment-026\logical-rpc-cache-0\rpc\e5e90a16751af795'
[set_tensor] saved to 'C:\Users\Simon\OneDrive\Documents\Python Scripts\swarm-inference-lab\.runtime\experiment-026\logical-rpc-cache-0\rpc\7744cc364280013c'
[set_tensor] saved to 'C:\Users\Simon\OneDrive\Documents\Python Scripts\swarm-inference-lab\.runtime\experiment-026\logical-rpc-cache-0\rpc\64319f5dc961a0de'
[set_tensor] saved to 'C:\Users\Simon\OneDrive\Documents\Python Scripts\swarm-inference-lab\.runtime\experiment-026\logical-rpc-cache-0\rpc\0a2324b95512fa93'
[set_tensor] saved to 'C:\Users\Simon\OneDrive\Documents\Python Scripts\swarm-inference-lab\.runtime\experiment-026\logical-rpc-cache-0\rpc\3d6d9e8c023038a3'
[set_tensor] saved to 'C:\Users\Simon\OneDrive\Documents\Python Scripts\swarm-inference-lab\.runtime\experiment-026\logical-rpc-cache-0\rpc\257852e579c6599d'
[set_tensor] saved to 'C:\Users\Simon\OneDrive\Documents\Python Scripts\swarm-inference-lab\.runtime\experiment-026\logical-rpc-cache-0\rpc\62bc3b848b0a538b'
[set_tensor] saved to 'C:\Users\Simon\OneDrive\Documents\Python Scripts\swarm-inference-lab\.runtime\experiment-026\logical-rpc-cache-0\rpc\809f743de7e89857'
[set_tensor] saved to 'C:\Users\Simon\OneDrive\Documents\Python Scripts\swarm-inference-lab\.runtime\experiment-026\logical-rpc-cache-0\rpc\e4f24ff1fac1d73c'
[set_tensor] saved to 'C:\Users\Simon\OneDrive\Documents\Python Scripts\swarm-inference-lab\.runtime\experiment-026\logical-rpc-cache-0\rpc\2d0d250dc635abdd'
[set_tensor] saved to 'C:\Users\Simon\OneDrive\Documents\Python Scripts\swarm-inference-lab\.runtime\experiment-026\logical-rpc-cache-0\rpc\d03dcf898627e31a'
[set_tensor] saved to 'C:\Users\Simon\OneDrive\Documents\Python Scripts\swarm-inference-lab\.runtime\experiment-026\logical-rpc-cache-0\rpc\8e7ef7fcd4a9de60'
[set_tensor] saved to 'C:\Users\Simon\OneDrive\Documents\Python Scripts\swarm-inference-lab\.runtime\experiment-026\logical-rpc-cache-0\rpc\e8d1485b3464a712'
[set_tensor] saved to 'C:\Users\Simon\OneDrive\Documents\Python Scripts\swarm-inference-lab\.runtime\experiment-026\logical-rpc-cache-0\rpc\65b3b767f204af3d'
[set_tensor] saved to 'C:\Users\Simon\OneDrive\Documents\Python Scripts\swarm-inference-lab\.runtime\experiment-026\logical-rpc-cache-0\rpc\b0a6678d02df30a1'
[set_tensor] saved to 'C:\Users\Simon\OneDrive\Documents\Python Scripts\swarm-inference-lab\.runtime\experiment-026\logical-rpc-cache-0\rpc\c1da08e964119372'
[set_tensor] saved to 'C:\Users\Simon\OneDrive\Documents\Python Scripts\swarm-inference-lab\.runtime\experiment-026\logical-rpc-cache-0\rpc\12b4a1785cf8d767'
[set_tensor] saved to 'C:\Users\Simon\OneDrive\Documents\Python Scripts\swarm-inference-lab\.runtime\experiment-026\logical-rpc-cache-0\rpc\ad121e322f030f44'
[set_tensor] saved to 'C:\Users\Simon\OneDrive\Documents\Python Scripts\swarm-inference-lab\.runtime\experiment-026\logical-rpc-cache-0\rpc\52a05550705a3447'
[set_tensor] saved to 'C:\Users\Simon\OneDrive\Documents\Python Scripts\swarm-inference-lab\.runtime\experiment-026\logical-rpc-cache-0\rpc\bc8caff75b231f12'
[set_tensor] saved to 'C:\Users\Simon\OneDrive\Documents\Python Scripts\swarm-inference-lab\.runtime\experiment-026\logical-rpc-cache-0\rpc\c5013cf3de12f0e7'
[set_tensor] saved to 'C:\Users\Simon\OneDrive\Documents\Python Scripts\swarm-inference-lab\.runtime\experiment-026\logical-rpc-cache-0\rpc\fc856fc4b1090bef'
[set_tensor] saved to 'C:\Users\Simon\OneDrive\Documents\Python Scripts\swarm-inference-lab\.runtime\experiment-026\logical-rpc-cache-0\rpc\c0ae9761ff6e17b8'
[set_tensor] saved to 'C:\Users\Simon\OneDrive\Documents\Python Scripts\swarm-inference-lab\.runtime\experiment-026\logical-rpc-cache-0\rpc\e5df4993f0817da3'
[set_tensor] saved to 'C:\Users\Simon\OneDrive\Documents\Python Scripts\swarm-inference-lab\.runtime\experiment-026\logical-rpc-cache-0\rpc\bb5964d2038fa79f'
[set_tensor] saved to 'C:\Users\Simon\OneDrive\Documents\Python Scripts\swarm-inference-lab\.runtime\experiment-026\logical-rpc-cache-0\rpc\9cfc114cc5043b68'
[set_tensor] saved to 'C:\Users\Simon\OneDrive\Documents\Python Scripts\swarm-inference-lab\.runtime\experiment-026\logical-rpc-cache-0\rpc\993226b8a25c6df0'
[set_tensor] saved to 'C:\Users\Simon\OneDrive\Documents\Python Scripts\swarm-inference-lab\.runtime\experiment-026\logical-rpc-cache-0\rpc\50291d2884f70874'
[set_tensor] saved to 'C:\Users\Simon\OneDrive\Documents\Python Scripts\swarm-inference-lab\.runtime\experiment-026\logical-rpc-cache-0\rpc\50ddd9a068a41d23'
[set_tensor] saved to 'C:\Users\Simon\OneDrive\Documents\Python Scripts\swarm-inference-lab\.runtime\experiment-026\logical-rpc-cache-0\rpc\d511f1f4539b8411'
[set_tensor] saved to 'C:\Users\Simon\OneDrive\Documents\Python Scripts\swarm-inference-lab\.runtime\experiment-026\logical-rpc-cache-0\rpc\877fc43041314dd7'
[set_tensor] saved to 'C:\Users\Simon\OneDrive\Documents\Python Scripts\swarm-inference-lab\.runtime\experiment-026\logical-rpc-cache-0\rpc\f3929f6908141186'
[set_tensor] saved to 'C:\Users\Simon\OneDrive\Documents\Python Scripts\swarm-inference-lab\.runtime\experiment-026\logical-rpc-cache-0\rpc\36d023e81d3eab3e'
[set_tensor] saved to 'C:\Users\Simon\OneDrive\Documents\Python Scripts\swarm-inference-lab\.runtime\experiment-026\logical-rpc-cache-0\rpc\773739763723d8fe'
[set_tensor] saved to 'C:\Users\Simon\OneDrive\Documents\Python Scripts\swarm-inference-lab\.runtime\experiment-026\logical-rpc-cache-0\rpc\a653938ce8b5af8e'
[set_tensor] saved to 'C:\Users\Simon\OneDrive\Documents\Python Scripts\swarm-inference-lab\.runtime\experiment-026\logical-rpc-cache-0\rpc\1e38c00c1d9f3602'
[set_tensor] saved to 'C:\Users\Simon\OneDrive\Documents\Python Scripts\swarm-inference-lab\.runtime\experiment-026\logical-rpc-cache-0\rpc\b4bc14c0425f1e9d'
[set_tensor] saved to 'C:\Users\Simon\OneDrive\Documents\Python Scripts\swarm-inference-lab\.runtime\experiment-026\logical-rpc-cache-0\rpc\341117faa9e41ae6'
[set_tensor] saved to 'C:\Users\Simon\OneDrive\Documents\Python Scripts\swarm-inference-lab\.runtime\experiment-026\logical-rpc-cache-0\rpc\32bf409121cba454'
[set_tensor] saved to 'C:\Users\Simon\OneDrive\Documents\Python Scripts\swarm-inference-lab\.runtime\experiment-026\logical-rpc-cache-0\rpc\8456eee18261f0d9'
[set_tensor] saved to 'C:\Users\Simon\OneDrive\Documents\Python Scripts\swarm-inference-lab\.runtime\experiment-026\logical-rpc-cache-0\rpc\392d76573341915f'
[set_tensor] saved to 'C:\Users\Simon\OneDrive\Documents\Python Scripts\swarm-inference-lab\.runtime\experiment-026\logical-rpc-cache-0\rpc\321169c1af4d09a7'
[set_tensor] saved to 'C:\Users\Simon\OneDrive\Documents\Python Scripts\swarm-inference-lab\.runtime\experiment-026\logical-rpc-cache-0\rpc\a80651089d9a0a36'
[set_tensor] saved to 'C:\Users\Simon\OneDrive\Documents\Python Scripts\swarm-inference-lab\.runtime\experiment-026\logical-rpc-cache-0\rpc\b0a945dec2005ed6'
[set_tensor] saved to 'C:\Users\Simon\OneDrive\Documents\Python Scripts\swarm-inference-lab\.runtime\experiment-026\logical-rpc-cache-0\rpc\dfb7fb309e3dc2e4'
[set_tensor] saved to 'C:\Users\Simon\OneDrive\Documents\Python Scripts\swarm-inference-lab\.runtime\experiment-026\logical-rpc-cache-0\rpc\4264b25adcd3ccae'
[set_tensor] saved to 'C:\Users\Simon\OneDrive\Documents\Python Scripts\swarm-inference-lab\.runtime\experiment-026\logical-rpc-cache-0\rpc\3112d35104c4fe8b'
[set_tensor] saved to 'C:\Users\Simon\OneDrive\Documents\Python Scripts\swarm-inference-lab\.runtime\experiment-026\logical-rpc-cache-0\rpc\46177b93e205bd08'
[set_tensor] saved to 'C:\Users\Simon\OneDrive\Documents\Python Scripts\swarm-inference-lab\.runtime\experiment-026\logical-rpc-cache-0\rpc\57f97d31cfbc86e1'
[set_tensor] saved to 'C:\Users\Simon\OneDrive\Documents\Python Scripts\swarm-inference-lab\.runtime\experiment-026\logical-rpc-cache-0\rpc\42c1935029dcb0a7'
[set_tensor] saved to 'C:\Users\Simon\OneDrive\Documents\Python Scripts\swarm-inference-lab\.runtime\experiment-026\logical-rpc-cache-0\rpc\a74497cc5e2bb32f'
[set_tensor] saved to 'C:\Users\Simon\OneDrive\Documents\Python Scripts\swarm-inference-lab\.runtime\experiment-026\logical-rpc-cache-0\rpc\10ae37cc97113f77'
[set_tensor] saved to 'C:\Users\Simon\OneDrive\Documents\Python Scripts\swarm-inference-lab\.runtime\experiment-026\logical-rpc-cache-0\rpc\da4c5f6f3f5f6389'
[set_tensor] saved to 'C:\Users\Simon\OneDrive\Documents\Python Scripts\swarm-inference-lab\.runtime\experiment-026\logical-rpc-cache-0\rpc\b03d018c1b30c4c2'
[set_tensor] saved to 'C:\Users\Simon\OneDrive\Documents\Python Scripts\swarm-inference-lab\.runtime\experiment-026\logical-rpc-cache-0\rpc\ea406aab4a377d96'
[set_tensor] saved to 'C:\Users\Simon\OneDrive\Documents\Python Scripts\swarm-inference-lab\.runtime\experiment-026\logical-rpc-cache-0\rpc\540ec0c1da1cce76'
[set_tensor] saved to 'C:\Users\Simon\OneDrive\Documents\Python Scripts\swarm-inference-lab\.runtime\experiment-026\logical-rpc-cache-0\rpc\53b5855a0b9fdac4'
[set_tensor] saved to 'C:\Users\Simon\OneDrive\Documents\Python Scripts\swarm-inference-lab\.runtime\experiment-026\logical-rpc-cache-0\rpc\b3b3cb318196279a'
[set_tensor] saved to 'C:\Users\Simon\OneDrive\Documents\Python Scripts\swarm-inference-lab\.runtime\experiment-026\logical-rpc-cache-0\rpc\5248e7900d9bc610'
[set_tensor] saved to 'C:\Users\Simon\OneDrive\Documents\Python Scripts\swarm-inference-lab\.runtime\experiment-026\logical-rpc-cache-0\rpc\fa72bf1510cec593'
[set_tensor] saved to 'C:\Users\Simon\OneDrive\Documents\Python Scripts\swarm-inference-lab\.runtime\experiment-026\logical-rpc-cache-0\rpc\cba3ca25ae47029b'
[set_tensor] saved to 'C:\Users\Simon\OneDrive\Documents\Python Scripts\swarm-inference-lab\.runtime\experiment-026\logical-rpc-cache-0\rpc\736e5c1c3a6aa7c3'
[set_tensor] saved to 'C:\Users\Simon\OneDrive\Documents\Python Scripts\swarm-inference-lab\.runtime\experiment-026\logical-rpc-cache-0\rpc\7a1cfc2a8dbbca69'
[set_tensor] saved to 'C:\Users\Simon\OneDrive\Documents\Python Scripts\swarm-inference-lab\.runtime\experiment-026\logical-rpc-cache-0\rpc\3a6659a66f29990c'
[set_tensor] saved to 'C:\Users\Simon\OneDrive\Documents\Python Scripts\swarm-inference-lab\.runtime\experiment-026\logical-rpc-cache-0\rpc\23ac4a3bad13a69a'
[set_tensor] saved to 'C:\Users\Simon\OneDrive\Documents\Python Scripts\swarm-inference-lab\.runtime\experiment-026\logical-rpc-cache-0\rpc\1b410a4b1966c8c1'
[set_tensor] saved to 'C:\Users\Simon\OneDrive\Documents\Python Scripts\swarm-inference-lab\.runtime\experiment-026\logical-rpc-cache-0\rpc\d4baaac12f26c2c0'
E026_STAGE device=0 nodes=1302 begin_us=33028864 end_us=33081363 reused=0
ggml_backend_cuda_graph_compute: CUDA graph warmup complete
E026_STAGE device=0 nodes=1302 begin_us=33200618 end_us=33214007 reused=1
ggml_backend_cuda_graph_compute: CUDA graph warmup reset
E026_STAGE device=0 nodes=1302 begin_us=33440722 end_us=33472850 reused=0
E026_STAGE device=0 nodes=1302 begin_us=33683589 end_us=33697258 reused=0
E026_STAGE device=0 nodes=1302 begin_us=33732425 end_us=33743785 reused=0
ggml_backend_cuda_graph_compute: CUDA graph warmup complete
E026_STAGE device=0 nodes=1302 begin_us=33770943 end_us=33784085 reused=1
E026_STAGE device=0 nodes=1302 begin_us=33809679 end_us=33819200 reused=1
E026_STAGE device=0 nodes=1302 begin_us=33838876 end_us=33848407 reused=1
E026_STAGE device=0 nodes=1302 begin_us=33869200 end_us=33878045 reused=1
E026_STAGE device=0 nodes=1302 begin_us=33897716 end_us=33906052 reused=1
E026_STAGE device=0 nodes=1302 begin_us=33926667 end_us=33935759 reused=1
E026_STAGE device=0 nodes=1302 begin_us=33952333 end_us=33957930 reused=1
E026_STAGE device=0 nodes=1302 begin_us=33971606 end_us=33976228 reused=1
E026_STAGE device=0 nodes=1302 begin_us=33990338 end_us=33996181 reused=1
E026_STAGE device=0 nodes=1302 begin_us=34011179 end_us=34016242 reused=1
E026_STAGE device=0 nodes=1302 begin_us=34028022 end_us=34032616 reused=1
E026_STAGE device=0 nodes=1302 begin_us=34044635 end_us=34049645 reused=1
E026_STAGE device=0 nodes=1302 begin_us=34061211 end_us=34066035 reused=1
E026_STAGE device=0 nodes=1302 begin_us=34077824 end_us=34082719 reused=1
E026_STAGE device=0 nodes=1302 begin_us=34093727 end_us=34099559 reused=1
E026_STAGE device=0 nodes=1302 begin_us=34111972 end_us=34116602 reused=1
E026_STAGE device=0 nodes=1302 begin_us=34129115 end_us=34133697 reused=1
E026_STAGE device=0 nodes=1302 begin_us=34145165 end_us=34149893 reused=1
E026_STAGE device=0 nodes=1302 begin_us=34161572 end_us=34166572 reused=1
E026_STAGE device=0 nodes=1302 begin_us=34178169 end_us=34182756 reused=1
E026_STAGE device=0 nodes=1302 begin_us=34194709 end_us=34199909 reused=1
E026_STAGE device=0 nodes=1302 begin_us=34211278 end_us=34216328 reused=1
E026_STAGE device=0 nodes=1302 begin_us=34227631 end_us=34232571 reused=1
E026_STAGE device=0 nodes=1302 begin_us=34245467 end_us=34251380 reused=1
E026_STAGE device=0 nodes=1302 begin_us=34263191 end_us=34267837 reused=1
E026_STAGE device=0 nodes=1302 begin_us=34279434 end_us=34284022 reused=1
E026_STAGE device=0 nodes=1302 begin_us=34295517 end_us=34300452 reused=1
E026_STAGE device=0 nodes=1302 begin_us=34311432 end_us=34316012 reused=1
E026_STAGE device=0 nodes=1302 begin_us=34328348 end_us=34334120 reused=1
E026_STAGE device=0 nodes=1302 begin_us=34345691 end_us=34350324 reused=1
E026_STAGE device=0 nodes=1302 begin_us=34361868 end_us=34366494 reused=1
E026_STAGE device=0 nodes=1302 begin_us=34378169 end_us=34383654 reused=1
E026_STAGE device=0 nodes=1302 begin_us=34395075 end_us=34399703 reused=1
E026_STAGE device=0 nodes=1302 begin_us=34410543 end_us=34415136 reused=1
E026_STAGE device=0 nodes=1302 begin_us=34425822 end_us=34431397 reused=1
E026_STAGE device=0 nodes=1302 begin_us=34442796 end_us=34447750 reused=1
E026_STAGE device=0 nodes=1302 begin_us=34458850 end_us=34463517 reused=1
E026_STAGE device=0 nodes=1302 begin_us=34475217 end_us=34480119 reused=1
E026_STAGE device=0 nodes=1302 begin_us=34491535 end_us=34496151 reused=1
E026_STAGE device=0 nodes=1302 begin_us=34507104 end_us=34511711 reused=1
E026_STAGE device=0 nodes=1302 begin_us=34522874 end_us=34527495 reused=1
E026_STAGE device=0 nodes=1302 begin_us=34540079 end_us=34544687 reused=1
E026_STAGE device=0 nodes=1302 begin_us=34556186 end_us=34560777 reused=1
E026_STAGE device=0 nodes=1302 begin_us=34572662 end_us=34577279 reused=1
E026_STAGE device=0 nodes=1302 begin_us=34588441 end_us=34593076 reused=1
E026_STAGE device=0 nodes=1302 begin_us=34603862 end_us=34608429 reused=1
E026_STAGE device=0 nodes=1302 begin_us=34620452 end_us=34625080 reused=1
E026_STAGE device=0 nodes=1302 begin_us=34636215 end_us=34640772 reused=1
E026_STAGE device=0 nodes=1302 begin_us=34652243 end_us=34656820 reused=1
E026_STAGE device=0 nodes=1302 begin_us=34669618 end_us=34674187 reused=1
E026_STAGE device=0 nodes=1302 begin_us=34685644 end_us=34690220 reused=1
E026_STAGE device=0 nodes=1302 begin_us=34701140 end_us=34705695 reused=1
E026_STAGE device=0 nodes=1302 begin_us=34717890 end_us=34722492 reused=1
E026_STAGE device=0 nodes=1302 begin_us=34733214 end_us=34737779 reused=1
E026_STAGE device=0 nodes=1302 begin_us=34749114 end_us=34753678 reused=1
E026_STAGE device=0 nodes=1302 begin_us=34764765 end_us=34769354 reused=1
E026_STAGE device=0 nodes=1302 begin_us=34782452 end_us=34787140 reused=1
E026_STAGE device=0 nodes=1302 begin_us=34799069 end_us=34803738 reused=1
E026_STAGE device=0 nodes=1302 begin_us=34815675 end_us=34820316 reused=1
E026_STAGE device=0 nodes=1302 begin_us=34831352 end_us=34835924 reused=1
E026_STAGE device=0 nodes=1302 begin_us=34846929 end_us=34851526 reused=1
E026_STAGE device=0 nodes=1302 begin_us=34863900 end_us=34868602 reused=1
ggml_backend_cuda_graph_compute: CUDA graph warmup reset
E026_STAGE device=0 nodes=1302 begin_us=35190194 end_us=35203024 reused=0
E026_STAGE device=0 nodes=1302 begin_us=35412227 end_us=35420420 reused=0
E026_STAGE device=0 nodes=1302 begin_us=35445329 end_us=35452571 reused=0
ggml_backend_cuda_graph_compute: CUDA graph warmup complete
E026_STAGE device=0 nodes=1302 begin_us=35469846 end_us=35475680 reused=1
E026_STAGE device=0 nodes=1302 begin_us=35489909 end_us=35494527 reused=1
E026_STAGE device=0 nodes=1302 begin_us=35505828 end_us=35510783 reused=1
E026_STAGE device=0 nodes=1302 begin_us=35521738 end_us=35526320 reused=1
E026_STAGE device=0 nodes=1302 begin_us=35537375 end_us=35542954 reused=1
E026_STAGE device=0 nodes=1302 begin_us=35554959 end_us=35559595 reused=1
E026_STAGE device=0 nodes=1302 begin_us=35572174 end_us=35576840 reused=1
E026_STAGE device=0 nodes=1302 begin_us=35589629 end_us=35594618 reused=1
E026_STAGE device=0 nodes=1302 begin_us=35607009 end_us=35612013 reused=1
E026_STAGE device=0 nodes=1302 begin_us=35623220 end_us=35627892 reused=1
E026_STAGE device=0 nodes=1302 begin_us=35638917 end_us=35643485 reused=1
E026_STAGE device=0 nodes=1302 begin_us=35654460 end_us=35659063 reused=1
E026_STAGE device=0 nodes=1302 begin_us=35671090 end_us=35675657 reused=1
E026_STAGE device=0 nodes=1302 begin_us=35687583 end_us=35692217 reused=1
E026_STAGE device=0 nodes=1302 begin_us=35703866 end_us=35709563 reused=1
E026_STAGE device=0 nodes=1302 begin_us=35721957 end_us=35726612 reused=1
E026_STAGE device=0 nodes=1302 begin_us=35738232 end_us=35743037 reused=1
E026_STAGE device=0 nodes=1302 begin_us=35754435 end_us=35759004 reused=1
E026_STAGE device=0 nodes=1302 begin_us=35770076 end_us=35774677 reused=1
E026_STAGE device=0 nodes=1302 begin_us=35785540 end_us=35790106 reused=1
E026_STAGE device=0 nodes=1302 begin_us=35801778 end_us=35806424 reused=1
E026_STAGE device=0 nodes=1302 begin_us=35818399 end_us=35824288 reused=1
E026_STAGE device=0 nodes=1302 begin_us=35836947 end_us=35841594 reused=1
E026_STAGE device=0 nodes=1302 begin_us=35852728 end_us=35857366 reused=1
E026_STAGE device=0 nodes=1302 begin_us=35868441 end_us=35873028 reused=1
E026_STAGE device=0 nodes=1302 begin_us=35884914 end_us=35889500 reused=1
E026_STAGE device=0 nodes=1302 begin_us=35901253 end_us=35905897 reused=1
E026_STAGE device=0 nodes=1302 begin_us=35917274 end_us=35921933 reused=1
E026_STAGE device=0 nodes=1302 begin_us=35933534 end_us=35938184 reused=1
E026_STAGE device=0 nodes=1302 begin_us=35949815 end_us=35954492 reused=1
E026_STAGE device=0 nodes=1302 begin_us=35965727 end_us=35970355 reused=1
E026_STAGE device=0 nodes=1302 begin_us=35982022 end_us=35986625 reused=1
E026_STAGE device=0 nodes=1302 begin_us=35997914 end_us=36002502 reused=1
E026_STAGE device=0 nodes=1302 begin_us=36013673 end_us=36018334 reused=1
E026_STAGE device=0 nodes=1302 begin_us=36029731 end_us=36034414 reused=1
E026_STAGE device=0 nodes=1302 begin_us=36046387 end_us=36051007 reused=1
E026_STAGE device=0 nodes=1302 begin_us=36062463 end_us=36067110 reused=1
E026_STAGE device=0 nodes=1302 begin_us=36080090 end_us=36084732 reused=1
E026_STAGE device=0 nodes=1302 begin_us=36095788 end_us=36100371 reused=1
E026_STAGE device=0 nodes=1302 begin_us=36111305 end_us=36115932 reused=1
E026_STAGE device=0 nodes=1302 begin_us=36127692 end_us=36132672 reused=1
E026_STAGE device=0 nodes=1302 begin_us=36144393 end_us=36149227 reused=1
E026_STAGE device=0 nodes=1302 begin_us=36160600 end_us=36165219 reused=1
E026_STAGE device=0 nodes=1302 begin_us=36176843 end_us=36181855 reused=1
E026_STAGE device=0 nodes=1302 begin_us=36193052 end_us=36197702 reused=1
E026_STAGE device=0 nodes=1302 begin_us=36208592 end_us=36213230 reused=1
E026_STAGE device=0 nodes=1302 begin_us=36224648 end_us=36229322 reused=1
E026_STAGE device=0 nodes=1302 begin_us=36240518 end_us=36245400 reused=1
E026_STAGE device=0 nodes=1302 begin_us=36256305 end_us=36260956 reused=1
E026_STAGE device=0 nodes=1302 begin_us=36272318 end_us=36276963 reused=1
E026_STAGE device=0 nodes=1302 begin_us=36288733 end_us=36293377 reused=1
E026_STAGE device=0 nodes=1302 begin_us=36304370 end_us=36308935 reused=1
E026_STAGE device=0 nodes=1302 begin_us=36320976 end_us=36325638 reused=1
E026_STAGE device=0 nodes=1302 begin_us=36337075 end_us=36341713 reused=1
E026_STAGE device=0 nodes=1302 begin_us=36353270 end_us=36358186 reused=1
E026_STAGE device=0 nodes=1302 begin_us=36370083 end_us=36374733 reused=1
E026_STAGE device=0 nodes=1302 begin_us=36385796 end_us=36390406 reused=1
E026_STAGE device=0 nodes=1302 begin_us=36401623 end_us=36406263 reused=1
E026_STAGE device=0 nodes=1302 begin_us=36417765 end_us=36422388 reused=1
E026_STAGE device=0 nodes=1302 begin_us=36434891 end_us=36439572 reused=1
E026_STAGE device=0 nodes=1302 begin_us=36451994 end_us=36456987 reused=1
E026_STAGE device=0 nodes=1302 begin_us=36468561 end_us=36473147 reused=1
ggml_backend_cuda_graph_compute: CUDA graph warmup reset
E026_STAGE device=0 nodes=1302 begin_us=36855965 end_us=36905625 reused=0
E026_STAGE device=0 nodes=1302 begin_us=37020818 end_us=37089850 reused=0
E026_STAGE device=0 nodes=1302 begin_us=37215505 end_us=37288302 reused=0
E026_STAGE device=0 nodes=1302 begin_us=37423514 end_us=37496461 reused=0
E026_STAGE device=0 nodes=1302 begin_us=37611199 end_us=37688378 reused=0
E026_STAGE device=0 nodes=1302 begin_us=37809314 end_us=37886560 reused=0
E026_STAGE device=0 nodes=1302 begin_us=38002029 end_us=38078324 reused=0
E026_STAGE device=0 nodes=1302 begin_us=38182245 end_us=38259827 reused=0
E026_STAGE device=0 nodes=1302 begin_us=38382309 end_us=38458185 reused=0
E026_STAGE device=0 nodes=1302 begin_us=38565195 end_us=38645819 reused=0
E026_STAGE device=0 nodes=1302 begin_us=38755223 end_us=38832690 reused=0
E026_STAGE device=0 nodes=1302 begin_us=38939466 end_us=39020254 reused=0
E026_STAGE device=0 nodes=1302 begin_us=39158209 end_us=39232576 reused=0
E026_STAGE device=0 nodes=1302 begin_us=39388820 end_us=39466837 reused=0
E026_STAGE device=0 nodes=1302 begin_us=39586465 end_us=39650421 reused=0
E026_STAGE device=0 nodes=1302 begin_us=39915682 end_us=39967132 reused=0
E026_STAGE device=0 nodes=1302 begin_us=40262104 end_us=40269853 reused=0
E026_STAGE device=0 nodes=1302 begin_us=40293175 end_us=40303077 reused=0
ggml_backend_cuda_graph_compute: CUDA graph warmup complete
E026_STAGE device=0 nodes=1302 begin_us=40326096 end_us=40333792 reused=1
E026_STAGE device=0 nodes=1302 begin_us=40351112 end_us=40355866 reused=1
E026_STAGE device=0 nodes=1302 begin_us=40367814 end_us=40372546 reused=1
E026_STAGE device=0 nodes=1302 begin_us=40384058 end_us=40388751 reused=1
E026_STAGE device=0 nodes=1302 begin_us=40400415 end_us=40405190 reused=1
E026_STAGE device=0 nodes=1302 begin_us=40416193 end_us=40420878 reused=1
E026_STAGE device=0 nodes=1302 begin_us=40432376 end_us=40437138 reused=1
E026_STAGE device=0 nodes=1302 begin_us=40450576 end_us=40455308 reused=1
E026_STAGE device=0 nodes=1302 begin_us=40467212 end_us=40471964 reused=1
E026_STAGE device=0 nodes=1302 begin_us=40483732 end_us=40488447 reused=1
E026_STAGE device=0 nodes=1302 begin_us=40499933 end_us=40504683 reused=1
E026_STAGE device=0 nodes=1302 begin_us=40516355 end_us=40521048 reused=1
E026_STAGE device=0 nodes=1302 begin_us=40532389 end_us=40537083 reused=1
E026_STAGE device=0 nodes=1302 begin_us=40548307 end_us=40553035 reused=1
E026_STAGE device=0 nodes=1302 begin_us=40564418 end_us=40569134 reused=1
E026_STAGE device=0 nodes=1302 begin_us=40580929 end_us=40585661 reused=1
E026_STAGE device=0 nodes=1302 begin_us=40597190 end_us=40601912 reused=1
E026_STAGE device=0 nodes=1302 begin_us=40614676 end_us=40619406 reused=1
E026_STAGE device=0 nodes=1302 begin_us=40631729 end_us=40636473 reused=1
E026_STAGE device=0 nodes=1302 begin_us=40647840 end_us=40652523 reused=1
E026_STAGE device=0 nodes=1302 begin_us=40665005 end_us=40669744 reused=1
E026_STAGE device=0 nodes=1302 begin_us=40682440 end_us=40687209 reused=1
E026_STAGE device=0 nodes=1302 begin_us=40698551 end_us=40703428 reused=1
E026_STAGE device=0 nodes=1302 begin_us=40715130 end_us=40719858 reused=1
E026_STAGE device=0 nodes=1302 begin_us=40731478 end_us=40736171 reused=1
E026_STAGE device=0 nodes=1302 begin_us=40747727 end_us=40752499 reused=1
E026_STAGE device=0 nodes=1302 begin_us=40765167 end_us=40769864 reused=1
E026_STAGE device=0 nodes=1302 begin_us=40781306 end_us=40786022 reused=1
E026_STAGE device=0 nodes=1302 begin_us=40798205 end_us=40802941 reused=1
E026_STAGE device=0 nodes=1302 begin_us=40815168 end_us=40819854 reused=1
E026_STAGE device=0 nodes=1302 begin_us=40831462 end_us=40836151 reused=1
E026_STAGE device=0 nodes=1302 begin_us=40849493 end_us=40854251 reused=1
E026_STAGE device=0 nodes=1302 begin_us=40866918 end_us=40871613 reused=1
E026_STAGE device=0 nodes=1302 begin_us=40883110 end_us=40887795 reused=1
E026_STAGE device=0 nodes=1302 begin_us=40899577 end_us=40904263 reused=1
E026_STAGE device=0 nodes=1302 begin_us=40916008 end_us=40920777 reused=1
E026_STAGE device=0 nodes=1302 begin_us=40932105 end_us=40937053 reused=1
E026_STAGE device=0 nodes=1302 begin_us=40948885 end_us=40953622 reused=1
E026_STAGE device=0 nodes=1302 begin_us=40964711 end_us=40969505 reused=1
E026_STAGE device=0 nodes=1302 begin_us=40980740 end_us=40985471 reused=1
E026_STAGE device=0 nodes=1302 begin_us=40996971 end_us=41001714 reused=1
E026_STAGE device=0 nodes=1302 begin_us=41014206 end_us=41018949 reused=1
E026_STAGE device=0 nodes=1302 begin_us=41031184 end_us=41035983 reused=1
E026_STAGE device=0 nodes=1302 begin_us=41048093 end_us=41052785 reused=1
E026_STAGE device=0 nodes=1302 begin_us=41064055 end_us=41068725 reused=1
E026_STAGE device=0 nodes=1302 begin_us=41080979 end_us=41085727 reused=1
E026_STAGE device=0 nodes=1302 begin_us=41097390 end_us=41102099 reused=1
E026_STAGE device=0 nodes=1302 begin_us=41114063 end_us=41118749 reused=1
E026_STAGE device=0 nodes=1302 begin_us=41130344 end_us=41135441 reused=1
E026_STAGE device=0 nodes=1302 begin_us=41147530 end_us=41152244 reused=1
E026_STAGE device=0 nodes=1302 begin_us=41163738 end_us=41168412 reused=1
E026_STAGE device=0 nodes=1302 begin_us=41180523 end_us=41185253 reused=1
E026_STAGE device=0 nodes=1302 begin_us=41196595 end_us=41201280 reused=1
E026_STAGE device=0 nodes=1302 begin_us=41212377 end_us=41217080 reused=1
E026_STAGE device=0 nodes=1302 begin_us=41228748 end_us=41233843 reused=1
E026_STAGE device=0 nodes=1302 begin_us=41245576 end_us=41250302 reused=1
E026_STAGE device=0 nodes=1302 begin_us=41262108 end_us=41267155 reused=1
E026_STAGE device=0 nodes=1302 begin_us=41280560 end_us=41285629 reused=1
E026_STAGE device=0 nodes=1302 begin_us=41298541 end_us=41303257 reused=1
E026_STAGE device=0 nodes=1302 begin_us=41314895 end_us=41319626 reused=1
E026_STAGE device=0 nodes=1302 begin_us=41331186 end_us=41335885 reused=1
E026_STAGE device=0 nodes=1302 begin_us=41347717 end_us=41352496 reused=1
recv failed (bytes_recv=0, size_to_recv=1)
Client connection closed
