ggml_cuda_init: found 1 CUDA devices (Total VRAM: 32606 MiB):
  Device 0: NVIDIA GeForce RTX 5090, compute capability 12.0, VMM: yes, VRAM: 32606 MiB
Starting RPC server v6.0.0
  endpoint       : 127.0.0.1:42632
  local cache    : C:\Users\Simon\OneDrive\Documents\Python Scripts\swarm-inference-lab\.runtime\experiment-026\logical-rpc-cache-1\rpc\
Devices:
  CUDA0: NVIDIA GeForce RTX 5090 (32606 MiB, 30927 MiB free)
  transport      : TCP
Accepted client connection
Client connection closed
Accepted client connection
Client connection closed
Accepted client connection
Client connection closed
Accepted client connection
Client connection closed
Accepted client connection
Client connection closed
Accepted client connection
Client connection closed
Accepted client connection
Client connection closed
Accepted client connection
E026_STAGE device=0 nodes=1418 begin_us=26964887 end_us=27020964 reused=0
ggml_backend_cuda_graph_compute: CUDA graph warmup complete
E026_STAGE device=0 nodes=1418 begin_us=28296528 end_us=28309442 reused=1
ggml_backend_cuda_graph_compute: CUDA graph warmup reset
E026_STAGE device=0 nodes=1418 begin_us=28470731 end_us=28500296 reused=0
E026_STAGE device=0 nodes=1418 begin_us=28696060 end_us=28710175 reused=0
E026_STAGE device=0 nodes=1418 begin_us=28758473 end_us=28770188 reused=0
ggml_backend_cuda_graph_compute: CUDA graph warmup complete
E026_STAGE device=0 nodes=1418 begin_us=28808341 end_us=28819729 reused=1
E026_STAGE device=0 nodes=1418 begin_us=28845218 end_us=28850997 reused=1
E026_STAGE device=0 nodes=1418 begin_us=28872282 end_us=28877754 reused=1
E026_STAGE device=0 nodes=1418 begin_us=28900316 end_us=28905803 reused=1
E026_STAGE device=0 nodes=1418 begin_us=28926426 end_us=28931938 reused=1
E026_STAGE device=0 nodes=1418 begin_us=28952944 end_us=28958452 reused=1
E026_STAGE device=0 nodes=1418 begin_us=28980211 end_us=28985669 reused=1
E026_STAGE device=0 nodes=1418 begin_us=29007392 end_us=29013367 reused=1
E026_STAGE device=0 nodes=1418 begin_us=29036178 end_us=29041634 reused=1
E026_STAGE device=0 nodes=1418 begin_us=29063060 end_us=29068741 reused=1
E026_STAGE device=0 nodes=1418 begin_us=29090135 end_us=29095623 reused=1
E026_STAGE device=0 nodes=1418 begin_us=29117560 end_us=29123050 reused=1
E026_STAGE device=0 nodes=1418 begin_us=29142947 end_us=29148407 reused=1
E026_STAGE device=0 nodes=1418 begin_us=29169009 end_us=29174478 reused=1
E026_STAGE device=0 nodes=1418 begin_us=29196327 end_us=29202088 reused=1
E026_STAGE device=0 nodes=1418 begin_us=29224358 end_us=29229793 reused=1
E026_STAGE device=0 nodes=1418 begin_us=29251069 end_us=29256571 reused=1
E026_STAGE device=0 nodes=1418 begin_us=29277400 end_us=29282906 reused=1
E026_STAGE device=0 nodes=1418 begin_us=29304761 end_us=29310252 reused=1
E026_STAGE device=0 nodes=1418 begin_us=29334540 end_us=29340355 reused=1
E026_STAGE device=0 nodes=1418 begin_us=29361454 end_us=29366958 reused=1
E026_STAGE device=0 nodes=1418 begin_us=29388951 end_us=29394435 reused=1
ggml_backend_cuda_graph_compute: CUDA graph warmup reset
E026_STAGE device=0 nodes=1418 begin_us=29421572 end_us=29429350 reused=0
E026_STAGE device=0 nodes=1418 begin_us=29454451 end_us=29463033 reused=0
E026_STAGE device=0 nodes=1418 begin_us=29742398 end_us=29755043 reused=0
E026_STAGE device=0 nodes=1418 begin_us=29916469 end_us=29924568 reused=0
E026_STAGE device=0 nodes=1418 begin_us=29953853 end_us=29962069 reused=0
ggml_backend_cuda_graph_compute: CUDA graph warmup complete
E026_STAGE device=0 nodes=1418 begin_us=29991449 end_us=29998325 reused=1
E026_STAGE device=0 nodes=1418 begin_us=30020477 end_us=30025948 reused=1
E026_STAGE device=0 nodes=1418 begin_us=30047906 end_us=30053391 reused=1
E026_STAGE device=0 nodes=1418 begin_us=30077835 end_us=30083424 reused=1
E026_STAGE device=0 nodes=1418 begin_us=30105545 end_us=30111114 reused=1
E026_STAGE device=0 nodes=1418 begin_us=30134316 end_us=30139857 reused=1
E026_STAGE device=0 nodes=1418 begin_us=30161594 end_us=30167132 reused=1
E026_STAGE device=0 nodes=1418 begin_us=30188646 end_us=30194145 reused=1
E026_STAGE device=0 nodes=1418 begin_us=30217595 end_us=30223082 reused=1
E026_STAGE device=0 nodes=1418 begin_us=30244683 end_us=30250474 reused=1
E026_STAGE device=0 nodes=1418 begin_us=30270816 end_us=30276593 reused=1
E026_STAGE device=0 nodes=1418 begin_us=30299191 end_us=30304639 reused=1
E026_STAGE device=0 nodes=1418 begin_us=30326348 end_us=30331915 reused=1
E026_STAGE device=0 nodes=1418 begin_us=30354706 end_us=30360161 reused=1
E026_STAGE device=0 nodes=1418 begin_us=30382449 end_us=30387891 reused=1
E026_STAGE device=0 nodes=1418 begin_us=30410357 end_us=30415832 reused=1
E026_STAGE device=0 nodes=1418 begin_us=30438034 end_us=30443560 reused=1
E026_STAGE device=0 nodes=1418 begin_us=30465819 end_us=30471326 reused=1
E026_STAGE device=0 nodes=1418 begin_us=30491748 end_us=30497218 reused=1
E026_STAGE device=0 nodes=1418 begin_us=30517033 end_us=30522555 reused=1
E026_STAGE device=0 nodes=1418 begin_us=30544487 end_us=30549984 reused=1
E026_STAGE device=0 nodes=1418 begin_us=30570208 end_us=30575710 reused=1
ggml_backend_cuda_graph_compute: CUDA graph warmup reset
E026_STAGE device=0 nodes=1418 begin_us=30601872 end_us=30609670 reused=0
E026_STAGE device=0 nodes=1418 begin_us=30974160 end_us=31023294 reused=0
E026_STAGE device=0 nodes=1418 begin_us=31205707 end_us=31254837 reused=0
E026_STAGE device=0 nodes=1418 begin_us=31447297 end_us=31496759 reused=0
E026_STAGE device=0 nodes=1418 begin_us=31656395 end_us=31705999 reused=0
E026_STAGE device=0 nodes=1418 begin_us=31885245 end_us=31935084 reused=0
E026_STAGE device=0 nodes=1418 begin_us=32116674 end_us=32166728 reused=0
E026_STAGE device=0 nodes=1418 begin_us=32337927 end_us=32387944 reused=0
E026_STAGE device=0 nodes=1418 begin_us=32555766 end_us=32606129 reused=0
E026_STAGE device=0 nodes=1418 begin_us=32806042 end_us=32856864 reused=0
E026_STAGE device=0 nodes=1418 begin_us=33071905 end_us=33122671 reused=0
E026_STAGE device=0 nodes=1418 begin_us=33306358 end_us=33357341 reused=0
E026_STAGE device=0 nodes=1418 begin_us=33561709 end_us=33612590 reused=0
E026_STAGE device=0 nodes=1418 begin_us=33782898 end_us=33834438 reused=0
E026_STAGE device=0 nodes=1418 begin_us=34029594 end_us=34081967 reused=0
E026_STAGE device=0 nodes=1418 begin_us=34239446 end_us=34275459 reused=0
E026_STAGE device=0 nodes=1418 begin_us=34573716 end_us=34625747 reused=0
E026_STAGE device=0 nodes=1418 begin_us=34874347 end_us=34882907 reused=0
E026_STAGE device=0 nodes=1418 begin_us=34916266 end_us=34924703 reused=0
ggml_backend_cuda_graph_compute: CUDA graph warmup complete
E026_STAGE device=0 nodes=1418 begin_us=34954400 end_us=34961237 reused=1
E026_STAGE device=0 nodes=1418 begin_us=34984844 end_us=34990519 reused=1
E026_STAGE device=0 nodes=1418 begin_us=35012366 end_us=35018299 reused=1
E026_STAGE device=0 nodes=1418 begin_us=35041672 end_us=35047490 reused=1
E026_STAGE device=0 nodes=1418 begin_us=35068621 end_us=35074344 reused=1
E026_STAGE device=0 nodes=1418 begin_us=35097618 end_us=35103309 reused=1
E026_STAGE device=0 nodes=1418 begin_us=35128096 end_us=35134006 reused=1
E026_STAGE device=0 nodes=1418 begin_us=35157495 end_us=35163189 reused=1
E026_STAGE device=0 nodes=1418 begin_us=35185554 end_us=35191217 reused=1
E026_STAGE device=0 nodes=1418 begin_us=35213951 end_us=35219640 reused=1
E026_STAGE device=0 nodes=1418 begin_us=35242684 end_us=35248581 reused=1
E026_STAGE device=0 nodes=1418 begin_us=35270806 end_us=35276444 reused=1
E026_STAGE device=0 nodes=1418 begin_us=35299267 end_us=35304941 reused=1
E026_STAGE device=0 nodes=1418 begin_us=35328204 end_us=35334116 reused=1
E026_STAGE device=0 nodes=1418 begin_us=35355451 end_us=35361441 reused=1
recv failed (bytes_recv=0, size_to_recv=1)
Client connection closed
