ggml_cuda_init: found 1 CUDA devices (Total VRAM: 32606 MiB):
  Device 0: NVIDIA GeForce RTX 5090, compute capability 12.0, VMM: yes, VRAM: 32606 MiB
Starting RPC server v6.0.0
  endpoint       : 127.0.0.1:42631
  local cache    : C:\Users\Simon\OneDrive\Documents\Python Scripts\swarm-inference-lab\.runtime\experiment-026\logical-rpc-cache-0\rpc\
Devices:
  CUDA0: NVIDIA GeForce RTX 5090 (32606 MiB, 30927 MiB free)
  transport      : TCP
Accepted client connection
Client connection closed
Accepted client connection
Client connection closed
Accepted client connection
Client connection closed
Accepted client connection
Client connection closed
Accepted client connection
Client connection closed
Accepted client connection
Client connection closed
Accepted client connection
Client connection closed
Accepted client connection
E026_STAGE device=0 nodes=1455 begin_us=27337077 end_us=27393147 reused=0
ggml_backend_cuda_graph_compute: CUDA graph warmup complete
E026_STAGE device=0 nodes=1455 begin_us=28713155 end_us=28726127 reused=1
ggml_backend_cuda_graph_compute: CUDA graph warmup reset
E026_STAGE device=0 nodes=1455 begin_us=28868809 end_us=28897822 reused=0
E026_STAGE device=0 nodes=1455 begin_us=29111344 end_us=29124632 reused=0
E026_STAGE device=0 nodes=1455 begin_us=29174607 end_us=29186910 reused=0
ggml_backend_cuda_graph_compute: CUDA graph warmup complete
E026_STAGE device=0 nodes=1455 begin_us=29225245 end_us=29237994 reused=1
E026_STAGE device=0 nodes=1455 begin_us=29269312 end_us=29274844 reused=1
E026_STAGE device=0 nodes=1455 begin_us=29296484 end_us=29301993 reused=1
E026_STAGE device=0 nodes=1455 begin_us=29324090 end_us=29329936 reused=1
E026_STAGE device=0 nodes=1455 begin_us=29350859 end_us=29356350 reused=1
E026_STAGE device=0 nodes=1455 begin_us=29376685 end_us=29382687 reused=1
E026_STAGE device=0 nodes=1455 begin_us=29403964 end_us=29409720 reused=1
E026_STAGE device=0 nodes=1455 begin_us=29431628 end_us=29437149 reused=1
E026_STAGE device=0 nodes=1455 begin_us=29460384 end_us=29465905 reused=1
E026_STAGE device=0 nodes=1455 begin_us=29487301 end_us=29492849 reused=1
E026_STAGE device=0 nodes=1455 begin_us=29514306 end_us=29519855 reused=1
E026_STAGE device=0 nodes=1455 begin_us=29541568 end_us=29547385 reused=1
E026_STAGE device=0 nodes=1455 begin_us=29567186 end_us=29572720 reused=1
E026_STAGE device=0 nodes=1455 begin_us=29592829 end_us=29598661 reused=1
E026_STAGE device=0 nodes=1455 begin_us=29620603 end_us=29626127 reused=1
E026_STAGE device=0 nodes=1455 begin_us=29648726 end_us=29654199 reused=1
E026_STAGE device=0 nodes=1455 begin_us=29674920 end_us=29680728 reused=1
E026_STAGE device=0 nodes=1455 begin_us=29701769 end_us=29707299 reused=1
E026_STAGE device=0 nodes=1455 begin_us=29728665 end_us=29734449 reused=1
E026_STAGE device=0 nodes=1455 begin_us=29758580 end_us=29764146 reused=1
E026_STAGE device=0 nodes=1455 begin_us=29785764 end_us=29791291 reused=1
E026_STAGE device=0 nodes=1455 begin_us=29812987 end_us=29818823 reused=1
ggml_backend_cuda_graph_compute: CUDA graph warmup reset
E026_STAGE device=0 nodes=1455 begin_us=29842077 end_us=29850381 reused=0
E026_STAGE device=0 nodes=1455 begin_us=29873784 end_us=29882392 reused=0
E026_STAGE device=0 nodes=1455 begin_us=30156747 end_us=30169479 reused=0
E026_STAGE device=0 nodes=1455 begin_us=30336544 end_us=30345021 reused=0
E026_STAGE device=0 nodes=1455 begin_us=30374125 end_us=30382778 reused=0
ggml_backend_cuda_graph_compute: CUDA graph warmup complete
E026_STAGE device=0 nodes=1455 begin_us=30414242 end_us=30421201 reused=1
E026_STAGE device=0 nodes=1455 begin_us=30444811 end_us=30450351 reused=1
E026_STAGE device=0 nodes=1455 begin_us=30472048 end_us=30477781 reused=1
E026_STAGE device=0 nodes=1455 begin_us=30502202 end_us=30507724 reused=1
E026_STAGE device=0 nodes=1455 begin_us=30529849 end_us=30535392 reused=1
E026_STAGE device=0 nodes=1455 begin_us=30558275 end_us=30563812 reused=1
E026_STAGE device=0 nodes=1455 begin_us=30585555 end_us=30591093 reused=1
E026_STAGE device=0 nodes=1455 begin_us=30612688 end_us=30618244 reused=1
E026_STAGE device=0 nodes=1455 begin_us=30641568 end_us=30647360 reused=1
E026_STAGE device=0 nodes=1455 begin_us=30668777 end_us=30674550 reused=1
E026_STAGE device=0 nodes=1455 begin_us=30695061 end_us=30700576 reused=1
E026_STAGE device=0 nodes=1455 begin_us=30723522 end_us=30729091 reused=1
E026_STAGE device=0 nodes=1455 begin_us=30750495 end_us=30756051 reused=1
E026_STAGE device=0 nodes=1455 begin_us=30778867 end_us=30784423 reused=1
E026_STAGE device=0 nodes=1455 begin_us=30806290 end_us=30812080 reused=1
E026_STAGE device=0 nodes=1455 begin_us=30834605 end_us=30840117 reused=1
E026_STAGE device=0 nodes=1455 begin_us=30862238 end_us=30867800 reused=1
E026_STAGE device=0 nodes=1455 begin_us=30889524 end_us=30895514 reused=1
E026_STAGE device=0 nodes=1455 begin_us=30916079 end_us=30921623 reused=1
E026_STAGE device=0 nodes=1455 begin_us=30940911 end_us=30946761 reused=1
E026_STAGE device=0 nodes=1455 begin_us=30968777 end_us=30974315 reused=1
E026_STAGE device=0 nodes=1455 begin_us=30994562 end_us=31000108 reused=1
ggml_backend_cuda_graph_compute: CUDA graph warmup reset
E026_STAGE device=0 nodes=1455 begin_us=31022707 end_us=31030798 reused=0
E026_STAGE device=0 nodes=1455 begin_us=31337323 end_us=31387030 reused=0
E026_STAGE device=0 nodes=1455 begin_us=31570021 end_us=31619477 reused=0
E026_STAGE device=0 nodes=1455 begin_us=31811595 end_us=31860927 reused=0
E026_STAGE device=0 nodes=1455 begin_us=32018562 end_us=32068067 reused=0
E026_STAGE device=0 nodes=1455 begin_us=32248501 end_us=32298328 reused=0
E026_STAGE device=0 nodes=1455 begin_us=32472478 end_us=32522492 reused=0
E026_STAGE device=0 nodes=1455 begin_us=32699267 end_us=32749588 reused=0
E026_STAGE device=0 nodes=1455 begin_us=32913457 end_us=32964134 reused=0
E026_STAGE device=0 nodes=1455 begin_us=33144486 end_us=33195415 reused=0
E026_STAGE device=0 nodes=1455 begin_us=33400531 end_us=33451416 reused=0
E026_STAGE device=0 nodes=1455 begin_us=33646841 end_us=33698439 reused=0
E026_STAGE device=0 nodes=1455 begin_us=33895642 end_us=33947021 reused=0
E026_STAGE device=0 nodes=1455 begin_us=34138783 end_us=34190563 reused=0
E026_STAGE device=0 nodes=1455 begin_us=34373839 end_us=34425248 reused=0
E026_STAGE device=0 nodes=1455 begin_us=34603716 end_us=34639338 reused=0
E026_STAGE device=0 nodes=1455 begin_us=34927845 end_us=34979925 reused=0
E026_STAGE device=0 nodes=1455 begin_us=35294974 end_us=35303296 reused=0
E026_STAGE device=0 nodes=1455 begin_us=35336273 end_us=35344996 reused=0
ggml_backend_cuda_graph_compute: CUDA graph warmup complete
E026_STAGE device=0 nodes=1455 begin_us=35377223 end_us=35384267 reused=1
E026_STAGE device=0 nodes=1455 begin_us=35408883 end_us=35414592 reused=1
E026_STAGE device=0 nodes=1455 begin_us=35436332 end_us=35441988 reused=1
E026_STAGE device=0 nodes=1455 begin_us=35465822 end_us=35471505 reused=1
E026_STAGE device=0 nodes=1455 begin_us=35492846 end_us=35498533 reused=1
E026_STAGE device=0 nodes=1455 begin_us=35521611 end_us=35527332 reused=1
E026_STAGE device=0 nodes=1455 begin_us=35552053 end_us=35557763 reused=1
E026_STAGE device=0 nodes=1455 begin_us=35581666 end_us=35587341 reused=1
E026_STAGE device=0 nodes=1455 begin_us=35609479 end_us=35615422 reused=1
E026_STAGE device=0 nodes=1455 begin_us=35637774 end_us=35643408 reused=1
E026_STAGE device=0 nodes=1455 begin_us=35666608 end_us=35672307 reused=1
E026_STAGE device=0 nodes=1455 begin_us=35694664 end_us=35700634 reused=1
E026_STAGE device=0 nodes=1455 begin_us=35723371 end_us=35729057 reused=1
E026_STAGE device=0 nodes=1455 begin_us=35752295 end_us=35757984 reused=1
E026_STAGE device=0 nodes=1455 begin_us=35779672 end_us=35785345 reused=1
recv failed (bytes_recv=0, size_to_recv=1)
Client connection closed
