ggml_cuda_init: found 1 CUDA devices (Total VRAM: 32606 MiB):
  Device 0: NVIDIA GeForce RTX 5090, compute capability 12.0, VMM: yes, VRAM: 32606 MiB
Starting RPC server v6.0.0
  endpoint       : 127.0.0.1:42633
  local cache    : C:\Users\Simon\OneDrive\Documents\Python Scripts\swarm-inference-lab\.runtime\experiment-026\logical-rpc-cache-2\rpc\
Devices:
  CUDA0: NVIDIA GeForce RTX 5090 (32606 MiB, 30927 MiB free)
  transport      : TCP
Accepted client connection
Client connection closed
Accepted client connection
Client connection closed
Accepted client connection
Client connection closed
Accepted client connection
Client connection closed
Accepted client connection
Client connection closed
Accepted client connection
Client connection closed
Accepted client connection
Client connection closed
Accepted client connection
[set_tensor] saved to 'C:\Users\Simon\OneDrive\Documents\Python Scripts\swarm-inference-lab\.runtime\experiment-026\logical-rpc-cache-2\rpc\b2ffafe6b9d4e0b6'
[set_tensor] saved to 'C:\Users\Simon\OneDrive\Documents\Python Scripts\swarm-inference-lab\.runtime\experiment-026\logical-rpc-cache-2\rpc\c406401c90742f27'
[set_tensor] saved to 'C:\Users\Simon\OneDrive\Documents\Python Scripts\swarm-inference-lab\.runtime\experiment-026\logical-rpc-cache-2\rpc\8e1c6b8484735d67'
[set_tensor] saved to 'C:\Users\Simon\OneDrive\Documents\Python Scripts\swarm-inference-lab\.runtime\experiment-026\logical-rpc-cache-2\rpc\a40d5608714418fa'
[set_tensor] saved to 'C:\Users\Simon\OneDrive\Documents\Python Scripts\swarm-inference-lab\.runtime\experiment-026\logical-rpc-cache-2\rpc\97367076177e9d4e'
[set_tensor] saved to 'C:\Users\Simon\OneDrive\Documents\Python Scripts\swarm-inference-lab\.runtime\experiment-026\logical-rpc-cache-2\rpc\f0ffe2eac5d7b9e4'
[set_tensor] saved to 'C:\Users\Simon\OneDrive\Documents\Python Scripts\swarm-inference-lab\.runtime\experiment-026\logical-rpc-cache-2\rpc\c240cd6b81485a6a'
[set_tensor] saved to 'C:\Users\Simon\OneDrive\Documents\Python Scripts\swarm-inference-lab\.runtime\experiment-026\logical-rpc-cache-2\rpc\d49fbb62822d47d3'
[set_tensor] saved to 'C:\Users\Simon\OneDrive\Documents\Python Scripts\swarm-inference-lab\.runtime\experiment-026\logical-rpc-cache-2\rpc\6b8639fcbaa6d1f7'
[set_tensor] saved to 'C:\Users\Simon\OneDrive\Documents\Python Scripts\swarm-inference-lab\.runtime\experiment-026\logical-rpc-cache-2\rpc\a5fbc26beb324020'
[set_tensor] saved to 'C:\Users\Simon\OneDrive\Documents\Python Scripts\swarm-inference-lab\.runtime\experiment-026\logical-rpc-cache-2\rpc\fde9a40e9a7c163c'
[set_tensor] saved to 'C:\Users\Simon\OneDrive\Documents\Python Scripts\swarm-inference-lab\.runtime\experiment-026\logical-rpc-cache-2\rpc\5b6e7b90fd39a18e'
[set_tensor] saved to 'C:\Users\Simon\OneDrive\Documents\Python Scripts\swarm-inference-lab\.runtime\experiment-026\logical-rpc-cache-2\rpc\8da14d9225694f96'
[set_tensor] saved to 'C:\Users\Simon\OneDrive\Documents\Python Scripts\swarm-inference-lab\.runtime\experiment-026\logical-rpc-cache-2\rpc\1105e9e07d9ceba0'
[set_tensor] saved to 'C:\Users\Simon\OneDrive\Documents\Python Scripts\swarm-inference-lab\.runtime\experiment-026\logical-rpc-cache-2\rpc\178881026f136f08'
[set_tensor] saved to 'C:\Users\Simon\OneDrive\Documents\Python Scripts\swarm-inference-lab\.runtime\experiment-026\logical-rpc-cache-2\rpc\bf9ac9e19b7e3d31'
[set_tensor] saved to 'C:\Users\Simon\OneDrive\Documents\Python Scripts\swarm-inference-lab\.runtime\experiment-026\logical-rpc-cache-2\rpc\fa552f98584f97ab'
[set_tensor] saved to 'C:\Users\Simon\OneDrive\Documents\Python Scripts\swarm-inference-lab\.runtime\experiment-026\logical-rpc-cache-2\rpc\e2f0f5a56e2aaf15'
[set_tensor] saved to 'C:\Users\Simon\OneDrive\Documents\Python Scripts\swarm-inference-lab\.runtime\experiment-026\logical-rpc-cache-2\rpc\90fdc1b65205b128'
[set_tensor] saved to 'C:\Users\Simon\OneDrive\Documents\Python Scripts\swarm-inference-lab\.runtime\experiment-026\logical-rpc-cache-2\rpc\e834ec431148e1e2'
[set_tensor] saved to 'C:\Users\Simon\OneDrive\Documents\Python Scripts\swarm-inference-lab\.runtime\experiment-026\logical-rpc-cache-2\rpc\038448a315605d05'
[set_tensor] saved to 'C:\Users\Simon\OneDrive\Documents\Python Scripts\swarm-inference-lab\.runtime\experiment-026\logical-rpc-cache-2\rpc\2db11baf63c4d375'
[set_tensor] saved to 'C:\Users\Simon\OneDrive\Documents\Python Scripts\swarm-inference-lab\.runtime\experiment-026\logical-rpc-cache-2\rpc\b5bf005d54cad99f'
[set_tensor] saved to 'C:\Users\Simon\OneDrive\Documents\Python Scripts\swarm-inference-lab\.runtime\experiment-026\logical-rpc-cache-2\rpc\b66b8fbd6279aa26'
[set_tensor] saved to 'C:\Users\Simon\OneDrive\Documents\Python Scripts\swarm-inference-lab\.runtime\experiment-026\logical-rpc-cache-2\rpc\582a117514147782'
[set_tensor] saved to 'C:\Users\Simon\OneDrive\Documents\Python Scripts\swarm-inference-lab\.runtime\experiment-026\logical-rpc-cache-2\rpc\7cb395c4d8043508'
[set_tensor] saved to 'C:\Users\Simon\OneDrive\Documents\Python Scripts\swarm-inference-lab\.runtime\experiment-026\logical-rpc-cache-2\rpc\240462a3431f3d05'
[set_tensor] saved to 'C:\Users\Simon\OneDrive\Documents\Python Scripts\swarm-inference-lab\.runtime\experiment-026\logical-rpc-cache-2\rpc\ed6aa70ab9eb56f1'
[set_tensor] saved to 'C:\Users\Simon\OneDrive\Documents\Python Scripts\swarm-inference-lab\.runtime\experiment-026\logical-rpc-cache-2\rpc\358c362d038b631a'
[set_tensor] saved to 'C:\Users\Simon\OneDrive\Documents\Python Scripts\swarm-inference-lab\.runtime\experiment-026\logical-rpc-cache-2\rpc\30668606c9ea1112'
[set_tensor] saved to 'C:\Users\Simon\OneDrive\Documents\Python Scripts\swarm-inference-lab\.runtime\experiment-026\logical-rpc-cache-2\rpc\30aafa7e4cded5ae'
[set_tensor] saved to 'C:\Users\Simon\OneDrive\Documents\Python Scripts\swarm-inference-lab\.runtime\experiment-026\logical-rpc-cache-2\rpc\3d6d7b6042380aec'
[set_tensor] saved to 'C:\Users\Simon\OneDrive\Documents\Python Scripts\swarm-inference-lab\.runtime\experiment-026\logical-rpc-cache-2\rpc\4f28883e179b326c'
[set_tensor] saved to 'C:\Users\Simon\OneDrive\Documents\Python Scripts\swarm-inference-lab\.runtime\experiment-026\logical-rpc-cache-2\rpc\e3a5e42ee512e3ae'
[set_tensor] saved to 'C:\Users\Simon\OneDrive\Documents\Python Scripts\swarm-inference-lab\.runtime\experiment-026\logical-rpc-cache-2\rpc\3d7ccd8030ac7aa5'
[set_tensor] saved to 'C:\Users\Simon\OneDrive\Documents\Python Scripts\swarm-inference-lab\.runtime\experiment-026\logical-rpc-cache-2\rpc\13934319cd3d84a2'
[set_tensor] saved to 'C:\Users\Simon\OneDrive\Documents\Python Scripts\swarm-inference-lab\.runtime\experiment-026\logical-rpc-cache-2\rpc\e09e5a87beb19bb9'
[set_tensor] saved to 'C:\Users\Simon\OneDrive\Documents\Python Scripts\swarm-inference-lab\.runtime\experiment-026\logical-rpc-cache-2\rpc\2970f3cd96f0e787'
[set_tensor] saved to 'C:\Users\Simon\OneDrive\Documents\Python Scripts\swarm-inference-lab\.runtime\experiment-026\logical-rpc-cache-2\rpc\a1d034367912c2c8'
[set_tensor] saved to 'C:\Users\Simon\OneDrive\Documents\Python Scripts\swarm-inference-lab\.runtime\experiment-026\logical-rpc-cache-2\rpc\f43370cfdb0adbd5'
[set_tensor] saved to 'C:\Users\Simon\OneDrive\Documents\Python Scripts\swarm-inference-lab\.runtime\experiment-026\logical-rpc-cache-2\rpc\006a116e2791aafb'
[set_tensor] saved to 'C:\Users\Simon\OneDrive\Documents\Python Scripts\swarm-inference-lab\.runtime\experiment-026\logical-rpc-cache-2\rpc\fffe16879088ccaf'
[set_tensor] saved to 'C:\Users\Simon\OneDrive\Documents\Python Scripts\swarm-inference-lab\.runtime\experiment-026\logical-rpc-cache-2\rpc\55360961c089667b'
[set_tensor] saved to 'C:\Users\Simon\OneDrive\Documents\Python Scripts\swarm-inference-lab\.runtime\experiment-026\logical-rpc-cache-2\rpc\cc23126bd97ee376'
[set_tensor] saved to 'C:\Users\Simon\OneDrive\Documents\Python Scripts\swarm-inference-lab\.runtime\experiment-026\logical-rpc-cache-2\rpc\3331c603d9e0d995'
[set_tensor] saved to 'C:\Users\Simon\OneDrive\Documents\Python Scripts\swarm-inference-lab\.runtime\experiment-026\logical-rpc-cache-2\rpc\28fe7b8002e1c388'
[set_tensor] saved to 'C:\Users\Simon\OneDrive\Documents\Python Scripts\swarm-inference-lab\.runtime\experiment-026\logical-rpc-cache-2\rpc\4c63e3724fcc0795'
[set_tensor] saved to 'C:\Users\Simon\OneDrive\Documents\Python Scripts\swarm-inference-lab\.runtime\experiment-026\logical-rpc-cache-2\rpc\343b5869a3744443'
[set_tensor] saved to 'C:\Users\Simon\OneDrive\Documents\Python Scripts\swarm-inference-lab\.runtime\experiment-026\logical-rpc-cache-2\rpc\b5d57607e1c89b23'
[set_tensor] saved to 'C:\Users\Simon\OneDrive\Documents\Python Scripts\swarm-inference-lab\.runtime\experiment-026\logical-rpc-cache-2\rpc\e9ee9abaf6b53607'
[set_tensor] saved to 'C:\Users\Simon\OneDrive\Documents\Python Scripts\swarm-inference-lab\.runtime\experiment-026\logical-rpc-cache-2\rpc\a44d26ef1069f2ca'
[set_tensor] saved to 'C:\Users\Simon\OneDrive\Documents\Python Scripts\swarm-inference-lab\.runtime\experiment-026\logical-rpc-cache-2\rpc\ae211a31ff33d542'
[set_tensor] saved to 'C:\Users\Simon\OneDrive\Documents\Python Scripts\swarm-inference-lab\.runtime\experiment-026\logical-rpc-cache-2\rpc\678ef33ef091fd46'
[set_tensor] saved to 'C:\Users\Simon\OneDrive\Documents\Python Scripts\swarm-inference-lab\.runtime\experiment-026\logical-rpc-cache-2\rpc\0b6402089fb71427'
[set_tensor] saved to 'C:\Users\Simon\OneDrive\Documents\Python Scripts\swarm-inference-lab\.runtime\experiment-026\logical-rpc-cache-2\rpc\822b517c983933cd'
[set_tensor] saved to 'C:\Users\Simon\OneDrive\Documents\Python Scripts\swarm-inference-lab\.runtime\experiment-026\logical-rpc-cache-2\rpc\4b79b005db049447'
[set_tensor] saved to 'C:\Users\Simon\OneDrive\Documents\Python Scripts\swarm-inference-lab\.runtime\experiment-026\logical-rpc-cache-2\rpc\9e6de077a162b40b'
[set_tensor] saved to 'C:\Users\Simon\OneDrive\Documents\Python Scripts\swarm-inference-lab\.runtime\experiment-026\logical-rpc-cache-2\rpc\a3b42ff189f8dca4'
[set_tensor] saved to 'C:\Users\Simon\OneDrive\Documents\Python Scripts\swarm-inference-lab\.runtime\experiment-026\logical-rpc-cache-2\rpc\271d0e724fd9dcd2'
[set_tensor] saved to 'C:\Users\Simon\OneDrive\Documents\Python Scripts\swarm-inference-lab\.runtime\experiment-026\logical-rpc-cache-2\rpc\5c2f68e080bcbfb5'
[set_tensor] saved to 'C:\Users\Simon\OneDrive\Documents\Python Scripts\swarm-inference-lab\.runtime\experiment-026\logical-rpc-cache-2\rpc\e5e90a16751af795'
[set_tensor] saved to 'C:\Users\Simon\OneDrive\Documents\Python Scripts\swarm-inference-lab\.runtime\experiment-026\logical-rpc-cache-2\rpc\7744cc364280013c'
[set_tensor] saved to 'C:\Users\Simon\OneDrive\Documents\Python Scripts\swarm-inference-lab\.runtime\experiment-026\logical-rpc-cache-2\rpc\64319f5dc961a0de'
[set_tensor] saved to 'C:\Users\Simon\OneDrive\Documents\Python Scripts\swarm-inference-lab\.runtime\experiment-026\logical-rpc-cache-2\rpc\0a2324b95512fa93'
[set_tensor] saved to 'C:\Users\Simon\OneDrive\Documents\Python Scripts\swarm-inference-lab\.runtime\experiment-026\logical-rpc-cache-2\rpc\3d6d9e8c023038a3'
[set_tensor] saved to 'C:\Users\Simon\OneDrive\Documents\Python Scripts\swarm-inference-lab\.runtime\experiment-026\logical-rpc-cache-2\rpc\257852e579c6599d'
[set_tensor] saved to 'C:\Users\Simon\OneDrive\Documents\Python Scripts\swarm-inference-lab\.runtime\experiment-026\logical-rpc-cache-2\rpc\62bc3b848b0a538b'
[set_tensor] saved to 'C:\Users\Simon\OneDrive\Documents\Python Scripts\swarm-inference-lab\.runtime\experiment-026\logical-rpc-cache-2\rpc\809f743de7e89857'
[set_tensor] saved to 'C:\Users\Simon\OneDrive\Documents\Python Scripts\swarm-inference-lab\.runtime\experiment-026\logical-rpc-cache-2\rpc\e4f24ff1fac1d73c'
[set_tensor] saved to 'C:\Users\Simon\OneDrive\Documents\Python Scripts\swarm-inference-lab\.runtime\experiment-026\logical-rpc-cache-2\rpc\2d0d250dc635abdd'
[set_tensor] saved to 'C:\Users\Simon\OneDrive\Documents\Python Scripts\swarm-inference-lab\.runtime\experiment-026\logical-rpc-cache-2\rpc\d03dcf898627e31a'
[set_tensor] saved to 'C:\Users\Simon\OneDrive\Documents\Python Scripts\swarm-inference-lab\.runtime\experiment-026\logical-rpc-cache-2\rpc\8e7ef7fcd4a9de60'
[set_tensor] saved to 'C:\Users\Simon\OneDrive\Documents\Python Scripts\swarm-inference-lab\.runtime\experiment-026\logical-rpc-cache-2\rpc\e8d1485b3464a712'
[set_tensor] saved to 'C:\Users\Simon\OneDrive\Documents\Python Scripts\swarm-inference-lab\.runtime\experiment-026\logical-rpc-cache-2\rpc\65b3b767f204af3d'
[set_tensor] saved to 'C:\Users\Simon\OneDrive\Documents\Python Scripts\swarm-inference-lab\.runtime\experiment-026\logical-rpc-cache-2\rpc\b0a6678d02df30a1'
[set_tensor] saved to 'C:\Users\Simon\OneDrive\Documents\Python Scripts\swarm-inference-lab\.runtime\experiment-026\logical-rpc-cache-2\rpc\c1da08e964119372'
[set_tensor] saved to 'C:\Users\Simon\OneDrive\Documents\Python Scripts\swarm-inference-lab\.runtime\experiment-026\logical-rpc-cache-2\rpc\12b4a1785cf8d767'
[set_tensor] saved to 'C:\Users\Simon\OneDrive\Documents\Python Scripts\swarm-inference-lab\.runtime\experiment-026\logical-rpc-cache-2\rpc\ad121e322f030f44'
[set_tensor] saved to 'C:\Users\Simon\OneDrive\Documents\Python Scripts\swarm-inference-lab\.runtime\experiment-026\logical-rpc-cache-2\rpc\52a05550705a3447'
[set_tensor] saved to 'C:\Users\Simon\OneDrive\Documents\Python Scripts\swarm-inference-lab\.runtime\experiment-026\logical-rpc-cache-2\rpc\bc8caff75b231f12'
[set_tensor] saved to 'C:\Users\Simon\OneDrive\Documents\Python Scripts\swarm-inference-lab\.runtime\experiment-026\logical-rpc-cache-2\rpc\c5013cf3de12f0e7'
[set_tensor] saved to 'C:\Users\Simon\OneDrive\Documents\Python Scripts\swarm-inference-lab\.runtime\experiment-026\logical-rpc-cache-2\rpc\fc856fc4b1090bef'
[set_tensor] saved to 'C:\Users\Simon\OneDrive\Documents\Python Scripts\swarm-inference-lab\.runtime\experiment-026\logical-rpc-cache-2\rpc\c0ae9761ff6e17b8'
[set_tensor] saved to 'C:\Users\Simon\OneDrive\Documents\Python Scripts\swarm-inference-lab\.runtime\experiment-026\logical-rpc-cache-2\rpc\e5df4993f0817da3'
[set_tensor] saved to 'C:\Users\Simon\OneDrive\Documents\Python Scripts\swarm-inference-lab\.runtime\experiment-026\logical-rpc-cache-2\rpc\bb5964d2038fa79f'
[set_tensor] saved to 'C:\Users\Simon\OneDrive\Documents\Python Scripts\swarm-inference-lab\.runtime\experiment-026\logical-rpc-cache-2\rpc\9cfc114cc5043b68'
[set_tensor] saved to 'C:\Users\Simon\OneDrive\Documents\Python Scripts\swarm-inference-lab\.runtime\experiment-026\logical-rpc-cache-2\rpc\993226b8a25c6df0'
[set_tensor] saved to 'C:\Users\Simon\OneDrive\Documents\Python Scripts\swarm-inference-lab\.runtime\experiment-026\logical-rpc-cache-2\rpc\50291d2884f70874'
[set_tensor] saved to 'C:\Users\Simon\OneDrive\Documents\Python Scripts\swarm-inference-lab\.runtime\experiment-026\logical-rpc-cache-2\rpc\50ddd9a068a41d23'
[set_tensor] saved to 'C:\Users\Simon\OneDrive\Documents\Python Scripts\swarm-inference-lab\.runtime\experiment-026\logical-rpc-cache-2\rpc\d511f1f4539b8411'
[set_tensor] saved to 'C:\Users\Simon\OneDrive\Documents\Python Scripts\swarm-inference-lab\.runtime\experiment-026\logical-rpc-cache-2\rpc\877fc43041314dd7'
[set_tensor] saved to 'C:\Users\Simon\OneDrive\Documents\Python Scripts\swarm-inference-lab\.runtime\experiment-026\logical-rpc-cache-2\rpc\f3929f6908141186'
[set_tensor] saved to 'C:\Users\Simon\OneDrive\Documents\Python Scripts\swarm-inference-lab\.runtime\experiment-026\logical-rpc-cache-2\rpc\36d023e81d3eab3e'
[set_tensor] saved to 'C:\Users\Simon\OneDrive\Documents\Python Scripts\swarm-inference-lab\.runtime\experiment-026\logical-rpc-cache-2\rpc\773739763723d8fe'
[set_tensor] saved to 'C:\Users\Simon\OneDrive\Documents\Python Scripts\swarm-inference-lab\.runtime\experiment-026\logical-rpc-cache-2\rpc\a653938ce8b5af8e'
[set_tensor] saved to 'C:\Users\Simon\OneDrive\Documents\Python Scripts\swarm-inference-lab\.runtime\experiment-026\logical-rpc-cache-2\rpc\1e38c00c1d9f3602'
[set_tensor] saved to 'C:\Users\Simon\OneDrive\Documents\Python Scripts\swarm-inference-lab\.runtime\experiment-026\logical-rpc-cache-2\rpc\b4bc14c0425f1e9d'
[set_tensor] saved to 'C:\Users\Simon\OneDrive\Documents\Python Scripts\swarm-inference-lab\.runtime\experiment-026\logical-rpc-cache-2\rpc\341117faa9e41ae6'
E026_STAGE device=0 nodes=1003 begin_us=48664885 end_us=48722463 reused=0
ggml_backend_cuda_graph_compute: CUDA graph warmup complete
E026_STAGE device=0 nodes=1003 begin_us=48850021 end_us=48867225 reused=1
ggml_backend_cuda_graph_compute: CUDA graph warmup reset
E026_STAGE device=0 nodes=1003 begin_us=49158980 end_us=49188394 reused=0
E026_STAGE device=0 nodes=1003 begin_us=49555444 end_us=49575250 reused=0
E026_STAGE device=0 nodes=1003 begin_us=49617632 end_us=49635798 reused=0
ggml_backend_cuda_graph_compute: CUDA graph warmup complete
E026_STAGE device=0 nodes=1003 begin_us=49670147 end_us=49686023 reused=1
E026_STAGE device=0 nodes=1003 begin_us=49718904 end_us=49733627 reused=1
E026_STAGE device=0 nodes=1003 begin_us=49759717 end_us=49766382 reused=1
E026_STAGE device=0 nodes=1003 begin_us=49798589 end_us=49805131 reused=1
E026_STAGE device=0 nodes=1003 begin_us=49830144 end_us=49836104 reused=1
E026_STAGE device=0 nodes=1003 begin_us=49854079 end_us=49861391 reused=1
E026_STAGE device=0 nodes=1003 begin_us=49877993 end_us=49881674 reused=1
E026_STAGE device=0 nodes=1003 begin_us=49901937 end_us=49910057 reused=1
E026_STAGE device=0 nodes=1003 begin_us=49927062 end_us=49934162 reused=1
E026_STAGE device=0 nodes=1003 begin_us=49951071 end_us=49957110 reused=1
E026_STAGE device=0 nodes=1003 begin_us=49976361 end_us=49984235 reused=1
E026_STAGE device=0 nodes=1003 begin_us=50001730 end_us=50007877 reused=1
E026_STAGE device=0 nodes=1003 begin_us=50026423 end_us=50033728 reused=1
E026_STAGE device=0 nodes=1003 begin_us=50049661 end_us=50055659 reused=1
E026_STAGE device=0 nodes=1003 begin_us=50073408 end_us=50079567 reused=1
E026_STAGE device=0 nodes=1003 begin_us=50098224 end_us=50104320 reused=1
E026_STAGE device=0 nodes=1003 begin_us=50123681 end_us=50127337 reused=1
E026_STAGE device=0 nodes=1003 begin_us=50147955 end_us=50151716 reused=1
E026_STAGE device=0 nodes=1003 begin_us=50171685 end_us=50175268 reused=1
E026_STAGE device=0 nodes=1003 begin_us=50210237 end_us=50213826 reused=1
E026_STAGE device=0 nodes=1003 begin_us=50229479 end_us=50233073 reused=1
E026_STAGE device=0 nodes=1003 begin_us=50249019 end_us=50252612 reused=1
E026_STAGE device=0 nodes=1003 begin_us=50267705 end_us=50271267 reused=1
E026_STAGE device=0 nodes=1003 begin_us=50286909 end_us=50290515 reused=1
E026_STAGE device=0 nodes=1003 begin_us=50306243 end_us=50309828 reused=1
E026_STAGE device=0 nodes=1003 begin_us=50325356 end_us=50328953 reused=1
E026_STAGE device=0 nodes=1003 begin_us=50344669 end_us=50348242 reused=1
E026_STAGE device=0 nodes=1003 begin_us=50363796 end_us=50367771 reused=1
E026_STAGE device=0 nodes=1003 begin_us=50383467 end_us=50387098 reused=1
E026_STAGE device=0 nodes=1003 begin_us=50402831 end_us=50406389 reused=1
E026_STAGE device=0 nodes=1003 begin_us=50422757 end_us=50426343 reused=1
E026_STAGE device=0 nodes=1003 begin_us=50442193 end_us=50445771 reused=1
E026_STAGE device=0 nodes=1003 begin_us=50461719 end_us=50465352 reused=1
E026_STAGE device=0 nodes=1003 begin_us=50481011 end_us=50484583 reused=1
E026_STAGE device=0 nodes=1003 begin_us=50499980 end_us=50503551 reused=1
E026_STAGE device=0 nodes=1003 begin_us=50518870 end_us=50522729 reused=1
E026_STAGE device=0 nodes=1003 begin_us=50538439 end_us=50542004 reused=1
E026_STAGE device=0 nodes=1003 begin_us=50557548 end_us=50561133 reused=1
E026_STAGE device=0 nodes=1003 begin_us=50577805 end_us=50581390 reused=1
E026_STAGE device=0 nodes=1003 begin_us=50597466 end_us=50601017 reused=1
E026_STAGE device=0 nodes=1003 begin_us=50618387 end_us=50622283 reused=1
E026_STAGE device=0 nodes=1003 begin_us=50638317 end_us=50641914 reused=1
E026_STAGE device=0 nodes=1003 begin_us=50658296 end_us=50661925 reused=1
E026_STAGE device=0 nodes=1003 begin_us=50677953 end_us=50681585 reused=1
E026_STAGE device=0 nodes=1003 begin_us=50697518 end_us=50701063 reused=1
E026_STAGE device=0 nodes=1003 begin_us=50716962 end_us=50720870 reused=1
E026_STAGE device=0 nodes=1003 begin_us=50736079 end_us=50739632 reused=1
E026_STAGE device=0 nodes=1003 begin_us=50755664 end_us=50759310 reused=1
E026_STAGE device=0 nodes=1003 begin_us=50774659 end_us=50778213 reused=1
E026_STAGE device=0 nodes=1003 begin_us=50793601 end_us=50797150 reused=1
E026_STAGE device=0 nodes=1003 begin_us=50812914 end_us=50816510 reused=1
E026_STAGE device=0 nodes=1003 begin_us=50832143 end_us=50835738 reused=1
E026_STAGE device=0 nodes=1003 begin_us=50851589 end_us=50855487 reused=1
E026_STAGE device=0 nodes=1003 begin_us=50870749 end_us=50874303 reused=1
E026_STAGE device=0 nodes=1003 begin_us=50889819 end_us=50893418 reused=1
E026_STAGE device=0 nodes=1003 begin_us=50908873 end_us=50912457 reused=1
E026_STAGE device=0 nodes=1003 begin_us=50927440 end_us=50930971 reused=1
E026_STAGE device=0 nodes=1003 begin_us=50946840 end_us=50950428 reused=1
E026_STAGE device=0 nodes=1003 begin_us=50965582 end_us=50969156 reused=1
E026_STAGE device=0 nodes=1003 begin_us=50984576 end_us=50988391 reused=1
E026_STAGE device=0 nodes=1003 begin_us=51003951 end_us=51007545 reused=1
E026_STAGE device=0 nodes=1003 begin_us=51022879 end_us=51026776 reused=1
E026_STAGE device=0 nodes=1003 begin_us=51042757 end_us=51046343 reused=1
E026_STAGE device=0 nodes=1003 begin_us=51061783 end_us=51065333 reused=1
E026_STAGE device=0 nodes=1003 begin_us=51081062 end_us=51084631 reused=1
E026_STAGE device=0 nodes=1003 begin_us=51101078 end_us=51105000 reused=1
E026_STAGE device=0 nodes=1003 begin_us=51121871 end_us=51125474 reused=1
E026_STAGE device=0 nodes=1003 begin_us=51141721 end_us=51145298 reused=1
E026_STAGE device=0 nodes=1003 begin_us=51160865 end_us=51164438 reused=1
E026_STAGE device=0 nodes=1003 begin_us=51181606 end_us=51185212 reused=1
E026_STAGE device=0 nodes=1003 begin_us=51201093 end_us=51204862 reused=1
E026_STAGE device=0 nodes=1003 begin_us=51221143 end_us=51225096 reused=1
E026_STAGE device=0 nodes=1003 begin_us=51241335 end_us=51244947 reused=1
E026_STAGE device=0 nodes=1003 begin_us=51260925 end_us=51264547 reused=1
E026_STAGE device=0 nodes=1003 begin_us=51280218 end_us=51283763 reused=1
E026_STAGE device=0 nodes=1003 begin_us=51300069 end_us=51303697 reused=1
E026_STAGE device=0 nodes=1003 begin_us=51319126 end_us=51323079 reused=1
E026_STAGE device=0 nodes=1003 begin_us=51338806 end_us=51342395 reused=1
E026_STAGE device=0 nodes=1003 begin_us=51358478 end_us=51362049 reused=1
E026_STAGE device=0 nodes=1003 begin_us=51377959 end_us=51381547 reused=1
E026_STAGE device=0 nodes=1003 begin_us=51396994 end_us=51400585 reused=1
E026_STAGE device=0 nodes=1003 begin_us=51416373 end_us=51420272 reused=1
E026_STAGE device=0 nodes=1003 begin_us=51435803 end_us=51439412 reused=1
E026_STAGE device=0 nodes=1003 begin_us=51454853 end_us=51458437 reused=1
E026_STAGE device=0 nodes=1003 begin_us=51474989 end_us=51478576 reused=1
E026_STAGE device=0 nodes=1003 begin_us=51495177 end_us=51498857 reused=1
E026_STAGE device=0 nodes=1003 begin_us=51515521 end_us=51519124 reused=1
E026_STAGE device=0 nodes=1003 begin_us=51535019 end_us=51538575 reused=1
E026_STAGE device=0 nodes=1003 begin_us=51554773 end_us=51558334 reused=1
E026_STAGE device=0 nodes=1003 begin_us=51574275 end_us=51577849 reused=1
E026_STAGE device=0 nodes=1003 begin_us=51593759 end_us=51597377 reused=1
E026_STAGE device=0 nodes=1003 begin_us=51613153 end_us=51616762 reused=1
E026_STAGE device=0 nodes=1003 begin_us=51634239 end_us=51638172 reused=1
E026_STAGE device=0 nodes=1003 begin_us=51653480 end_us=51657028 reused=1
E026_STAGE device=0 nodes=1003 begin_us=51672297 end_us=51675936 reused=1
E026_STAGE device=0 nodes=1003 begin_us=51691489 end_us=51695085 reused=1
E026_STAGE device=0 nodes=1003 begin_us=51710714 end_us=51714274 reused=1
E026_STAGE device=0 nodes=1003 begin_us=51729951 end_us=51733535 reused=1
E026_STAGE device=0 nodes=1003 begin_us=51749295 end_us=51752870 reused=1
E026_STAGE device=0 nodes=1003 begin_us=51768028 end_us=51771600 reused=1
E026_STAGE device=0 nodes=1003 begin_us=51787486 end_us=51791047 reused=1
E026_STAGE device=0 nodes=1003 begin_us=51806602 end_us=51810203 reused=1
E026_STAGE device=0 nodes=1003 begin_us=51826050 end_us=51829662 reused=1
E026_STAGE device=0 nodes=1003 begin_us=51845238 end_us=51848809 reused=1
E026_STAGE device=0 nodes=1003 begin_us=51864339 end_us=51868242 reused=1
E026_STAGE device=0 nodes=1003 begin_us=51884030 end_us=51887595 reused=1
E026_STAGE device=0 nodes=1003 begin_us=51903350 end_us=51906929 reused=1
E026_STAGE device=0 nodes=1003 begin_us=51922796 end_us=51926386 reused=1
E026_STAGE device=0 nodes=1003 begin_us=51942112 end_us=51945704 reused=1
E026_STAGE device=0 nodes=1003 begin_us=51960982 end_us=51964554 reused=1
E026_STAGE device=0 nodes=1003 begin_us=51980220 end_us=51983783 reused=1
E026_STAGE device=0 nodes=1003 begin_us=51998940 end_us=52002533 reused=1
E026_STAGE device=0 nodes=1003 begin_us=52018219 end_us=52022174 reused=1
E026_STAGE device=0 nodes=1003 begin_us=52038000 end_us=52041594 reused=1
E026_STAGE device=0 nodes=1003 begin_us=52057494 end_us=52061083 reused=1
E026_STAGE device=0 nodes=1003 begin_us=52077310 end_us=52080886 reused=1
E026_STAGE device=0 nodes=1003 begin_us=52096116 end_us=52099657 reused=1
E026_STAGE device=0 nodes=1003 begin_us=52116153 end_us=52120022 reused=1
E026_STAGE device=0 nodes=1003 begin_us=52136066 end_us=52139660 reused=1
E026_STAGE device=0 nodes=1003 begin_us=52155936 end_us=52159529 reused=1
E026_STAGE device=0 nodes=1003 begin_us=52175870 end_us=52179459 reused=1
E026_STAGE device=0 nodes=1003 begin_us=52195401 end_us=52199012 reused=1
E026_STAGE device=0 nodes=1003 begin_us=52215706 end_us=52219627 reused=1
E026_STAGE device=0 nodes=1003 begin_us=52235592 end_us=52239148 reused=1
E026_STAGE device=0 nodes=1003 begin_us=52255793 end_us=52259364 reused=1
E026_STAGE device=0 nodes=1003 begin_us=52275304 end_us=52278860 reused=1
ggml_backend_cuda_graph_compute: CUDA graph warmup reset
E026_STAGE device=0 nodes=1003 begin_us=52610081 end_us=52620161 reused=0
E026_STAGE device=0 nodes=1003 begin_us=52836959 end_us=52842926 reused=0
E026_STAGE device=0 nodes=1003 begin_us=52870823 end_us=52876197 reused=0
ggml_backend_cuda_graph_compute: CUDA graph warmup complete
E026_STAGE device=0 nodes=1003 begin_us=52898209 end_us=52902741 reused=1
E026_STAGE device=0 nodes=1003 begin_us=52943950 end_us=52947596 reused=1
E026_STAGE device=0 nodes=1003 begin_us=52963386 end_us=52966942 reused=1
E026_STAGE device=0 nodes=1003 begin_us=52982840 end_us=52986429 reused=1
E026_STAGE device=0 nodes=1003 begin_us=53002840 end_us=53006794 reused=1
E026_STAGE device=0 nodes=1003 begin_us=53023452 end_us=53027081 reused=1
E026_STAGE device=0 nodes=1003 begin_us=53043824 end_us=53047418 reused=1
E026_STAGE device=0 nodes=1003 begin_us=53063532 end_us=53067083 reused=1
E026_STAGE device=0 nodes=1003 begin_us=53083554 end_us=53087337 reused=1
E026_STAGE device=0 nodes=1003 begin_us=53103592 end_us=53107174 reused=1
E026_STAGE device=0 nodes=1003 begin_us=53122761 end_us=53126324 reused=1
E026_STAGE device=0 nodes=1003 begin_us=53142382 end_us=53145957 reused=1
E026_STAGE device=0 nodes=1003 begin_us=53162595 end_us=53166202 reused=1
E026_STAGE device=0 nodes=1003 begin_us=53182243 end_us=53186144 reused=1
E026_STAGE device=0 nodes=1003 begin_us=53201981 end_us=53205571 reused=1
E026_STAGE device=0 nodes=1003 begin_us=53221126 end_us=53224698 reused=1
E026_STAGE device=0 nodes=1003 begin_us=53240384 end_us=53243969 reused=1
E026_STAGE device=0 nodes=1003 begin_us=53259299 end_us=53262882 reused=1
E026_STAGE device=0 nodes=1003 begin_us=53278842 end_us=53282408 reused=1
E026_STAGE device=0 nodes=1003 begin_us=53298875 end_us=53302469 reused=1
E026_STAGE device=0 nodes=1003 begin_us=53318329 end_us=53322140 reused=1
E026_STAGE device=0 nodes=1003 begin_us=53338085 end_us=53341672 reused=1
E026_STAGE device=0 nodes=1003 begin_us=53357516 end_us=53361105 reused=1
E026_STAGE device=0 nodes=1003 begin_us=53377436 end_us=53381028 reused=1
E026_STAGE device=0 nodes=1003 begin_us=53397224 end_us=53400806 reused=1
E026_STAGE device=0 nodes=1003 begin_us=53416142 end_us=53419717 reused=1
E026_STAGE device=0 nodes=1003 begin_us=53435895 end_us=53439537 reused=1
E026_STAGE device=0 nodes=1003 begin_us=53454829 end_us=53458704 reused=1
E026_STAGE device=0 nodes=1003 begin_us=53474939 end_us=53478535 reused=1
E026_STAGE device=0 nodes=1003 begin_us=53493792 end_us=53497350 reused=1
E026_STAGE device=0 nodes=1003 begin_us=53512762 end_us=53516342 reused=1
E026_STAGE device=0 nodes=1003 begin_us=53532242 end_us=53536012 reused=1
E026_STAGE device=0 nodes=1003 begin_us=53551594 end_us=53555510 reused=1
E026_STAGE device=0 nodes=1003 begin_us=53571045 end_us=53574634 reused=1
E026_STAGE device=0 nodes=1003 begin_us=53589789 end_us=53593380 reused=1
E026_STAGE device=0 nodes=1003 begin_us=53609259 end_us=53612817 reused=1
E026_STAGE device=0 nodes=1003 begin_us=53628695 end_us=53632255 reused=1
E026_STAGE device=0 nodes=1003 begin_us=53647884 end_us=53651435 reused=1
E026_STAGE device=0 nodes=1003 begin_us=53667303 end_us=53671276 reused=1
E026_STAGE device=0 nodes=1003 begin_us=53686664 end_us=53690256 reused=1
E026_STAGE device=0 nodes=1003 begin_us=53706096 end_us=53709683 reused=1
E026_STAGE device=0 nodes=1003 begin_us=53725287 end_us=53728844 reused=1
E026_STAGE device=0 nodes=1003 begin_us=53744192 end_us=53747770 reused=1
E026_STAGE device=0 nodes=1003 begin_us=53763603 end_us=53767153 reused=1
E026_STAGE device=0 nodes=1003 begin_us=53782684 end_us=53786351 reused=1
E026_STAGE device=0 nodes=1003 begin_us=53802673 end_us=53806643 reused=1
E026_STAGE device=0 nodes=1003 begin_us=53822289 end_us=53825890 reused=1
E026_STAGE device=0 nodes=1003 begin_us=53842519 end_us=53846101 reused=1
E026_STAGE device=0 nodes=1003 begin_us=53862625 end_us=53866204 reused=1
E026_STAGE device=0 nodes=1003 begin_us=53882601 end_us=53886175 reused=1
E026_STAGE device=0 nodes=1003 begin_us=53902436 end_us=53906094 reused=1
E026_STAGE device=0 nodes=1003 begin_us=53921942 end_us=53925523 reused=1
E026_STAGE device=0 nodes=1003 begin_us=53942737 end_us=53946332 reused=1
E026_STAGE device=0 nodes=1003 begin_us=53962162 end_us=53965735 reused=1
E026_STAGE device=0 nodes=1003 begin_us=53981529 end_us=53985122 reused=1
E026_STAGE device=0 nodes=1003 begin_us=54001919 end_us=54005853 reused=1
E026_STAGE device=0 nodes=1003 begin_us=54021781 end_us=54025692 reused=1
E026_STAGE device=0 nodes=1003 begin_us=54041694 end_us=54045283 reused=1
E026_STAGE device=0 nodes=1003 begin_us=54060729 end_us=54064331 reused=1
E026_STAGE device=0 nodes=1003 begin_us=54080111 end_us=54083654 reused=1
E026_STAGE device=0 nodes=1003 begin_us=54099939 end_us=54103837 reused=1
E026_STAGE device=0 nodes=1003 begin_us=54120192 end_us=54124110 reused=1
E026_STAGE device=0 nodes=1003 begin_us=54139482 end_us=54143072 reused=1
E026_STAGE device=0 nodes=1003 begin_us=54158641 end_us=54162193 reused=1
E026_STAGE device=0 nodes=1003 begin_us=54178346 end_us=54181917 reused=1
E026_STAGE device=0 nodes=1003 begin_us=54198690 end_us=54202269 reused=1
E026_STAGE device=0 nodes=1003 begin_us=54217697 end_us=54221635 reused=1
E026_STAGE device=0 nodes=1003 begin_us=54237173 end_us=54240766 reused=1
E026_STAGE device=0 nodes=1003 begin_us=54255976 end_us=54259547 reused=1
E026_STAGE device=0 nodes=1003 begin_us=54275874 end_us=54279432 reused=1
E026_STAGE device=0 nodes=1003 begin_us=54295353 end_us=54298935 reused=1
E026_STAGE device=0 nodes=1003 begin_us=54315135 end_us=54318716 reused=1
E026_STAGE device=0 nodes=1003 begin_us=54334666 end_us=54338227 reused=1
E026_STAGE device=0 nodes=1003 begin_us=54353876 end_us=54357435 reused=1
E026_STAGE device=0 nodes=1003 begin_us=54373113 end_us=54376720 reused=1
E026_STAGE device=0 nodes=1003 begin_us=54392827 end_us=54396740 reused=1
E026_STAGE device=0 nodes=1003 begin_us=54412956 end_us=54416550 reused=1
E026_STAGE device=0 nodes=1003 begin_us=54433588 end_us=54437212 reused=1
E026_STAGE device=0 nodes=1003 begin_us=54453575 end_us=54457168 reused=1
E026_STAGE device=0 nodes=1003 begin_us=54472524 end_us=54476096 reused=1
E026_STAGE device=0 nodes=1003 begin_us=54491631 end_us=54495202 reused=1
E026_STAGE device=0 nodes=1003 begin_us=54510989 end_us=54514587 reused=1
E026_STAGE device=0 nodes=1003 begin_us=54530192 end_us=54533753 reused=1
E026_STAGE device=0 nodes=1003 begin_us=54549544 end_us=54553442 reused=1
E026_STAGE device=0 nodes=1003 begin_us=54568860 end_us=54572419 reused=1
E026_STAGE device=0 nodes=1003 begin_us=54588137 end_us=54591690 reused=1
E026_STAGE device=0 nodes=1003 begin_us=54607645 end_us=54611242 reused=1
E026_STAGE device=0 nodes=1003 begin_us=54627012 end_us=54630587 reused=1
E026_STAGE device=0 nodes=1003 begin_us=54646220 end_us=54649801 reused=1
E026_STAGE device=0 nodes=1003 begin_us=54665803 end_us=54669362 reused=1
E026_STAGE device=0 nodes=1003 begin_us=54685233 end_us=54688890 reused=1
E026_STAGE device=0 nodes=1003 begin_us=54704308 end_us=54707853 reused=1
E026_STAGE device=0 nodes=1003 begin_us=54723224 end_us=54726790 reused=1
E026_STAGE device=0 nodes=1003 begin_us=54743364 end_us=54746968 reused=1
E026_STAGE device=0 nodes=1003 begin_us=54762829 end_us=54766386 reused=1
E026_STAGE device=0 nodes=1003 begin_us=54782461 end_us=54786045 reused=1
E026_STAGE device=0 nodes=1003 begin_us=54803075 end_us=54806665 reused=1
E026_STAGE device=0 nodes=1003 begin_us=54821934 end_us=54825870 reused=1
E026_STAGE device=0 nodes=1003 begin_us=54841700 end_us=54845277 reused=1
E026_STAGE device=0 nodes=1003 begin_us=54860615 end_us=54864163 reused=1
E026_STAGE device=0 nodes=1003 begin_us=54879219 end_us=54882793 reused=1
E026_STAGE device=0 nodes=1003 begin_us=54898519 end_us=54902092 reused=1
E026_STAGE device=0 nodes=1003 begin_us=54917568 end_us=54921137 reused=1
E026_STAGE device=0 nodes=1003 begin_us=54937426 end_us=54941020 reused=1
E026_STAGE device=0 nodes=1003 begin_us=54957207 end_us=54960764 reused=1
E026_STAGE device=0 nodes=1003 begin_us=54977099 end_us=54980691 reused=1
E026_STAGE device=0 nodes=1003 begin_us=54996941 end_us=55000514 reused=1
E026_STAGE device=0 nodes=1003 begin_us=55016982 end_us=55020588 reused=1
E026_STAGE device=0 nodes=1003 begin_us=55036708 end_us=55040281 reused=1
E026_STAGE device=0 nodes=1003 begin_us=55055860 end_us=55059764 reused=1
E026_STAGE device=0 nodes=1003 begin_us=55075728 end_us=55079299 reused=1
E026_STAGE device=0 nodes=1003 begin_us=55094608 end_us=55098172 reused=1
E026_STAGE device=0 nodes=1003 begin_us=55113294 end_us=55116834 reused=1
E026_STAGE device=0 nodes=1003 begin_us=55132426 end_us=55136292 reused=1
E026_STAGE device=0 nodes=1003 begin_us=55151573 end_us=55155140 reused=1
E026_STAGE device=0 nodes=1003 begin_us=55170746 end_us=55174315 reused=1
E026_STAGE device=0 nodes=1003 begin_us=55190614 end_us=55194182 reused=1
E026_STAGE device=0 nodes=1003 begin_us=55211053 end_us=55214673 reused=1
E026_STAGE device=0 nodes=1003 begin_us=55230936 end_us=55234496 reused=1
E026_STAGE device=0 nodes=1003 begin_us=55250162 end_us=55254099 reused=1
E026_STAGE device=0 nodes=1003 begin_us=55270008 end_us=55273557 reused=1
E026_STAGE device=0 nodes=1003 begin_us=55288972 end_us=55292544 reused=1
E026_STAGE device=0 nodes=1003 begin_us=55308519 end_us=55312185 reused=1
E026_STAGE device=0 nodes=1003 begin_us=55327775 end_us=55331366 reused=1
E026_STAGE device=0 nodes=1003 begin_us=55347037 end_us=55350621 reused=1
E026_STAGE device=0 nodes=1003 begin_us=55366677 end_us=55370257 reused=1
ggml_backend_cuda_graph_compute: CUDA graph warmup reset
E026_STAGE device=0 nodes=1003 begin_us=55803504 end_us=55842435 reused=0
E026_STAGE device=0 nodes=1003 begin_us=56001912 end_us=56041523 reused=0
E026_STAGE device=0 nodes=1003 begin_us=56206275 end_us=56244804 reused=0
E026_STAGE device=0 nodes=1003 begin_us=56411717 end_us=56453805 reused=0
E026_STAGE device=0 nodes=1003 begin_us=56640380 end_us=56679186 reused=0
E026_STAGE device=0 nodes=1003 begin_us=56854841 end_us=56893682 reused=0
E026_STAGE device=0 nodes=1003 begin_us=57059127 end_us=57098145 reused=0
E026_STAGE device=0 nodes=1003 begin_us=57267192 end_us=57306570 reused=0
E026_STAGE device=0 nodes=1003 begin_us=57483493 end_us=57523075 reused=0
E026_STAGE device=0 nodes=1003 begin_us=57705407 end_us=57745028 reused=0
E026_STAGE device=0 nodes=1003 begin_us=57950183 end_us=57989788 reused=0
E026_STAGE device=0 nodes=1003 begin_us=58163829 end_us=58203721 reused=0
E026_STAGE device=0 nodes=1003 begin_us=58402631 end_us=58442671 reused=0
E026_STAGE device=0 nodes=1003 begin_us=58646484 end_us=58686651 reused=0
E026_STAGE device=0 nodes=1003 begin_us=58867185 end_us=58895082 reused=0
E026_STAGE device=0 nodes=1003 begin_us=59303279 end_us=59343598 reused=0
E026_STAGE device=0 nodes=1003 begin_us=59684640 end_us=59690860 reused=0
E026_STAGE device=0 nodes=1003 begin_us=59719153 end_us=59727256 reused=0
ggml_backend_cuda_graph_compute: CUDA graph warmup complete
E026_STAGE device=0 nodes=1003 begin_us=59754844 end_us=59760897 reused=1
E026_STAGE device=0 nodes=1003 begin_us=59781649 end_us=59785320 reused=1
E026_STAGE device=0 nodes=1003 begin_us=59801710 end_us=59805595 reused=1
E026_STAGE device=0 nodes=1003 begin_us=59821855 end_us=59825613 reused=1
E026_STAGE device=0 nodes=1003 begin_us=59842222 end_us=59845915 reused=1
E026_STAGE device=0 nodes=1003 begin_us=59862177 end_us=59865850 reused=1
E026_STAGE device=0 nodes=1003 begin_us=59882416 end_us=59886433 reused=1
E026_STAGE device=0 nodes=1003 begin_us=59902101 end_us=59905757 reused=1
E026_STAGE device=0 nodes=1003 begin_us=59922265 end_us=59925950 reused=1
E026_STAGE device=0 nodes=1003 begin_us=59942204 end_us=59945885 reused=1
E026_STAGE device=0 nodes=1003 begin_us=59961885 end_us=59965902 reused=1
E026_STAGE device=0 nodes=1003 begin_us=59982182 end_us=59985860 reused=1
E026_STAGE device=0 nodes=1003 begin_us=60001501 end_us=60005194 reused=1
E026_STAGE device=0 nodes=1003 begin_us=60021497 end_us=60025176 reused=1
E026_STAGE device=0 nodes=1003 begin_us=60041504 end_us=60045184 reused=1
E026_STAGE device=0 nodes=1003 begin_us=60061859 end_us=60065540 reused=1
E026_STAGE device=0 nodes=1003 begin_us=60081933 end_us=60085622 reused=1
E026_STAGE device=0 nodes=1003 begin_us=60102226 end_us=60105913 reused=1
E026_STAGE device=0 nodes=1003 begin_us=60122559 end_us=60126257 reused=1
E026_STAGE device=0 nodes=1003 begin_us=60142210 end_us=60145856 reused=1
E026_STAGE device=0 nodes=1003 begin_us=60162009 end_us=60165664 reused=1
E026_STAGE device=0 nodes=1003 begin_us=60181718 end_us=60185381 reused=1
E026_STAGE device=0 nodes=1003 begin_us=60201274 end_us=60205287 reused=1
E026_STAGE device=0 nodes=1003 begin_us=60221087 end_us=60224767 reused=1
E026_STAGE device=0 nodes=1003 begin_us=60240366 end_us=60244090 reused=1
E026_STAGE device=0 nodes=1003 begin_us=60260603 end_us=60264271 reused=1
E026_STAGE device=0 nodes=1003 begin_us=60280119 end_us=60283783 reused=1
E026_STAGE device=0 nodes=1003 begin_us=60525643 end_us=60529363 reused=1
E026_STAGE device=0 nodes=1003 begin_us=60545044 end_us=60548729 reused=1
E026_STAGE device=0 nodes=1003 begin_us=60564477 end_us=60568146 reused=1
E026_STAGE device=0 nodes=1003 begin_us=60585083 end_us=60588775 reused=1
E026_STAGE device=0 nodes=1003 begin_us=60605442 end_us=60609117 reused=1
E026_STAGE device=0 nodes=1003 begin_us=60625500 end_us=60629195 reused=1
E026_STAGE device=0 nodes=1003 begin_us=60645214 end_us=60648880 reused=1
E026_STAGE device=0 nodes=1003 begin_us=60665367 end_us=60669087 reused=1
E026_STAGE device=0 nodes=1003 begin_us=60685768 end_us=60689453 reused=1
E026_STAGE device=0 nodes=1003 begin_us=60706092 end_us=60710113 reused=1
E026_STAGE device=0 nodes=1003 begin_us=60726194 end_us=60730246 reused=1
E026_STAGE device=0 nodes=1003 begin_us=60746359 end_us=60750052 reused=1
E026_STAGE device=0 nodes=1003 begin_us=60766120 end_us=60769800 reused=1
E026_STAGE device=0 nodes=1003 begin_us=60786192 end_us=60789867 reused=1
E026_STAGE device=0 nodes=1003 begin_us=60805501 end_us=60809184 reused=1
E026_STAGE device=0 nodes=1003 begin_us=60825864 end_us=60829551 reused=1
E026_STAGE device=0 nodes=1003 begin_us=60845426 end_us=60849104 reused=1
E026_STAGE device=0 nodes=1003 begin_us=60865426 end_us=60869460 reused=1
E026_STAGE device=0 nodes=1003 begin_us=60885523 end_us=60889177 reused=1
E026_STAGE device=0 nodes=1003 begin_us=60905202 end_us=60908884 reused=1
E026_STAGE device=0 nodes=1003 begin_us=60925054 end_us=60928731 reused=1
E026_STAGE device=0 nodes=1003 begin_us=60944406 end_us=60948281 reused=1
E026_STAGE device=0 nodes=1003 begin_us=60964378 end_us=60968023 reused=1
E026_STAGE device=0 nodes=1003 begin_us=60983557 end_us=60987191 reused=1
E026_STAGE device=0 nodes=1003 begin_us=61003002 end_us=61006717 reused=1
E026_STAGE device=0 nodes=1003 begin_us=61023316 end_us=61027341 reused=1
E026_STAGE device=0 nodes=1003 begin_us=61043911 end_us=61047763 reused=1
E026_STAGE device=0 nodes=1003 begin_us=61063869 end_us=61067537 reused=1
E026_STAGE device=0 nodes=1003 begin_us=61083208 end_us=61086851 reused=1
E026_STAGE device=0 nodes=1003 begin_us=61104026 end_us=61107699 reused=1
E026_STAGE device=0 nodes=1003 begin_us=61123648 end_us=61127312 reused=1
E026_STAGE device=0 nodes=1003 begin_us=61143415 end_us=61147107 reused=1
E026_STAGE device=0 nodes=1003 begin_us=61164500 end_us=61168530 reused=1
E026_STAGE device=0 nodes=1003 begin_us=61185683 end_us=61189429 reused=1
E026_STAGE device=0 nodes=1003 begin_us=61205868 end_us=61209539 reused=1
E026_STAGE device=0 nodes=1003 begin_us=61226028 end_us=61229993 reused=1
E026_STAGE device=0 nodes=1003 begin_us=61247052 end_us=61250723 reused=1
E026_STAGE device=0 nodes=1003 begin_us=61267162 end_us=61270847 reused=1
E026_STAGE device=0 nodes=1003 begin_us=61286859 end_us=61290495 reused=1
E026_STAGE device=0 nodes=1003 begin_us=61307122 end_us=61310782 reused=1
E026_STAGE device=0 nodes=1003 begin_us=61326856 end_us=61330539 reused=1
E026_STAGE device=0 nodes=1003 begin_us=61347271 end_us=61350941 reused=1
E026_STAGE device=0 nodes=1003 begin_us=61367182 end_us=61371181 reused=1
E026_STAGE device=0 nodes=1003 begin_us=61388758 end_us=61392448 reused=1
E026_STAGE device=0 nodes=1003 begin_us=61409000 end_us=61412701 reused=1
E026_STAGE device=0 nodes=1003 begin_us=61430486 end_us=61434542 reused=1
E026_STAGE device=0 nodes=1003 begin_us=61452580 end_us=61456283 reused=1
E026_STAGE device=0 nodes=1003 begin_us=61474087 end_us=61477778 reused=1
E026_STAGE device=0 nodes=1003 begin_us=61493817 end_us=61497503 reused=1
E026_STAGE device=0 nodes=1003 begin_us=61513140 end_us=61517169 reused=1
E026_STAGE device=0 nodes=1003 begin_us=61533339 end_us=61537014 reused=1
E026_STAGE device=0 nodes=1003 begin_us=61552379 end_us=61556020 reused=1
E026_STAGE device=0 nodes=1003 begin_us=61572179 end_us=61575875 reused=1
E026_STAGE device=0 nodes=1003 begin_us=61593116 end_us=61596817 reused=1
E026_STAGE device=0 nodes=1003 begin_us=61613321 end_us=61617016 reused=1
E026_STAGE device=0 nodes=1003 begin_us=61633373 end_us=61637038 reused=1
E026_STAGE device=0 nodes=1003 begin_us=61653422 end_us=61657095 reused=1
E026_STAGE device=0 nodes=1003 begin_us=61673752 end_us=61677440 reused=1
E026_STAGE device=0 nodes=1003 begin_us=61693792 end_us=61697448 reused=1
E026_STAGE device=0 nodes=1003 begin_us=61714625 end_us=61718321 reused=1
E026_STAGE device=0 nodes=1003 begin_us=61736543 end_us=61740244 reused=1
E026_STAGE device=0 nodes=1003 begin_us=61757395 end_us=61761400 reused=1
E026_STAGE device=0 nodes=1003 begin_us=61777843 end_us=61781523 reused=1
E026_STAGE device=0 nodes=1003 begin_us=61798691 end_us=61802467 reused=1
E026_STAGE device=0 nodes=1003 begin_us=61818772 end_us=61822834 reused=1
E026_STAGE device=0 nodes=1003 begin_us=61839425 end_us=61843140 reused=1
E026_STAGE device=0 nodes=1003 begin_us=61860237 end_us=61863923 reused=1
E026_STAGE device=0 nodes=1003 begin_us=61880701 end_us=61884577 reused=1
E026_STAGE device=0 nodes=1003 begin_us=61900989 end_us=61904647 reused=1
E026_STAGE device=0 nodes=1003 begin_us=61920674 end_us=61924336 reused=1
E026_STAGE device=0 nodes=1003 begin_us=61940739 end_us=61944492 reused=1
E026_STAGE device=0 nodes=1003 begin_us=61960262 end_us=61963911 reused=1
E026_STAGE device=0 nodes=1003 begin_us=61980204 end_us=61983894 reused=1
E026_STAGE device=0 nodes=1003 begin_us=62001316 end_us=62005017 reused=1
E026_STAGE device=0 nodes=1003 begin_us=62021410 end_us=62025086 reused=1
E026_STAGE device=0 nodes=1003 begin_us=62041168 end_us=62045158 reused=1
E026_STAGE device=0 nodes=1003 begin_us=62060719 end_us=62064409 reused=1
E026_STAGE device=0 nodes=1003 begin_us=62080834 end_us=62084505 reused=1
E026_STAGE device=0 nodes=1003 begin_us=62100182 end_us=62103883 reused=1
E026_STAGE device=0 nodes=1003 begin_us=62120129 end_us=62123824 reused=1
E026_STAGE device=0 nodes=1003 begin_us=62140798 end_us=62144485 reused=1
E026_STAGE device=0 nodes=1003 begin_us=62160398 end_us=62164084 reused=1
E026_STAGE device=0 nodes=1003 begin_us=62180241 end_us=62183924 reused=1
E026_STAGE device=0 nodes=1003 begin_us=62199571 end_us=62203259 reused=1
E026_STAGE device=0 nodes=1003 begin_us=62219572 end_us=62223575 reused=1
E026_STAGE device=0 nodes=1003 begin_us=62240148 end_us=62243861 reused=1
E026_STAGE device=0 nodes=1003 begin_us=62259635 end_us=62263283 reused=1
E026_STAGE device=0 nodes=1003 begin_us=62279340 end_us=62283013 reused=1
E026_STAGE device=0 nodes=1003 begin_us=62298366 end_us=62302009 reused=1
E026_STAGE device=0 nodes=1003 begin_us=62318366 end_us=62322018 reused=1
E026_STAGE device=0 nodes=1003 begin_us=62338157 end_us=62341811 reused=1
E026_STAGE device=0 nodes=1003 begin_us=62358066 end_us=62362099 reused=1
E026_STAGE device=0 nodes=1003 begin_us=62377930 end_us=62381602 reused=1
E026_STAGE device=0 nodes=1003 begin_us=62396914 end_us=62400559 reused=1
E026_STAGE device=0 nodes=1003 begin_us=62417034 end_us=62420719 reused=1
E026_STAGE device=0 nodes=1003 begin_us=62437236 end_us=62440924 reused=1
E026_STAGE device=0 nodes=1003 begin_us=62457284 end_us=62460958 reused=1
E026_STAGE device=0 nodes=1003 begin_us=62477354 end_us=62481030 reused=1
E026_STAGE device=0 nodes=1003 begin_us=62497211 end_us=62500897 reused=1
Client connection closed
