ggml_cuda_init: found 1 CUDA devices (Total VRAM: 32606 MiB):
  Device 0: NVIDIA GeForce RTX 5090, compute capability 12.0, VMM: yes, VRAM: 32606 MiB
Starting RPC server v6.0.0
  endpoint       : 127.0.0.1:42632
  local cache    : C:\Users\Simon\OneDrive\Documents\Python Scripts\swarm-inference-lab\.runtime\experiment-026\logical-rpc-cache-1\rpc\
Devices:
  CUDA0: NVIDIA GeForce RTX 5090 (32606 MiB, 30927 MiB free)
  transport      : TCP
Accepted client connection
Client connection closed
Accepted client connection
Client connection closed
Accepted client connection
Client connection closed
Accepted client connection
Client connection closed
Accepted client connection
Client connection closed
Accepted client connection
Client connection closed
Accepted client connection
Client connection closed
Accepted client connection
[set_tensor] saved to 'C:\Users\Simon\OneDrive\Documents\Python Scripts\swarm-inference-lab\.runtime\experiment-026\logical-rpc-cache-1\rpc\32bf409121cba454'
[set_tensor] saved to 'C:\Users\Simon\OneDrive\Documents\Python Scripts\swarm-inference-lab\.runtime\experiment-026\logical-rpc-cache-1\rpc\8456eee18261f0d9'
[set_tensor] saved to 'C:\Users\Simon\OneDrive\Documents\Python Scripts\swarm-inference-lab\.runtime\experiment-026\logical-rpc-cache-1\rpc\392d76573341915f'
[set_tensor] saved to 'C:\Users\Simon\OneDrive\Documents\Python Scripts\swarm-inference-lab\.runtime\experiment-026\logical-rpc-cache-1\rpc\321169c1af4d09a7'
[set_tensor] saved to 'C:\Users\Simon\OneDrive\Documents\Python Scripts\swarm-inference-lab\.runtime\experiment-026\logical-rpc-cache-1\rpc\a80651089d9a0a36'
[set_tensor] saved to 'C:\Users\Simon\OneDrive\Documents\Python Scripts\swarm-inference-lab\.runtime\experiment-026\logical-rpc-cache-1\rpc\b0a945dec2005ed6'
[set_tensor] saved to 'C:\Users\Simon\OneDrive\Documents\Python Scripts\swarm-inference-lab\.runtime\experiment-026\logical-rpc-cache-1\rpc\dfb7fb309e3dc2e4'
[set_tensor] saved to 'C:\Users\Simon\OneDrive\Documents\Python Scripts\swarm-inference-lab\.runtime\experiment-026\logical-rpc-cache-1\rpc\4264b25adcd3ccae'
[set_tensor] saved to 'C:\Users\Simon\OneDrive\Documents\Python Scripts\swarm-inference-lab\.runtime\experiment-026\logical-rpc-cache-1\rpc\3112d35104c4fe8b'
[set_tensor] saved to 'C:\Users\Simon\OneDrive\Documents\Python Scripts\swarm-inference-lab\.runtime\experiment-026\logical-rpc-cache-1\rpc\46177b93e205bd08'
[set_tensor] saved to 'C:\Users\Simon\OneDrive\Documents\Python Scripts\swarm-inference-lab\.runtime\experiment-026\logical-rpc-cache-1\rpc\57f97d31cfbc86e1'
[set_tensor] saved to 'C:\Users\Simon\OneDrive\Documents\Python Scripts\swarm-inference-lab\.runtime\experiment-026\logical-rpc-cache-1\rpc\42c1935029dcb0a7'
[set_tensor] saved to 'C:\Users\Simon\OneDrive\Documents\Python Scripts\swarm-inference-lab\.runtime\experiment-026\logical-rpc-cache-1\rpc\a74497cc5e2bb32f'
[set_tensor] saved to 'C:\Users\Simon\OneDrive\Documents\Python Scripts\swarm-inference-lab\.runtime\experiment-026\logical-rpc-cache-1\rpc\10ae37cc97113f77'
[set_tensor] saved to 'C:\Users\Simon\OneDrive\Documents\Python Scripts\swarm-inference-lab\.runtime\experiment-026\logical-rpc-cache-1\rpc\da4c5f6f3f5f6389'
[set_tensor] saved to 'C:\Users\Simon\OneDrive\Documents\Python Scripts\swarm-inference-lab\.runtime\experiment-026\logical-rpc-cache-1\rpc\b03d018c1b30c4c2'
[set_tensor] saved to 'C:\Users\Simon\OneDrive\Documents\Python Scripts\swarm-inference-lab\.runtime\experiment-026\logical-rpc-cache-1\rpc\ea406aab4a377d96'
[set_tensor] saved to 'C:\Users\Simon\OneDrive\Documents\Python Scripts\swarm-inference-lab\.runtime\experiment-026\logical-rpc-cache-1\rpc\540ec0c1da1cce76'
[set_tensor] saved to 'C:\Users\Simon\OneDrive\Documents\Python Scripts\swarm-inference-lab\.runtime\experiment-026\logical-rpc-cache-1\rpc\53b5855a0b9fdac4'
[set_tensor] saved to 'C:\Users\Simon\OneDrive\Documents\Python Scripts\swarm-inference-lab\.runtime\experiment-026\logical-rpc-cache-1\rpc\b3b3cb318196279a'
[set_tensor] saved to 'C:\Users\Simon\OneDrive\Documents\Python Scripts\swarm-inference-lab\.runtime\experiment-026\logical-rpc-cache-1\rpc\5248e7900d9bc610'
[set_tensor] saved to 'C:\Users\Simon\OneDrive\Documents\Python Scripts\swarm-inference-lab\.runtime\experiment-026\logical-rpc-cache-1\rpc\fa72bf1510cec593'
[set_tensor] saved to 'C:\Users\Simon\OneDrive\Documents\Python Scripts\swarm-inference-lab\.runtime\experiment-026\logical-rpc-cache-1\rpc\cba3ca25ae47029b'
[set_tensor] saved to 'C:\Users\Simon\OneDrive\Documents\Python Scripts\swarm-inference-lab\.runtime\experiment-026\logical-rpc-cache-1\rpc\736e5c1c3a6aa7c3'
[set_tensor] saved to 'C:\Users\Simon\OneDrive\Documents\Python Scripts\swarm-inference-lab\.runtime\experiment-026\logical-rpc-cache-1\rpc\7a1cfc2a8dbbca69'
[set_tensor] saved to 'C:\Users\Simon\OneDrive\Documents\Python Scripts\swarm-inference-lab\.runtime\experiment-026\logical-rpc-cache-1\rpc\3a6659a66f29990c'
[set_tensor] saved to 'C:\Users\Simon\OneDrive\Documents\Python Scripts\swarm-inference-lab\.runtime\experiment-026\logical-rpc-cache-1\rpc\23ac4a3bad13a69a'
[set_tensor] saved to 'C:\Users\Simon\OneDrive\Documents\Python Scripts\swarm-inference-lab\.runtime\experiment-026\logical-rpc-cache-1\rpc\1b410a4b1966c8c1'
[set_tensor] saved to 'C:\Users\Simon\OneDrive\Documents\Python Scripts\swarm-inference-lab\.runtime\experiment-026\logical-rpc-cache-1\rpc\d4baaac12f26c2c0'
E026_STAGE device=0 nodes=936 begin_us=49158529 end_us=49208471 reused=0
ggml_backend_cuda_graph_compute: CUDA graph warmup complete
E026_STAGE device=0 nodes=936 begin_us=49296630 end_us=49306429 reused=1
ggml_backend_cuda_graph_compute: CUDA graph warmup reset
E026_STAGE device=0 nodes=936 begin_us=49624806 end_us=49648676 reused=0
E026_STAGE device=0 nodes=936 begin_us=50004491 end_us=50015024 reused=0
E026_STAGE device=0 nodes=936 begin_us=50065456 end_us=50074205 reused=0
ggml_backend_cuda_graph_compute: CUDA graph warmup complete
E026_STAGE device=0 nodes=936 begin_us=50115045 end_us=50123581 reused=1
E026_STAGE device=0 nodes=936 begin_us=50161775 end_us=50167838 reused=1
E026_STAGE device=0 nodes=936 begin_us=50200443 end_us=50206467 reused=1
E026_STAGE device=0 nodes=936 begin_us=50239098 end_us=50243906 reused=1
E026_STAGE device=0 nodes=936 begin_us=50265050 end_us=50268436 reused=1
E026_STAGE device=0 nodes=936 begin_us=50288495 end_us=50291842 reused=1
E026_STAGE device=0 nodes=936 begin_us=50312183 end_us=50315520 reused=1
E026_STAGE device=0 nodes=936 begin_us=50337437 end_us=50340812 reused=1
E026_STAGE device=0 nodes=936 begin_us=50361615 end_us=50364980 reused=1
E026_STAGE device=0 nodes=936 begin_us=50386058 end_us=50389444 reused=1
E026_STAGE device=0 nodes=936 begin_us=50411695 end_us=50415078 reused=1
E026_STAGE device=0 nodes=936 begin_us=50437163 end_us=50440545 reused=1
E026_STAGE device=0 nodes=936 begin_us=50461010 end_us=50464373 reused=1
E026_STAGE device=0 nodes=936 begin_us=50484351 end_us=50487743 reused=1
E026_STAGE device=0 nodes=936 begin_us=50508792 end_us=50512181 reused=1
E026_STAGE device=0 nodes=936 begin_us=50534880 end_us=50538256 reused=1
E026_STAGE device=0 nodes=936 begin_us=50558102 end_us=50562085 reused=1
E026_STAGE device=0 nodes=936 begin_us=50582491 end_us=50585859 reused=1
E026_STAGE device=0 nodes=936 begin_us=50620968 end_us=50624357 reused=1
E026_STAGE device=0 nodes=936 begin_us=50640409 end_us=50643775 reused=1
E026_STAGE device=0 nodes=936 begin_us=50659702 end_us=50663398 reused=1
E026_STAGE device=0 nodes=936 begin_us=50679218 end_us=50682581 reused=1
E026_STAGE device=0 nodes=936 begin_us=50697854 end_us=50701222 reused=1
E026_STAGE device=0 nodes=936 begin_us=50717295 end_us=50720665 reused=1
E026_STAGE device=0 nodes=936 begin_us=50736377 end_us=50739743 reused=1
E026_STAGE device=0 nodes=936 begin_us=50755576 end_us=50758916 reused=1
E026_STAGE device=0 nodes=936 begin_us=50774986 end_us=50778355 reused=1
E026_STAGE device=0 nodes=936 begin_us=50794517 end_us=50797940 reused=1
E026_STAGE device=0 nodes=936 begin_us=50813732 end_us=50817445 reused=1
E026_STAGE device=0 nodes=936 begin_us=50832997 end_us=50836356 reused=1
E026_STAGE device=0 nodes=936 begin_us=50853211 end_us=50856577 reused=1
E026_STAGE device=0 nodes=936 begin_us=50872468 end_us=50875837 reused=1
E026_STAGE device=0 nodes=936 begin_us=50892038 end_us=50895588 reused=1
E026_STAGE device=0 nodes=936 begin_us=50911272 end_us=50914610 reused=1
E026_STAGE device=0 nodes=936 begin_us=50930100 end_us=50933453 reused=1
E026_STAGE device=0 nodes=936 begin_us=50949473 end_us=50952839 reused=1
E026_STAGE device=0 nodes=936 begin_us=50968529 end_us=50971889 reused=1
E026_STAGE device=0 nodes=936 begin_us=50987922 end_us=50991284 reused=1
E026_STAGE device=0 nodes=936 begin_us=51008040 end_us=51011417 reused=1
E026_STAGE device=0 nodes=936 begin_us=51027973 end_us=51031692 reused=1
E026_STAGE device=0 nodes=936 begin_us=51048992 end_us=51052365 reused=1
E026_STAGE device=0 nodes=936 begin_us=51068541 end_us=51071921 reused=1
E026_STAGE device=0 nodes=936 begin_us=51088532 end_us=51091887 reused=1
E026_STAGE device=0 nodes=936 begin_us=51108135 end_us=51111462 reused=1
E026_STAGE device=0 nodes=936 begin_us=51127700 end_us=51131416 reused=1
E026_STAGE device=0 nodes=936 begin_us=51147523 end_us=51150899 reused=1
E026_STAGE device=0 nodes=936 begin_us=51166362 end_us=51170051 reused=1
E026_STAGE device=0 nodes=936 begin_us=51185851 end_us=51189208 reused=1
E026_STAGE device=0 nodes=936 begin_us=51204909 end_us=51208269 reused=1
E026_STAGE device=0 nodes=936 begin_us=51223678 end_us=51227023 reused=1
E026_STAGE device=0 nodes=936 begin_us=51243056 end_us=51246753 reused=1
E026_STAGE device=0 nodes=936 begin_us=51262503 end_us=51265873 reused=1
E026_STAGE device=0 nodes=936 begin_us=51282028 end_us=51285393 reused=1
E026_STAGE device=0 nodes=936 begin_us=51300887 end_us=51304250 reused=1
E026_STAGE device=0 nodes=936 begin_us=51320000 end_us=51323357 reused=1
E026_STAGE device=0 nodes=936 begin_us=51338931 end_us=51342284 reused=1
E026_STAGE device=0 nodes=936 begin_us=51357662 end_us=51361030 reused=1
E026_STAGE device=0 nodes=936 begin_us=51376944 end_us=51380342 reused=1
E026_STAGE device=0 nodes=936 begin_us=51395692 end_us=51399048 reused=1
E026_STAGE device=0 nodes=936 begin_us=51415043 end_us=51418426 reused=1
E026_STAGE device=0 nodes=936 begin_us=51434225 end_us=51437586 reused=1
E026_STAGE device=0 nodes=936 begin_us=51453534 end_us=51456898 reused=1
E026_STAGE device=0 nodes=936 begin_us=51472918 end_us=51476250 reused=1
E026_STAGE device=0 nodes=936 begin_us=51492097 end_us=51495451 reused=1
E026_STAGE device=0 nodes=936 begin_us=51511357 end_us=51515064 reused=1
E026_STAGE device=0 nodes=936 begin_us=51531766 end_us=51535143 reused=1
E026_STAGE device=0 nodes=936 begin_us=51552231 end_us=51555627 reused=1
E026_STAGE device=0 nodes=936 begin_us=51572112 end_us=51575475 reused=1
E026_STAGE device=0 nodes=936 begin_us=51591479 end_us=51595219 reused=1
E026_STAGE device=0 nodes=936 begin_us=51612029 end_us=51615407 reused=1
E026_STAGE device=0 nodes=936 begin_us=51631510 end_us=51634891 reused=1
E026_STAGE device=0 nodes=936 begin_us=51651801 end_us=51655188 reused=1
E026_STAGE device=0 nodes=936 begin_us=51671710 end_us=51675063 reused=1
E026_STAGE device=0 nodes=936 begin_us=51691285 end_us=51694661 reused=1
E026_STAGE device=0 nodes=936 begin_us=51710646 end_us=51713992 reused=1
E026_STAGE device=0 nodes=936 begin_us=51730368 end_us=51733743 reused=1
E026_STAGE device=0 nodes=936 begin_us=51749827 end_us=51753202 reused=1
E026_STAGE device=0 nodes=936 begin_us=51768996 end_us=51772387 reused=1
E026_STAGE device=0 nodes=936 begin_us=51788728 end_us=51792082 reused=1
E026_STAGE device=0 nodes=936 begin_us=51808158 end_us=51811537 reused=1
E026_STAGE device=0 nodes=936 begin_us=51827610 end_us=51830996 reused=1
E026_STAGE device=0 nodes=936 begin_us=51846836 end_us=51850207 reused=1
E026_STAGE device=0 nodes=936 begin_us=51866138 end_us=51869509 reused=1
E026_STAGE device=0 nodes=936 begin_us=51885435 end_us=51888815 reused=1
E026_STAGE device=0 nodes=936 begin_us=51905269 end_us=51908636 reused=1
E026_STAGE device=0 nodes=936 begin_us=51925565 end_us=51929261 reused=1
E026_STAGE device=0 nodes=936 begin_us=51945832 end_us=51949200 reused=1
E026_STAGE device=0 nodes=936 begin_us=51965309 end_us=51968689 reused=1
E026_STAGE device=0 nodes=936 begin_us=51985076 end_us=51988463 reused=1
E026_STAGE device=0 nodes=936 begin_us=52004474 end_us=52007875 reused=1
E026_STAGE device=0 nodes=936 begin_us=52024048 end_us=52027398 reused=1
E026_STAGE device=0 nodes=936 begin_us=52043291 end_us=52046671 reused=1
E026_STAGE device=0 nodes=936 begin_us=52064906 end_us=52068277 reused=1
E026_STAGE device=0 nodes=936 begin_us=52083572 end_us=52086929 reused=1
E026_STAGE device=0 nodes=936 begin_us=52102608 end_us=52105969 reused=1
E026_STAGE device=0 nodes=936 begin_us=52121648 end_us=52125007 reused=1
E026_STAGE device=0 nodes=936 begin_us=52141028 end_us=52144389 reused=1
E026_STAGE device=0 nodes=936 begin_us=52159999 end_us=52163681 reused=1
E026_STAGE device=0 nodes=936 begin_us=52179466 end_us=52182805 reused=1
E026_STAGE device=0 nodes=936 begin_us=52198195 end_us=52201554 reused=1
E026_STAGE device=0 nodes=936 begin_us=52217646 end_us=52220988 reused=1
E026_STAGE device=0 nodes=936 begin_us=52236765 end_us=52240128 reused=1
E026_STAGE device=0 nodes=936 begin_us=52256193 end_us=52259537 reused=1
E026_STAGE device=0 nodes=936 begin_us=52275361 end_us=52278733 reused=1
E026_STAGE device=0 nodes=936 begin_us=52295104 end_us=52298477 reused=1
E026_STAGE device=0 nodes=936 begin_us=52314381 end_us=52317753 reused=1
E026_STAGE device=0 nodes=936 begin_us=52333613 end_us=52336950 reused=1
E026_STAGE device=0 nodes=936 begin_us=52353005 end_us=52356375 reused=1
E026_STAGE device=0 nodes=936 begin_us=52372266 end_us=52375623 reused=1
E026_STAGE device=0 nodes=936 begin_us=52391365 end_us=52394749 reused=1
E026_STAGE device=0 nodes=936 begin_us=52410380 end_us=52413758 reused=1
E026_STAGE device=0 nodes=936 begin_us=52429347 end_us=52432712 reused=1
E026_STAGE device=0 nodes=936 begin_us=52448920 end_us=52452297 reused=1
E026_STAGE device=0 nodes=936 begin_us=52468253 end_us=52471641 reused=1
E026_STAGE device=0 nodes=936 begin_us=52487704 end_us=52491040 reused=1
E026_STAGE device=0 nodes=936 begin_us=52507575 end_us=52510924 reused=1
E026_STAGE device=0 nodes=936 begin_us=52526572 end_us=52530297 reused=1
E026_STAGE device=0 nodes=936 begin_us=52546634 end_us=52550000 reused=1
E026_STAGE device=0 nodes=936 begin_us=52566435 end_us=52569791 reused=1
E026_STAGE device=0 nodes=936 begin_us=52586309 end_us=52589689 reused=1
E026_STAGE device=0 nodes=936 begin_us=52606053 end_us=52609419 reused=1
E026_STAGE device=0 nodes=936 begin_us=52625861 end_us=52629231 reused=1
E026_STAGE device=0 nodes=936 begin_us=52646557 end_us=52649946 reused=1
E026_STAGE device=0 nodes=936 begin_us=52666115 end_us=52669493 reused=1
E026_STAGE device=0 nodes=936 begin_us=52686129 end_us=52689498 reused=1
E026_STAGE device=0 nodes=936 begin_us=52705483 end_us=52708850 reused=1
ggml_backend_cuda_graph_compute: CUDA graph warmup reset
E026_STAGE device=0 nodes=936 begin_us=53050886 end_us=53059996 reused=0
E026_STAGE device=0 nodes=936 begin_us=53270301 end_us=53276210 reused=0
E026_STAGE device=0 nodes=936 begin_us=53303537 end_us=53308891 reused=0
ggml_backend_cuda_graph_compute: CUDA graph warmup complete
E026_STAGE device=0 nodes=936 begin_us=53329538 end_us=53333853 reused=1
E026_STAGE device=0 nodes=936 begin_us=53374301 end_us=53377675 reused=1
E026_STAGE device=0 nodes=936 begin_us=53393559 end_us=53396907 reused=1
E026_STAGE device=0 nodes=936 begin_us=53413320 end_us=53416667 reused=1
E026_STAGE device=0 nodes=936 begin_us=53433702 end_us=53437091 reused=1
E026_STAGE device=0 nodes=936 begin_us=53453799 end_us=53457180 reused=1
E026_STAGE device=0 nodes=936 begin_us=53473979 end_us=53477351 reused=1
E026_STAGE device=0 nodes=936 begin_us=53493846 end_us=53497223 reused=1
E026_STAGE device=0 nodes=936 begin_us=53514279 end_us=53517677 reused=1
E026_STAGE device=0 nodes=936 begin_us=53533900 end_us=53537266 reused=1
E026_STAGE device=0 nodes=936 begin_us=53553006 end_us=53556365 reused=1
E026_STAGE device=0 nodes=936 begin_us=53572581 end_us=53575942 reused=1
E026_STAGE device=0 nodes=936 begin_us=53592938 end_us=53596290 reused=1
E026_STAGE device=0 nodes=936 begin_us=53612956 end_us=53616336 reused=1
E026_STAGE device=0 nodes=936 begin_us=53632271 end_us=53635636 reused=1
E026_STAGE device=0 nodes=936 begin_us=53651432 end_us=53654794 reused=1
E026_STAGE device=0 nodes=936 begin_us=53670468 end_us=53673813 reused=1
E026_STAGE device=0 nodes=936 begin_us=53689605 end_us=53692948 reused=1
E026_STAGE device=0 nodes=936 begin_us=53708995 end_us=53712655 reused=1
E026_STAGE device=0 nodes=936 begin_us=53728990 end_us=53732358 reused=1
E026_STAGE device=0 nodes=936 begin_us=53748975 end_us=53752347 reused=1
E026_STAGE device=0 nodes=936 begin_us=53768438 end_us=53771833 reused=1
E026_STAGE device=0 nodes=936 begin_us=53787853 end_us=53791563 reused=1
E026_STAGE device=0 nodes=936 begin_us=53807770 end_us=53811131 reused=1
E026_STAGE device=0 nodes=936 begin_us=53827477 end_us=53830836 reused=1
E026_STAGE device=0 nodes=936 begin_us=53846451 end_us=53850186 reused=1
E026_STAGE device=0 nodes=936 begin_us=53866246 end_us=53869629 reused=1
E026_STAGE device=0 nodes=936 begin_us=53885425 end_us=53888799 reused=1
E026_STAGE device=0 nodes=936 begin_us=53905137 end_us=53908512 reused=1
E026_STAGE device=0 nodes=936 begin_us=53923947 end_us=53927311 reused=1
E026_STAGE device=0 nodes=936 begin_us=53942916 end_us=53946286 reused=1
E026_STAGE device=0 nodes=936 begin_us=53962626 end_us=53966012 reused=1
E026_STAGE device=0 nodes=936 begin_us=53982189 end_us=53985552 reused=1
E026_STAGE device=0 nodes=936 begin_us=54001150 end_us=54004534 reused=1
E026_STAGE device=0 nodes=936 begin_us=54019960 end_us=54023312 reused=1
E026_STAGE device=0 nodes=936 begin_us=54039521 end_us=54042885 reused=1
E026_STAGE device=0 nodes=936 begin_us=54058905 end_us=54062247 reused=1
E026_STAGE device=0 nodes=936 begin_us=54078232 end_us=54081941 reused=1
E026_STAGE device=0 nodes=936 begin_us=54097852 end_us=54101243 reused=1
E026_STAGE device=0 nodes=936 begin_us=54116914 end_us=54120281 reused=1
E026_STAGE device=0 nodes=936 begin_us=54136357 end_us=54139717 reused=1
E026_STAGE device=0 nodes=936 begin_us=54155390 end_us=54158725 reused=1
E026_STAGE device=0 nodes=936 begin_us=54174481 end_us=54177842 reused=1
E026_STAGE device=0 nodes=936 begin_us=54193878 end_us=54197207 reused=1
E026_STAGE device=0 nodes=936 begin_us=54213095 end_us=54216459 reused=1
E026_STAGE device=0 nodes=936 begin_us=54233282 end_us=54236658 reused=1
E026_STAGE device=0 nodes=936 begin_us=54252469 end_us=54255846 reused=1
E026_STAGE device=0 nodes=936 begin_us=54272849 end_us=54276221 reused=1
E026_STAGE device=0 nodes=936 begin_us=54292999 end_us=54296376 reused=1
E026_STAGE device=0 nodes=936 begin_us=54313202 end_us=54316576 reused=1
E026_STAGE device=0 nodes=936 begin_us=54332719 end_us=54336092 reused=1
E026_STAGE device=0 nodes=936 begin_us=54352197 end_us=54355570 reused=1
E026_STAGE device=0 nodes=936 begin_us=54372930 end_us=54376310 reused=1
E026_STAGE device=0 nodes=936 begin_us=54392390 end_us=54395764 reused=1
E026_STAGE device=0 nodes=936 begin_us=54411802 end_us=54415506 reused=1
E026_STAGE device=0 nodes=936 begin_us=54432550 end_us=54435915 reused=1
E026_STAGE device=0 nodes=936 begin_us=54452478 end_us=54455856 reused=1
E026_STAGE device=0 nodes=936 begin_us=54471905 end_us=54475236 reused=1
E026_STAGE device=0 nodes=936 begin_us=54491028 end_us=54494390 reused=1
E026_STAGE device=0 nodes=936 begin_us=54510505 end_us=54514213 reused=1
E026_STAGE device=0 nodes=936 begin_us=54530625 end_us=54533973 reused=1
E026_STAGE device=0 nodes=936 begin_us=54550778 end_us=54554184 reused=1
E026_STAGE device=0 nodes=936 begin_us=54569702 end_us=54573041 reused=1
E026_STAGE device=0 nodes=936 begin_us=54588908 end_us=54592465 reused=1
E026_STAGE device=0 nodes=936 begin_us=54609700 end_us=54613075 reused=1
E026_STAGE device=0 nodes=936 begin_us=54628799 end_us=54632171 reused=1
E026_STAGE device=0 nodes=936 begin_us=54648389 end_us=54651771 reused=1
E026_STAGE device=0 nodes=936 begin_us=54667338 end_us=54670720 reused=1
E026_STAGE device=0 nodes=936 begin_us=54686142 end_us=54689515 reused=1
E026_STAGE device=0 nodes=936 begin_us=54706048 end_us=54709402 reused=1
E026_STAGE device=0 nodes=936 begin_us=54725574 end_us=54728945 reused=1
E026_STAGE device=0 nodes=936 begin_us=54745549 end_us=54748981 reused=1
E026_STAGE device=0 nodes=936 begin_us=54764878 end_us=54768251 reused=1
E026_STAGE device=0 nodes=936 begin_us=54784115 end_us=54787474 reused=1
E026_STAGE device=0 nodes=936 begin_us=54803262 end_us=54806641 reused=1
E026_STAGE device=0 nodes=936 begin_us=54823332 end_us=54826714 reused=1
E026_STAGE device=0 nodes=936 begin_us=54843226 end_us=54846944 reused=1
E026_STAGE device=0 nodes=936 begin_us=54864162 end_us=54867533 reused=1
E026_STAGE device=0 nodes=936 begin_us=54883855 end_us=54887221 reused=1
E026_STAGE device=0 nodes=936 begin_us=54902808 end_us=54906190 reused=1
E026_STAGE device=0 nodes=936 begin_us=54921861 end_us=54925231 reused=1
E026_STAGE device=0 nodes=936 begin_us=54941152 end_us=54944500 reused=1
E026_STAGE device=0 nodes=936 begin_us=54960312 end_us=54963652 reused=1
E026_STAGE device=0 nodes=936 begin_us=54980217 end_us=54983589 reused=1
E026_STAGE device=0 nodes=936 begin_us=54999030 end_us=55002378 reused=1
E026_STAGE device=0 nodes=936 begin_us=55018300 end_us=55021631 reused=1
E026_STAGE device=0 nodes=936 begin_us=55037824 end_us=55041197 reused=1
E026_STAGE device=0 nodes=936 begin_us=55057201 end_us=55060577 reused=1
E026_STAGE device=0 nodes=936 begin_us=55076399 end_us=55080105 reused=1
E026_STAGE device=0 nodes=936 begin_us=55095967 end_us=55099367 reused=1
E026_STAGE device=0 nodes=936 begin_us=55115477 end_us=55118876 reused=1
E026_STAGE device=0 nodes=936 begin_us=55134432 end_us=55137772 reused=1
E026_STAGE device=0 nodes=936 begin_us=55153616 end_us=55156978 reused=1
E026_STAGE device=0 nodes=936 begin_us=55173629 end_us=55176992 reused=1
E026_STAGE device=0 nodes=936 begin_us=55193052 end_us=55196430 reused=1
E026_STAGE device=0 nodes=936 begin_us=55212779 end_us=55216508 reused=1
E026_STAGE device=0 nodes=936 begin_us=55233328 end_us=55236708 reused=1
E026_STAGE device=0 nodes=936 begin_us=55252618 end_us=55255989 reused=1
E026_STAGE device=0 nodes=936 begin_us=55271983 end_us=55275352 reused=1
E026_STAGE device=0 nodes=936 begin_us=55290746 end_us=55294084 reused=1
E026_STAGE device=0 nodes=936 begin_us=55309291 end_us=55312966 reused=1
E026_STAGE device=0 nodes=936 begin_us=55328712 end_us=55332083 reused=1
E026_STAGE device=0 nodes=936 begin_us=55348079 end_us=55351466 reused=1
E026_STAGE device=0 nodes=936 begin_us=55367926 end_us=55371273 reused=1
E026_STAGE device=0 nodes=936 begin_us=55387502 end_us=55391184 reused=1
E026_STAGE device=0 nodes=936 begin_us=55407270 end_us=55410649 reused=1
E026_STAGE device=0 nodes=936 begin_us=55427241 end_us=55430620 reused=1
E026_STAGE device=0 nodes=936 begin_us=55447383 end_us=55450807 reused=1
E026_STAGE device=0 nodes=936 begin_us=55467059 end_us=55470441 reused=1
E026_STAGE device=0 nodes=936 begin_us=55486592 end_us=55489954 reused=1
E026_STAGE device=0 nodes=936 begin_us=55505924 end_us=55509289 reused=1
E026_STAGE device=0 nodes=936 begin_us=55524620 end_us=55527996 reused=1
E026_STAGE device=0 nodes=936 begin_us=55543438 end_us=55547040 reused=1
E026_STAGE device=0 nodes=936 begin_us=55562906 end_us=55566288 reused=1
E026_STAGE device=0 nodes=936 begin_us=55581908 end_us=55585290 reused=1
E026_STAGE device=0 nodes=936 begin_us=55600987 end_us=55604359 reused=1
E026_STAGE device=0 nodes=936 begin_us=55620996 end_us=55624328 reused=1
E026_STAGE device=0 nodes=936 begin_us=55641302 end_us=55645019 reused=1
E026_STAGE device=0 nodes=936 begin_us=55661171 end_us=55664540 reused=1
E026_STAGE device=0 nodes=936 begin_us=55680920 end_us=55684300 reused=1
E026_STAGE device=0 nodes=936 begin_us=55700231 end_us=55703573 reused=1
E026_STAGE device=0 nodes=936 begin_us=55719162 end_us=55722509 reused=1
E026_STAGE device=0 nodes=936 begin_us=55738764 end_us=55742138 reused=1
E026_STAGE device=0 nodes=936 begin_us=55758030 end_us=55761373 reused=1
E026_STAGE device=0 nodes=936 begin_us=55777228 end_us=55780887 reused=1
E026_STAGE device=0 nodes=936 begin_us=55796876 end_us=55800256 reused=1
ggml_backend_cuda_graph_compute: CUDA graph warmup reset
E026_STAGE device=0 nodes=936 begin_us=56313888 end_us=56349933 reused=0
E026_STAGE device=0 nodes=936 begin_us=56511365 end_us=56547104 reused=0
E026_STAGE device=0 nodes=936 begin_us=56715635 end_us=56751108 reused=0
E026_STAGE device=0 nodes=936 begin_us=56923666 end_us=56959554 reused=0
E026_STAGE device=0 nodes=936 begin_us=57160999 end_us=57197393 reused=0
E026_STAGE device=0 nodes=936 begin_us=57362161 end_us=57398620 reused=0
E026_STAGE device=0 nodes=936 begin_us=57570983 end_us=57607494 reused=0
E026_STAGE device=0 nodes=936 begin_us=57777193 end_us=57813899 reused=0
E026_STAGE device=0 nodes=936 begin_us=58004685 end_us=58041111 reused=0
E026_STAGE device=0 nodes=936 begin_us=58218961 end_us=58255966 reused=0
E026_STAGE device=0 nodes=936 begin_us=58461405 end_us=58498335 reused=0
E026_STAGE device=0 nodes=936 begin_us=58676738 end_us=58713886 reused=0
E026_STAGE device=0 nodes=936 begin_us=58916192 end_us=58954116 reused=0
E026_STAGE device=0 nodes=936 begin_us=59159926 end_us=59197584 reused=0
E026_STAGE device=0 nodes=936 begin_us=59370250 end_us=59396290 reused=0
E026_STAGE device=0 nodes=936 begin_us=59820141 end_us=59858625 reused=0
E026_STAGE device=0 nodes=936 begin_us=60118769 end_us=60124369 reused=0
E026_STAGE device=0 nodes=936 begin_us=60154740 end_us=60162850 reused=0
ggml_backend_cuda_graph_compute: CUDA graph warmup complete
E026_STAGE device=0 nodes=936 begin_us=60187548 end_us=60192579 reused=1
E026_STAGE device=0 nodes=936 begin_us=60212195 end_us=60216020 reused=1
E026_STAGE device=0 nodes=936 begin_us=60232268 end_us=60235738 reused=1
E026_STAGE device=0 nodes=936 begin_us=60252404 end_us=60255871 reused=1
E026_STAGE device=0 nodes=936 begin_us=60272711 end_us=60276187 reused=1
E026_STAGE device=0 nodes=936 begin_us=60292666 end_us=60296420 reused=1
E026_STAGE device=0 nodes=936 begin_us=60313091 end_us=60316556 reused=1
E026_STAGE device=0 nodes=936 begin_us=60332389 end_us=60335838 reused=1
E026_STAGE device=0 nodes=936 begin_us=60352596 end_us=60356048 reused=1
E026_STAGE device=0 nodes=936 begin_us=60372531 end_us=60375987 reused=1
E026_STAGE device=0 nodes=936 begin_us=60392575 end_us=60396325 reused=1
E026_STAGE device=0 nodes=936 begin_us=60412548 end_us=60416024 reused=1
E026_STAGE device=0 nodes=936 begin_us=60431937 end_us=60435381 reused=1
E026_STAGE device=0 nodes=936 begin_us=60451964 end_us=60455426 reused=1
E026_STAGE device=0 nodes=936 begin_us=60471851 end_us=60475309 reused=1
E026_STAGE device=0 nodes=936 begin_us=60492203 end_us=60496015 reused=1
E026_STAGE device=0 nodes=936 begin_us=60512354 end_us=60515814 reused=1
E026_STAGE device=0 nodes=936 begin_us=60533015 end_us=60536494 reused=1
E026_STAGE device=0 nodes=936 begin_us=60552873 end_us=60556366 reused=1
E026_STAGE device=0 nodes=936 begin_us=60572472 end_us=60575924 reused=1
E026_STAGE device=0 nodes=936 begin_us=60592286 end_us=60596095 reused=1
E026_STAGE device=0 nodes=936 begin_us=60611994 end_us=60615449 reused=1
E026_STAGE device=0 nodes=936 begin_us=60631956 end_us=60635424 reused=1
E026_STAGE device=0 nodes=936 begin_us=60651341 end_us=60654795 reused=1
E026_STAGE device=0 nodes=936 begin_us=60670856 end_us=60674626 reused=1
E026_STAGE device=0 nodes=936 begin_us=60691004 end_us=60694469 reused=1
E026_STAGE device=0 nodes=936 begin_us=60710452 end_us=60713920 reused=1
E026_STAGE device=0 nodes=936 begin_us=60955956 end_us=60959405 reused=1
E026_STAGE device=0 nodes=936 begin_us=60975342 end_us=60978787 reused=1
E026_STAGE device=0 nodes=936 begin_us=60995490 end_us=60998956 reused=1
E026_STAGE device=0 nodes=936 begin_us=61015683 end_us=61019148 reused=1
E026_STAGE device=0 nodes=936 begin_us=61035820 end_us=61039281 reused=1
E026_STAGE device=0 nodes=936 begin_us=61055755 end_us=61059228 reused=1
E026_STAGE device=0 nodes=936 begin_us=61075750 end_us=61079225 reused=1
E026_STAGE device=0 nodes=936 begin_us=61095700 end_us=61099532 reused=1
E026_STAGE device=0 nodes=936 begin_us=61116519 end_us=61119985 reused=1
E026_STAGE device=0 nodes=936 begin_us=61136773 end_us=61140229 reused=1
E026_STAGE device=0 nodes=936 begin_us=61156970 end_us=61160454 reused=1
E026_STAGE device=0 nodes=936 begin_us=61176766 end_us=61180233 reused=1
E026_STAGE device=0 nodes=936 begin_us=61196622 end_us=61200109 reused=1
E026_STAGE device=0 nodes=936 begin_us=61216511 end_us=61219966 reused=1
E026_STAGE device=0 nodes=936 begin_us=61236218 end_us=61240036 reused=1
E026_STAGE device=0 nodes=936 begin_us=61256322 end_us=61259786 reused=1
E026_STAGE device=0 nodes=936 begin_us=61275910 end_us=61279379 reused=1
E026_STAGE device=0 nodes=936 begin_us=61296122 end_us=61299573 reused=1
E026_STAGE device=0 nodes=936 begin_us=61315911 end_us=61319349 reused=1
E026_STAGE device=0 nodes=936 begin_us=61335534 end_us=61338966 reused=1
E026_STAGE device=0 nodes=936 begin_us=61355343 end_us=61358783 reused=1
E026_STAGE device=0 nodes=936 begin_us=61375081 end_us=61378534 reused=1
E026_STAGE device=0 nodes=936 begin_us=61394663 end_us=61398132 reused=1
E026_STAGE device=0 nodes=936 begin_us=61413828 end_us=61417262 reused=1
E026_STAGE device=0 nodes=936 begin_us=61433394 end_us=61437206 reused=1
E026_STAGE device=0 nodes=936 begin_us=61454239 end_us=61457714 reused=1
E026_STAGE device=0 nodes=936 begin_us=61474449 end_us=61477911 reused=1
E026_STAGE device=0 nodes=936 begin_us=61494174 end_us=61497640 reused=1
E026_STAGE device=0 nodes=936 begin_us=61513683 end_us=61517493 reused=1
E026_STAGE device=0 nodes=936 begin_us=61534343 end_us=61537772 reused=1
E026_STAGE device=0 nodes=936 begin_us=61553920 end_us=61557395 reused=1
E026_STAGE device=0 nodes=936 begin_us=61573956 end_us=61577624 reused=1
E026_STAGE device=0 nodes=936 begin_us=61595344 end_us=61598811 reused=1
E026_STAGE device=0 nodes=936 begin_us=61616236 end_us=61619702 reused=1
E026_STAGE device=0 nodes=936 begin_us=61636259 end_us=61639727 reused=1
E026_STAGE device=0 nodes=936 begin_us=61656861 end_us=61660324 reused=1
E026_STAGE device=0 nodes=936 begin_us=61677417 end_us=61680846 reused=1
E026_STAGE device=0 nodes=936 begin_us=61697522 end_us=61700949 reused=1
E026_STAGE device=0 nodes=936 begin_us=61717354 end_us=61720818 reused=1
E026_STAGE device=0 nodes=936 begin_us=61737410 end_us=61740847 reused=1
E026_STAGE device=0 nodes=936 begin_us=61757287 end_us=61760753 reused=1
E026_STAGE device=0 nodes=936 begin_us=61777575 end_us=61781040 reused=1
E026_STAGE device=0 nodes=936 begin_us=61798216 end_us=61801700 reused=1
E026_STAGE device=0 nodes=936 begin_us=61819219 end_us=61822710 reused=1
E026_STAGE device=0 nodes=936 begin_us=61839554 end_us=61843015 reused=1
E026_STAGE device=0 nodes=936 begin_us=61861658 end_us=61865122 reused=1
E026_STAGE device=0 nodes=936 begin_us=61883017 end_us=61886492 reused=1
E026_STAGE device=0 nodes=936 begin_us=61904470 end_us=61907936 reused=1
E026_STAGE device=0 nodes=936 begin_us=61924021 end_us=61927478 reused=1
E026_STAGE device=0 nodes=936 begin_us=61943821 end_us=61947292 reused=1
E026_STAGE device=0 nodes=936 begin_us=61963596 end_us=61967103 reused=1
E026_STAGE device=0 nodes=936 begin_us=61982737 end_us=61986199 reused=1
E026_STAGE device=0 nodes=936 begin_us=62002687 end_us=62006481 reused=1
E026_STAGE device=0 nodes=936 begin_us=62023566 end_us=62027030 reused=1
E026_STAGE device=0 nodes=936 begin_us=62043616 end_us=62047084 reused=1
E026_STAGE device=0 nodes=936 begin_us=62063819 end_us=62067286 reused=1
E026_STAGE device=0 nodes=936 begin_us=62083934 end_us=62087483 reused=1
E026_STAGE device=0 nodes=936 begin_us=62104116 end_us=62107609 reused=1
E026_STAGE device=0 nodes=936 begin_us=62124255 end_us=62127720 reused=1
E026_STAGE device=0 nodes=936 begin_us=62145113 end_us=62148599 reused=1
E026_STAGE device=0 nodes=936 begin_us=62166894 end_us=62170867 reused=1
E026_STAGE device=0 nodes=936 begin_us=62188129 end_us=62191816 reused=1
E026_STAGE device=0 nodes=936 begin_us=62208298 end_us=62211771 reused=1
E026_STAGE device=0 nodes=936 begin_us=62229141 end_us=62232812 reused=1
E026_STAGE device=0 nodes=936 begin_us=62249635 end_us=62253109 reused=1
E026_STAGE device=0 nodes=936 begin_us=62270094 end_us=62273550 reused=1
E026_STAGE device=0 nodes=936 begin_us=62290644 end_us=62294433 reused=1
E026_STAGE device=0 nodes=936 begin_us=62311204 end_us=62314669 reused=1
E026_STAGE device=0 nodes=936 begin_us=62331421 end_us=62334880 reused=1
E026_STAGE device=0 nodes=936 begin_us=62350935 end_us=62354381 reused=1
E026_STAGE device=0 nodes=936 begin_us=62371159 end_us=62374600 reused=1
E026_STAGE device=0 nodes=936 begin_us=62390530 end_us=62393977 reused=1
E026_STAGE device=0 nodes=936 begin_us=62410858 end_us=62414314 reused=1
E026_STAGE device=0 nodes=936 begin_us=62432108 end_us=62435621 reused=1
E026_STAGE device=0 nodes=936 begin_us=62451902 end_us=62455594 reused=1
E026_STAGE device=0 nodes=936 begin_us=62471758 end_us=62475222 reused=1
E026_STAGE device=0 nodes=936 begin_us=62491062 end_us=62494513 reused=1
E026_STAGE device=0 nodes=936 begin_us=62511209 end_us=62514642 reused=1
E026_STAGE device=0 nodes=936 begin_us=62530541 end_us=62533961 reused=1
E026_STAGE device=0 nodes=936 begin_us=62550775 end_us=62554253 reused=1
E026_STAGE device=0 nodes=936 begin_us=62571140 end_us=62574571 reused=1
E026_STAGE device=0 nodes=936 begin_us=62590688 end_us=62594479 reused=1
E026_STAGE device=0 nodes=936 begin_us=62610578 end_us=62614046 reused=1
E026_STAGE device=0 nodes=936 begin_us=62629841 end_us=62633298 reused=1
E026_STAGE device=0 nodes=936 begin_us=62650761 end_us=62654234 reused=1
E026_STAGE device=0 nodes=936 begin_us=62670605 end_us=62674076 reused=1
E026_STAGE device=0 nodes=936 begin_us=62690013 end_us=62693440 reused=1
E026_STAGE device=0 nodes=936 begin_us=62709730 end_us=62713175 reused=1
E026_STAGE device=0 nodes=936 begin_us=62728585 end_us=62732004 reused=1
E026_STAGE device=0 nodes=936 begin_us=62748724 end_us=62752476 reused=1
E026_STAGE device=0 nodes=936 begin_us=62768495 end_us=62771942 reused=1
E026_STAGE device=0 nodes=936 begin_us=62788748 end_us=62792211 reused=1
E026_STAGE device=0 nodes=936 begin_us=62808141 end_us=62811571 reused=1
E026_STAGE device=0 nodes=936 begin_us=62827234 end_us=62830677 reused=1
E026_STAGE device=0 nodes=936 begin_us=62847683 end_us=62851120 reused=1
E026_STAGE device=0 nodes=936 begin_us=62867796 end_us=62871250 reused=1
E026_STAGE device=0 nodes=936 begin_us=62887687 end_us=62891147 reused=1
E026_STAGE device=0 nodes=936 begin_us=62907580 end_us=62911052 reused=1
E026_STAGE device=0 nodes=936 begin_us=62927590 end_us=62931241 reused=1
recv failed (bytes_recv=0, size_to_recv=1)
Client connection closed
