ggml_cuda_init: found 1 CUDA devices (Total VRAM: 32606 MiB):
  Device 0: NVIDIA GeForce RTX 5090, compute capability 12.0, VMM: yes, VRAM: 32606 MiB
Starting RPC server v6.0.0
  endpoint       : 127.0.0.1:42631
  local cache    : C:\Users\Simon\OneDrive\Documents\Python Scripts\swarm-inference-lab\.runtime\experiment-026\logical-rpc-cache-0\rpc\
Devices:
  CUDA0: NVIDIA GeForce RTX 5090 (32606 MiB, 30927 MiB free)
  transport      : TCP
Accepted client connection
Client connection closed
Accepted client connection
Client connection closed
Accepted client connection
Client connection closed
Accepted client connection
Client connection closed
Accepted client connection
Client connection closed
Accepted client connection
Client connection closed
Accepted client connection
Client connection closed
Accepted client connection
[set_tensor] saved to 'C:\Users\Simon\OneDrive\Documents\Python Scripts\swarm-inference-lab\.runtime\experiment-026\logical-rpc-cache-0\rpc\b2ffafe6b9d4e0b6'
[set_tensor] saved to 'C:\Users\Simon\OneDrive\Documents\Python Scripts\swarm-inference-lab\.runtime\experiment-026\logical-rpc-cache-0\rpc\c406401c90742f27'
[set_tensor] saved to 'C:\Users\Simon\OneDrive\Documents\Python Scripts\swarm-inference-lab\.runtime\experiment-026\logical-rpc-cache-0\rpc\8e1c6b8484735d67'
[set_tensor] saved to 'C:\Users\Simon\OneDrive\Documents\Python Scripts\swarm-inference-lab\.runtime\experiment-026\logical-rpc-cache-0\rpc\a40d5608714418fa'
[set_tensor] saved to 'C:\Users\Simon\OneDrive\Documents\Python Scripts\swarm-inference-lab\.runtime\experiment-026\logical-rpc-cache-0\rpc\97367076177e9d4e'
[set_tensor] saved to 'C:\Users\Simon\OneDrive\Documents\Python Scripts\swarm-inference-lab\.runtime\experiment-026\logical-rpc-cache-0\rpc\f0ffe2eac5d7b9e4'
[set_tensor] saved to 'C:\Users\Simon\OneDrive\Documents\Python Scripts\swarm-inference-lab\.runtime\experiment-026\logical-rpc-cache-0\rpc\c240cd6b81485a6a'
[set_tensor] saved to 'C:\Users\Simon\OneDrive\Documents\Python Scripts\swarm-inference-lab\.runtime\experiment-026\logical-rpc-cache-0\rpc\d49fbb62822d47d3'
[set_tensor] saved to 'C:\Users\Simon\OneDrive\Documents\Python Scripts\swarm-inference-lab\.runtime\experiment-026\logical-rpc-cache-0\rpc\6b8639fcbaa6d1f7'
[set_tensor] saved to 'C:\Users\Simon\OneDrive\Documents\Python Scripts\swarm-inference-lab\.runtime\experiment-026\logical-rpc-cache-0\rpc\a5fbc26beb324020'
[set_tensor] saved to 'C:\Users\Simon\OneDrive\Documents\Python Scripts\swarm-inference-lab\.runtime\experiment-026\logical-rpc-cache-0\rpc\fde9a40e9a7c163c'
[set_tensor] saved to 'C:\Users\Simon\OneDrive\Documents\Python Scripts\swarm-inference-lab\.runtime\experiment-026\logical-rpc-cache-0\rpc\5b6e7b90fd39a18e'
[set_tensor] saved to 'C:\Users\Simon\OneDrive\Documents\Python Scripts\swarm-inference-lab\.runtime\experiment-026\logical-rpc-cache-0\rpc\8da14d9225694f96'
[set_tensor] saved to 'C:\Users\Simon\OneDrive\Documents\Python Scripts\swarm-inference-lab\.runtime\experiment-026\logical-rpc-cache-0\rpc\1105e9e07d9ceba0'
[set_tensor] saved to 'C:\Users\Simon\OneDrive\Documents\Python Scripts\swarm-inference-lab\.runtime\experiment-026\logical-rpc-cache-0\rpc\178881026f136f08'
[set_tensor] saved to 'C:\Users\Simon\OneDrive\Documents\Python Scripts\swarm-inference-lab\.runtime\experiment-026\logical-rpc-cache-0\rpc\bf9ac9e19b7e3d31'
[set_tensor] saved to 'C:\Users\Simon\OneDrive\Documents\Python Scripts\swarm-inference-lab\.runtime\experiment-026\logical-rpc-cache-0\rpc\fa552f98584f97ab'
[set_tensor] saved to 'C:\Users\Simon\OneDrive\Documents\Python Scripts\swarm-inference-lab\.runtime\experiment-026\logical-rpc-cache-0\rpc\e2f0f5a56e2aaf15'
[set_tensor] saved to 'C:\Users\Simon\OneDrive\Documents\Python Scripts\swarm-inference-lab\.runtime\experiment-026\logical-rpc-cache-0\rpc\90fdc1b65205b128'
[set_tensor] saved to 'C:\Users\Simon\OneDrive\Documents\Python Scripts\swarm-inference-lab\.runtime\experiment-026\logical-rpc-cache-0\rpc\e834ec431148e1e2'
[set_tensor] saved to 'C:\Users\Simon\OneDrive\Documents\Python Scripts\swarm-inference-lab\.runtime\experiment-026\logical-rpc-cache-0\rpc\038448a315605d05'
[set_tensor] saved to 'C:\Users\Simon\OneDrive\Documents\Python Scripts\swarm-inference-lab\.runtime\experiment-026\logical-rpc-cache-0\rpc\2db11baf63c4d375'
[set_tensor] saved to 'C:\Users\Simon\OneDrive\Documents\Python Scripts\swarm-inference-lab\.runtime\experiment-026\logical-rpc-cache-0\rpc\b5bf005d54cad99f'
[set_tensor] saved to 'C:\Users\Simon\OneDrive\Documents\Python Scripts\swarm-inference-lab\.runtime\experiment-026\logical-rpc-cache-0\rpc\b66b8fbd6279aa26'
[set_tensor] saved to 'C:\Users\Simon\OneDrive\Documents\Python Scripts\swarm-inference-lab\.runtime\experiment-026\logical-rpc-cache-0\rpc\582a117514147782'
[set_tensor] saved to 'C:\Users\Simon\OneDrive\Documents\Python Scripts\swarm-inference-lab\.runtime\experiment-026\logical-rpc-cache-0\rpc\7cb395c4d8043508'
[set_tensor] saved to 'C:\Users\Simon\OneDrive\Documents\Python Scripts\swarm-inference-lab\.runtime\experiment-026\logical-rpc-cache-0\rpc\240462a3431f3d05'
[set_tensor] saved to 'C:\Users\Simon\OneDrive\Documents\Python Scripts\swarm-inference-lab\.runtime\experiment-026\logical-rpc-cache-0\rpc\ed6aa70ab9eb56f1'
[set_tensor] saved to 'C:\Users\Simon\OneDrive\Documents\Python Scripts\swarm-inference-lab\.runtime\experiment-026\logical-rpc-cache-0\rpc\358c362d038b631a'
[set_tensor] saved to 'C:\Users\Simon\OneDrive\Documents\Python Scripts\swarm-inference-lab\.runtime\experiment-026\logical-rpc-cache-0\rpc\30668606c9ea1112'
[set_tensor] saved to 'C:\Users\Simon\OneDrive\Documents\Python Scripts\swarm-inference-lab\.runtime\experiment-026\logical-rpc-cache-0\rpc\30aafa7e4cded5ae'
[set_tensor] saved to 'C:\Users\Simon\OneDrive\Documents\Python Scripts\swarm-inference-lab\.runtime\experiment-026\logical-rpc-cache-0\rpc\3d6d7b6042380aec'
[set_tensor] saved to 'C:\Users\Simon\OneDrive\Documents\Python Scripts\swarm-inference-lab\.runtime\experiment-026\logical-rpc-cache-0\rpc\4f28883e179b326c'
[set_tensor] saved to 'C:\Users\Simon\OneDrive\Documents\Python Scripts\swarm-inference-lab\.runtime\experiment-026\logical-rpc-cache-0\rpc\e3a5e42ee512e3ae'
[set_tensor] saved to 'C:\Users\Simon\OneDrive\Documents\Python Scripts\swarm-inference-lab\.runtime\experiment-026\logical-rpc-cache-0\rpc\3d7ccd8030ac7aa5'
[set_tensor] saved to 'C:\Users\Simon\OneDrive\Documents\Python Scripts\swarm-inference-lab\.runtime\experiment-026\logical-rpc-cache-0\rpc\13934319cd3d84a2'
[set_tensor] saved to 'C:\Users\Simon\OneDrive\Documents\Python Scripts\swarm-inference-lab\.runtime\experiment-026\logical-rpc-cache-0\rpc\e09e5a87beb19bb9'
[set_tensor] saved to 'C:\Users\Simon\OneDrive\Documents\Python Scripts\swarm-inference-lab\.runtime\experiment-026\logical-rpc-cache-0\rpc\2970f3cd96f0e787'
[set_tensor] saved to 'C:\Users\Simon\OneDrive\Documents\Python Scripts\swarm-inference-lab\.runtime\experiment-026\logical-rpc-cache-0\rpc\a1d034367912c2c8'
[set_tensor] saved to 'C:\Users\Simon\OneDrive\Documents\Python Scripts\swarm-inference-lab\.runtime\experiment-026\logical-rpc-cache-0\rpc\f43370cfdb0adbd5'
[set_tensor] saved to 'C:\Users\Simon\OneDrive\Documents\Python Scripts\swarm-inference-lab\.runtime\experiment-026\logical-rpc-cache-0\rpc\006a116e2791aafb'
[set_tensor] saved to 'C:\Users\Simon\OneDrive\Documents\Python Scripts\swarm-inference-lab\.runtime\experiment-026\logical-rpc-cache-0\rpc\fffe16879088ccaf'
[set_tensor] saved to 'C:\Users\Simon\OneDrive\Documents\Python Scripts\swarm-inference-lab\.runtime\experiment-026\logical-rpc-cache-0\rpc\55360961c089667b'
[set_tensor] saved to 'C:\Users\Simon\OneDrive\Documents\Python Scripts\swarm-inference-lab\.runtime\experiment-026\logical-rpc-cache-0\rpc\cc23126bd97ee376'
[set_tensor] saved to 'C:\Users\Simon\OneDrive\Documents\Python Scripts\swarm-inference-lab\.runtime\experiment-026\logical-rpc-cache-0\rpc\3331c603d9e0d995'
[set_tensor] saved to 'C:\Users\Simon\OneDrive\Documents\Python Scripts\swarm-inference-lab\.runtime\experiment-026\logical-rpc-cache-0\rpc\28fe7b8002e1c388'
[set_tensor] saved to 'C:\Users\Simon\OneDrive\Documents\Python Scripts\swarm-inference-lab\.runtime\experiment-026\logical-rpc-cache-0\rpc\4c63e3724fcc0795'
[set_tensor] saved to 'C:\Users\Simon\OneDrive\Documents\Python Scripts\swarm-inference-lab\.runtime\experiment-026\logical-rpc-cache-0\rpc\343b5869a3744443'
[set_tensor] saved to 'C:\Users\Simon\OneDrive\Documents\Python Scripts\swarm-inference-lab\.runtime\experiment-026\logical-rpc-cache-0\rpc\b5d57607e1c89b23'
[set_tensor] saved to 'C:\Users\Simon\OneDrive\Documents\Python Scripts\swarm-inference-lab\.runtime\experiment-026\logical-rpc-cache-0\rpc\e9ee9abaf6b53607'
[set_tensor] saved to 'C:\Users\Simon\OneDrive\Documents\Python Scripts\swarm-inference-lab\.runtime\experiment-026\logical-rpc-cache-0\rpc\a44d26ef1069f2ca'
[set_tensor] saved to 'C:\Users\Simon\OneDrive\Documents\Python Scripts\swarm-inference-lab\.runtime\experiment-026\logical-rpc-cache-0\rpc\ae211a31ff33d542'
[set_tensor] saved to 'C:\Users\Simon\OneDrive\Documents\Python Scripts\swarm-inference-lab\.runtime\experiment-026\logical-rpc-cache-0\rpc\678ef33ef091fd46'
[set_tensor] saved to 'C:\Users\Simon\OneDrive\Documents\Python Scripts\swarm-inference-lab\.runtime\experiment-026\logical-rpc-cache-0\rpc\0b6402089fb71427'
[set_tensor] saved to 'C:\Users\Simon\OneDrive\Documents\Python Scripts\swarm-inference-lab\.runtime\experiment-026\logical-rpc-cache-0\rpc\822b517c983933cd'
[set_tensor] saved to 'C:\Users\Simon\OneDrive\Documents\Python Scripts\swarm-inference-lab\.runtime\experiment-026\logical-rpc-cache-0\rpc\4b79b005db049447'
[set_tensor] saved to 'C:\Users\Simon\OneDrive\Documents\Python Scripts\swarm-inference-lab\.runtime\experiment-026\logical-rpc-cache-0\rpc\9e6de077a162b40b'
[set_tensor] saved to 'C:\Users\Simon\OneDrive\Documents\Python Scripts\swarm-inference-lab\.runtime\experiment-026\logical-rpc-cache-0\rpc\a3b42ff189f8dca4'
[set_tensor] saved to 'C:\Users\Simon\OneDrive\Documents\Python Scripts\swarm-inference-lab\.runtime\experiment-026\logical-rpc-cache-0\rpc\271d0e724fd9dcd2'
[set_tensor] saved to 'C:\Users\Simon\OneDrive\Documents\Python Scripts\swarm-inference-lab\.runtime\experiment-026\logical-rpc-cache-0\rpc\5c2f68e080bcbfb5'
[set_tensor] saved to 'C:\Users\Simon\OneDrive\Documents\Python Scripts\swarm-inference-lab\.runtime\experiment-026\logical-rpc-cache-0\rpc\e5e90a16751af795'
[set_tensor] saved to 'C:\Users\Simon\OneDrive\Documents\Python Scripts\swarm-inference-lab\.runtime\experiment-026\logical-rpc-cache-0\rpc\7744cc364280013c'
[set_tensor] saved to 'C:\Users\Simon\OneDrive\Documents\Python Scripts\swarm-inference-lab\.runtime\experiment-026\logical-rpc-cache-0\rpc\64319f5dc961a0de'
[set_tensor] saved to 'C:\Users\Simon\OneDrive\Documents\Python Scripts\swarm-inference-lab\.runtime\experiment-026\logical-rpc-cache-0\rpc\0a2324b95512fa93'
[set_tensor] saved to 'C:\Users\Simon\OneDrive\Documents\Python Scripts\swarm-inference-lab\.runtime\experiment-026\logical-rpc-cache-0\rpc\3d6d9e8c023038a3'
[set_tensor] saved to 'C:\Users\Simon\OneDrive\Documents\Python Scripts\swarm-inference-lab\.runtime\experiment-026\logical-rpc-cache-0\rpc\257852e579c6599d'
[set_tensor] saved to 'C:\Users\Simon\OneDrive\Documents\Python Scripts\swarm-inference-lab\.runtime\experiment-026\logical-rpc-cache-0\rpc\62bc3b848b0a538b'
[set_tensor] saved to 'C:\Users\Simon\OneDrive\Documents\Python Scripts\swarm-inference-lab\.runtime\experiment-026\logical-rpc-cache-0\rpc\809f743de7e89857'
[set_tensor] saved to 'C:\Users\Simon\OneDrive\Documents\Python Scripts\swarm-inference-lab\.runtime\experiment-026\logical-rpc-cache-0\rpc\e4f24ff1fac1d73c'
[set_tensor] saved to 'C:\Users\Simon\OneDrive\Documents\Python Scripts\swarm-inference-lab\.runtime\experiment-026\logical-rpc-cache-0\rpc\2d0d250dc635abdd'
[set_tensor] saved to 'C:\Users\Simon\OneDrive\Documents\Python Scripts\swarm-inference-lab\.runtime\experiment-026\logical-rpc-cache-0\rpc\d03dcf898627e31a'
[set_tensor] saved to 'C:\Users\Simon\OneDrive\Documents\Python Scripts\swarm-inference-lab\.runtime\experiment-026\logical-rpc-cache-0\rpc\8e7ef7fcd4a9de60'
[set_tensor] saved to 'C:\Users\Simon\OneDrive\Documents\Python Scripts\swarm-inference-lab\.runtime\experiment-026\logical-rpc-cache-0\rpc\e8d1485b3464a712'
[set_tensor] saved to 'C:\Users\Simon\OneDrive\Documents\Python Scripts\swarm-inference-lab\.runtime\experiment-026\logical-rpc-cache-0\rpc\65b3b767f204af3d'
[set_tensor] saved to 'C:\Users\Simon\OneDrive\Documents\Python Scripts\swarm-inference-lab\.runtime\experiment-026\logical-rpc-cache-0\rpc\b0a6678d02df30a1'
[set_tensor] saved to 'C:\Users\Simon\OneDrive\Documents\Python Scripts\swarm-inference-lab\.runtime\experiment-026\logical-rpc-cache-0\rpc\c1da08e964119372'
[set_tensor] saved to 'C:\Users\Simon\OneDrive\Documents\Python Scripts\swarm-inference-lab\.runtime\experiment-026\logical-rpc-cache-0\rpc\12b4a1785cf8d767'
[set_tensor] saved to 'C:\Users\Simon\OneDrive\Documents\Python Scripts\swarm-inference-lab\.runtime\experiment-026\logical-rpc-cache-0\rpc\ad121e322f030f44'
[set_tensor] saved to 'C:\Users\Simon\OneDrive\Documents\Python Scripts\swarm-inference-lab\.runtime\experiment-026\logical-rpc-cache-0\rpc\52a05550705a3447'
[set_tensor] saved to 'C:\Users\Simon\OneDrive\Documents\Python Scripts\swarm-inference-lab\.runtime\experiment-026\logical-rpc-cache-0\rpc\bc8caff75b231f12'
[set_tensor] saved to 'C:\Users\Simon\OneDrive\Documents\Python Scripts\swarm-inference-lab\.runtime\experiment-026\logical-rpc-cache-0\rpc\c5013cf3de12f0e7'
[set_tensor] saved to 'C:\Users\Simon\OneDrive\Documents\Python Scripts\swarm-inference-lab\.runtime\experiment-026\logical-rpc-cache-0\rpc\fc856fc4b1090bef'
[set_tensor] saved to 'C:\Users\Simon\OneDrive\Documents\Python Scripts\swarm-inference-lab\.runtime\experiment-026\logical-rpc-cache-0\rpc\c0ae9761ff6e17b8'
[set_tensor] saved to 'C:\Users\Simon\OneDrive\Documents\Python Scripts\swarm-inference-lab\.runtime\experiment-026\logical-rpc-cache-0\rpc\e5df4993f0817da3'
[set_tensor] saved to 'C:\Users\Simon\OneDrive\Documents\Python Scripts\swarm-inference-lab\.runtime\experiment-026\logical-rpc-cache-0\rpc\bb5964d2038fa79f'
[set_tensor] saved to 'C:\Users\Simon\OneDrive\Documents\Python Scripts\swarm-inference-lab\.runtime\experiment-026\logical-rpc-cache-0\rpc\9cfc114cc5043b68'
[set_tensor] saved to 'C:\Users\Simon\OneDrive\Documents\Python Scripts\swarm-inference-lab\.runtime\experiment-026\logical-rpc-cache-0\rpc\993226b8a25c6df0'
[set_tensor] saved to 'C:\Users\Simon\OneDrive\Documents\Python Scripts\swarm-inference-lab\.runtime\experiment-026\logical-rpc-cache-0\rpc\50291d2884f70874'
[set_tensor] saved to 'C:\Users\Simon\OneDrive\Documents\Python Scripts\swarm-inference-lab\.runtime\experiment-026\logical-rpc-cache-0\rpc\50ddd9a068a41d23'
[set_tensor] saved to 'C:\Users\Simon\OneDrive\Documents\Python Scripts\swarm-inference-lab\.runtime\experiment-026\logical-rpc-cache-0\rpc\d511f1f4539b8411'
[set_tensor] saved to 'C:\Users\Simon\OneDrive\Documents\Python Scripts\swarm-inference-lab\.runtime\experiment-026\logical-rpc-cache-0\rpc\877fc43041314dd7'
[set_tensor] saved to 'C:\Users\Simon\OneDrive\Documents\Python Scripts\swarm-inference-lab\.runtime\experiment-026\logical-rpc-cache-0\rpc\f3929f6908141186'
[set_tensor] saved to 'C:\Users\Simon\OneDrive\Documents\Python Scripts\swarm-inference-lab\.runtime\experiment-026\logical-rpc-cache-0\rpc\36d023e81d3eab3e'
[set_tensor] saved to 'C:\Users\Simon\OneDrive\Documents\Python Scripts\swarm-inference-lab\.runtime\experiment-026\logical-rpc-cache-0\rpc\773739763723d8fe'
[set_tensor] saved to 'C:\Users\Simon\OneDrive\Documents\Python Scripts\swarm-inference-lab\.runtime\experiment-026\logical-rpc-cache-0\rpc\a653938ce8b5af8e'
[set_tensor] saved to 'C:\Users\Simon\OneDrive\Documents\Python Scripts\swarm-inference-lab\.runtime\experiment-026\logical-rpc-cache-0\rpc\1e38c00c1d9f3602'
[set_tensor] saved to 'C:\Users\Simon\OneDrive\Documents\Python Scripts\swarm-inference-lab\.runtime\experiment-026\logical-rpc-cache-0\rpc\b4bc14c0425f1e9d'
[set_tensor] saved to 'C:\Users\Simon\OneDrive\Documents\Python Scripts\swarm-inference-lab\.runtime\experiment-026\logical-rpc-cache-0\rpc\341117faa9e41ae6'
E026_STAGE device=0 nodes=1003 begin_us=49484668 end_us=49549607 reused=0
ggml_backend_cuda_graph_compute: CUDA graph warmup complete
E026_STAGE device=0 nodes=1003 begin_us=49669703 end_us=49688689 reused=1
ggml_backend_cuda_graph_compute: CUDA graph warmup reset
E026_STAGE device=0 nodes=1003 begin_us=49978738 end_us=50011199 reused=0
E026_STAGE device=0 nodes=1003 begin_us=50375277 end_us=50395758 reused=0
E026_STAGE device=0 nodes=1003 begin_us=50437452 end_us=50456927 reused=0
ggml_backend_cuda_graph_compute: CUDA graph warmup complete
E026_STAGE device=0 nodes=1003 begin_us=50489825 end_us=50507435 reused=1
E026_STAGE device=0 nodes=1003 begin_us=50538587 end_us=50553894 reused=1
E026_STAGE device=0 nodes=1003 begin_us=50579400 end_us=50592887 reused=1
E026_STAGE device=0 nodes=1003 begin_us=50618276 end_us=50631162 reused=1
E026_STAGE device=0 nodes=1003 begin_us=50649864 end_us=50657404 reused=1
E026_STAGE device=0 nodes=1003 begin_us=50673772 end_us=50677511 reused=1
E026_STAGE device=0 nodes=1003 begin_us=50697677 end_us=50704839 reused=1
E026_STAGE device=0 nodes=1003 begin_us=50721621 end_us=50727743 reused=1
E026_STAGE device=0 nodes=1003 begin_us=50746749 end_us=50750342 reused=1
E026_STAGE device=0 nodes=1003 begin_us=50770761 end_us=50778410 reused=1
E026_STAGE device=0 nodes=1003 begin_us=50796043 end_us=50801989 reused=1
E026_STAGE device=0 nodes=1003 begin_us=50821425 end_us=50829535 reused=1
E026_STAGE device=0 nodes=1003 begin_us=50846112 end_us=50849855 reused=1
E026_STAGE device=0 nodes=1003 begin_us=50869384 end_us=50876957 reused=1
E026_STAGE device=0 nodes=1003 begin_us=50893113 end_us=50901197 reused=1
E026_STAGE device=0 nodes=1003 begin_us=50917908 end_us=50926191 reused=1
E026_STAGE device=0 nodes=1003 begin_us=50943373 end_us=50950502 reused=1
E026_STAGE device=0 nodes=1003 begin_us=50967642 end_us=50974946 reused=1
