Traceback (most recent call last):
  File "<frozen runpy>", line 198, in _run_module_as_main
  File "<frozen runpy>", line 88, in _run_code
  File "/opt/swarm/src/swarm_inference/experiments/experiment_025/bootstrap.py", line 166, in <module>
    raise SystemExit(main())
                     ^^^^^^
  File "/opt/swarm/src/swarm_inference/experiments/experiment_025/bootstrap.py", line 147, in main
    prepared = prepare_worker(
               ^^^^^^^^^^^^^^^
  File "/opt/swarm/src/swarm_inference/experiments/experiment_025/bootstrap.py", line 56, in prepare_worker
    acquisition = acquire_worker_package(
                  ^^^^^^^^^^^^^^^^^^^^^^^
  File "/opt/swarm/src/swarm_inference/experiments/experiment_014/remote_acquisition.py", line 232, in acquire_worker_package
    result = _download_object(
             ^^^^^^^^^^^^^^^^^
  File "/opt/swarm/src/swarm_inference/experiments/experiment_014/remote_acquisition.py", line 150, in _download_object
    raise AcquisitionError(
swarm_inference.experiments.experiment_014.remote_acquisition.AcquisitionError: immutable object acquisition failed after 3 attempts: attempt 1: URLError: <urlopen error [Errno -3] Temporary failure in name resolution>; attempt 2: URLError: <urlopen error [Errno -3] Temporary failure in name resolution>; attempt 3: URLError: <urlopen error [Errno -3] Temporary failure in name resolution>
Traceback (most recent call last):
  File "<frozen runpy>", line 198, in _run_module_as_main
  File "<frozen runpy>", line 88, in _run_code
  File "/opt/swarm/src/swarm_inference/experiments/experiment_025/bootstrap.py", line 166, in <module>
    raise SystemExit(main())
                     ^^^^^^
  File "/opt/swarm/src/swarm_inference/experiments/experiment_025/bootstrap.py", line 147, in main
    prepared = prepare_worker(
               ^^^^^^^^^^^^^^^
  File "/opt/swarm/src/swarm_inference/experiments/experiment_025/bootstrap.py", line 56, in prepare_worker
    acquisition = acquire_worker_package(
                  ^^^^^^^^^^^^^^^^^^^^^^^
  File "/opt/swarm/src/swarm_inference/experiments/experiment_014/remote_acquisition.py", line 232, in acquire_worker_package
    result = _download_object(
             ^^^^^^^^^^^^^^^^^
  File "/opt/swarm/src/swarm_inference/experiments/experiment_014/remote_acquisition.py", line 150, in _download_object
    raise AcquisitionError(
swarm_inference.experiments.experiment_014.remote_acquisition.AcquisitionError: immutable object acquisition failed after 3 attempts: attempt 1: URLError: <urlopen error [Errno -3] Temporary failure in name resolution>; attempt 2: URLError: <urlopen error [Errno -3] Temporary failure in name resolution>; attempt 3: URLError: <urlopen error [Errno -3] Temporary failure in name resolution>
Traceback (most recent call last):
  File "<frozen runpy>", line 198, in _run_module_as_main
  File "<frozen runpy>", line 88, in _run_code
  File "/opt/swarm/src/swarm_inference/experiments/experiment_025/bootstrap.py", line 166, in <module>
    raise SystemExit(main())
                     ^^^^^^
  File "/opt/swarm/src/swarm_inference/experiments/experiment_025/bootstrap.py", line 147, in main
    prepared = prepare_worker(
               ^^^^^^^^^^^^^^^
  File "/opt/swarm/src/swarm_inference/experiments/experiment_025/bootstrap.py", line 56, in prepare_worker
    acquisition = acquire_worker_package(
                  ^^^^^^^^^^^^^^^^^^^^^^^
  File "/opt/swarm/src/swarm_inference/experiments/experiment_014/remote_acquisition.py", line 232, in acquire_worker_package
    result = _download_object(
             ^^^^^^^^^^^^^^^^^
  File "/opt/swarm/src/swarm_inference/experiments/experiment_014/remote_acquisition.py", line 150, in _download_object
    raise AcquisitionError(
swarm_inference.experiments.experiment_014.remote_acquisition.AcquisitionError: immutable object acquisition failed after 3 attempts: attempt 1: URLError: <urlopen error [Errno -3] Temporary failure in name resolution>; attempt 2: URLError: <urlopen error [Errno -3] Temporary failure in name resolution>; attempt 3: URLError: <urlopen error [Errno -3] Temporary failure in name resolution>
Traceback (most recent call last):
  File "<frozen runpy>", line 198, in _run_module_as_main
  File "<frozen runpy>", line 88, in _run_code
  File "/opt/swarm/src/swarm_inference/experiments/experiment_025/bootstrap.py", line 166, in <module>
    raise SystemExit(main())
                     ^^^^^^
  File "/opt/swarm/src/swarm_inference/experiments/experiment_025/bootstrap.py", line 147, in main
    prepared = prepare_worker(
               ^^^^^^^^^^^^^^^
  File "/opt/swarm/src/swarm_inference/experiments/experiment_025/bootstrap.py", line 56, in prepare_worker
    acquisition = acquire_worker_package(
                  ^^^^^^^^^^^^^^^^^^^^^^^
  File "/opt/swarm/src/swarm_inference/experiments/experiment_014/remote_acquisition.py", line 232, in acquire_worker_package
    result = _download_object(
             ^^^^^^^^^^^^^^^^^
  File "/opt/swarm/src/swarm_inference/experiments/experiment_014/remote_acquisition.py", line 150, in _download_object
    raise AcquisitionError(
swarm_inference.experiments.experiment_014.remote_acquisition.AcquisitionError: immutable object acquisition failed after 3 attempts: attempt 1: URLError: <urlopen error [Errno -3] Temporary failure in name resolution>; attempt 2: URLError: <urlopen error [Errno -3] Temporary failure in name resolution>; attempt 3: URLError: <urlopen error [Errno -3] Temporary failure in name resolution>
Traceback (most recent call last):
  File "<frozen runpy>", line 198, in _run_module_as_main
  File "<frozen runpy>", line 88, in _run_code
  File "/opt/swarm/src/swarm_inference/experiments/experiment_025/bootstrap.py", line 166, in <module>
    raise SystemExit(main())
                     ^^^^^^
  File "/opt/swarm/src/swarm_inference/experiments/experiment_025/bootstrap.py", line 147, in main
    prepared = prepare_worker(
               ^^^^^^^^^^^^^^^
  File "/opt/swarm/src/swarm_inference/experiments/experiment_025/bootstrap.py", line 56, in prepare_worker
    acquisition = acquire_worker_package(
                  ^^^^^^^^^^^^^^^^^^^^^^^
  File "/opt/swarm/src/swarm_inference/experiments/experiment_014/remote_acquisition.py", line 232, in acquire_worker_package
    result = _download_object(
             ^^^^^^^^^^^^^^^^^
  File "/opt/swarm/src/swarm_inference/experiments/experiment_014/remote_acquisition.py", line 150, in _download_object
    raise AcquisitionError(
swarm_inference.experiments.experiment_014.remote_acquisition.AcquisitionError: immutable object acquisition failed after 3 attempts: attempt 1: URLError: <urlopen error [Errno -3] Temporary failure in name resolution>; attempt 2: URLError: <urlopen error [Errno -3] Temporary failure in name resolution>; attempt 3: URLError: <urlopen error [Errno -3] Temporary failure in name resolution>
[CUDA] device 0: NVIDIA GeForce RTX 3090, 25.3 GB VRAM, sm_86
[k3-persistent:load] layer 1 expert 128/896
[k3-persistent:load] layer 1 expert 256/896
[k3-persistent:load] layer 1 expert 384/896
[k3-persistent:load] layer 1 expert 512/896
[k3-persistent:load] layer 1 expert 640/896
[k3-persistent:load] layer 1 expert 768/896
[k3-persistent:load] layer 1 expert 896/896
{"bind": "0.0.0.0", "credential_logged": false, "port": 42525, "ready_path": "/var/lib/swarm/e025/e025-stage-001/ready.json", "role": "BACKBONE_STAGE", "status": "READY", "worker_id": "e025-stage-001"}

