ggml_cuda_init: found 1 CUDA devices (Total VRAM: 32606 MiB):
  Device 0: NVIDIA GeForce RTX 5090, compute capability 12.0, VMM: yes, VRAM: 32606 MiB
Starting RPC server v6.0.0
  endpoint       : 127.0.0.1:42661
  local cache    : C:\Users\Simon\OneDrive\Documents\Python Scripts\swarm-inference-lab\.runtime\experiment-026\logical-rpc-cache-0\rpc\
Devices:
  CUDA0: NVIDIA GeForce RTX 5090 (32606 MiB, 30927 MiB free)
  transport      : TCP
Accepted client connection
Client connection closed
Accepted client connection
Client connection closed
Accepted client connection
Client connection closed
Accepted client connection
Client connection closed
Accepted client connection
Client connection closed
Accepted client connection
Client connection closed
Accepted client connection
Client connection closed
Accepted client connection
Client connection closed
Accepted client connection
Client connection closed
Accepted client connection
Client connection closed
Accepted client connection
Client connection closed
Accepted client connection
E026_STAGE device=0 nodes=535 begin_us=32540217 end_us=32586644 reused=0
ggml_backend_cuda_graph_compute: CUDA graph warmup complete
E026_STAGE device=0 nodes=535 begin_us=32720508 end_us=32725940 reused=1
ggml_backend_cuda_graph_compute: CUDA graph warmup reset
E026_STAGE device=0 nodes=535 begin_us=32951932 end_us=32972870 reused=0
E026_STAGE device=0 nodes=535 begin_us=33324317 end_us=33330810 reused=0
E026_STAGE device=0 nodes=535 begin_us=33380711 end_us=33385840 reused=0
ggml_backend_cuda_graph_compute: CUDA graph warmup complete
E026_STAGE device=0 nodes=535 begin_us=33427608 end_us=33431292 reused=1
E026_STAGE device=0 nodes=535 begin_us=33461549 end_us=33463503 reused=1
E026_STAGE device=0 nodes=535 begin_us=33485495 end_us=33487423 reused=1
E026_STAGE device=0 nodes=535 begin_us=33509516 end_us=33511461 reused=1
E026_STAGE device=0 nodes=535 begin_us=33533154 end_us=33535096 reused=1
E026_STAGE device=0 nodes=535 begin_us=33558003 end_us=33559941 reused=1
E026_STAGE device=0 nodes=535 begin_us=33581952 end_us=33583892 reused=1
E026_STAGE device=0 nodes=535 begin_us=33606205 end_us=33608140 reused=1
E026_STAGE device=0 nodes=535 begin_us=33631216 end_us=33633159 reused=1
E026_STAGE device=0 nodes=535 begin_us=33655988 end_us=33657917 reused=1
E026_STAGE device=0 nodes=535 begin_us=33679029 end_us=33680962 reused=1
E026_STAGE device=0 nodes=535 begin_us=33702269 end_us=33704202 reused=1
E026_STAGE device=0 nodes=535 begin_us=33725193 end_us=33727121 reused=1
E026_STAGE device=0 nodes=535 begin_us=33749014 end_us=33750937 reused=1
E026_STAGE device=0 nodes=535 begin_us=33772242 end_us=33774176 reused=1
E026_STAGE device=0 nodes=535 begin_us=33795879 end_us=33798128 reused=1
E026_STAGE device=0 nodes=535 begin_us=33818956 end_us=33820882 reused=1
E026_STAGE device=0 nodes=535 begin_us=33843676 end_us=33845617 reused=1
E026_STAGE device=0 nodes=535 begin_us=33867296 end_us=33869232 reused=1
E026_STAGE device=0 nodes=535 begin_us=33891740 end_us=33893667 reused=1
E026_STAGE device=0 nodes=535 begin_us=33914522 end_us=33916456 reused=1
E026_STAGE device=0 nodes=535 begin_us=33938314 end_us=33940243 reused=1
E026_STAGE device=0 nodes=535 begin_us=33962579 end_us=33964516 reused=1
E026_STAGE device=0 nodes=535 begin_us=33987401 end_us=33989335 reused=1
E026_STAGE device=0 nodes=535 begin_us=34011590 end_us=34013525 reused=1
E026_STAGE device=0 nodes=535 begin_us=34035998 end_us=34037934 reused=1
E026_STAGE device=0 nodes=535 begin_us=34060184 end_us=34062112 reused=1
E026_STAGE device=0 nodes=535 begin_us=34084839 end_us=34086773 reused=1
E026_STAGE device=0 nodes=535 begin_us=34108484 end_us=34110393 reused=1
E026_STAGE device=0 nodes=535 begin_us=34131791 end_us=34133728 reused=1
E026_STAGE device=0 nodes=535 begin_us=34154778 end_us=34156722 reused=1
E026_STAGE device=0 nodes=535 begin_us=34179195 end_us=34181449 reused=1
E026_STAGE device=0 nodes=535 begin_us=34203030 end_us=34204942 reused=1
E026_STAGE device=0 nodes=535 begin_us=34226868 end_us=34228805 reused=1
E026_STAGE device=0 nodes=535 begin_us=34249881 end_us=34251816 reused=1
E026_STAGE device=0 nodes=535 begin_us=34274593 end_us=34276563 reused=1
E026_STAGE device=0 nodes=535 begin_us=34298292 end_us=34300220 reused=1
E026_STAGE device=0 nodes=535 begin_us=34322303 end_us=34324238 reused=1
E026_STAGE device=0 nodes=535 begin_us=34345475 end_us=34347389 reused=1
E026_STAGE device=0 nodes=535 begin_us=34369137 end_us=34371074 reused=1
E026_STAGE device=0 nodes=535 begin_us=34392961 end_us=34394892 reused=1
E026_STAGE device=0 nodes=535 begin_us=34416792 end_us=34418725 reused=1
E026_STAGE device=0 nodes=535 begin_us=34440036 end_us=34441941 reused=1
E026_STAGE device=0 nodes=535 begin_us=34463643 end_us=34465573 reused=1
E026_STAGE device=0 nodes=535 begin_us=34487056 end_us=34488978 reused=1
E026_STAGE device=0 nodes=535 begin_us=34510967 end_us=34512903 reused=1
E026_STAGE device=0 nodes=535 begin_us=34534260 end_us=34536525 reused=1
E026_STAGE device=0 nodes=535 begin_us=34558811 end_us=34560742 reused=1
E026_STAGE device=0 nodes=535 begin_us=34582040 end_us=34583982 reused=1
E026_STAGE device=0 nodes=535 begin_us=34605971 end_us=34607911 reused=1
E026_STAGE device=0 nodes=535 begin_us=34630127 end_us=34632185 reused=1
E026_STAGE device=0 nodes=535 begin_us=34654209 end_us=34656148 reused=1
E026_STAGE device=0 nodes=535 begin_us=34677818 end_us=34679740 reused=1
E026_STAGE device=0 nodes=535 begin_us=34701374 end_us=34703327 reused=1
E026_STAGE device=0 nodes=535 begin_us=34725334 end_us=34727252 reused=1
E026_STAGE device=0 nodes=535 begin_us=34748569 end_us=34750507 reused=1
E026_STAGE device=0 nodes=535 begin_us=34772291 end_us=34774213 reused=1
E026_STAGE device=0 nodes=535 begin_us=34797487 end_us=34799418 reused=1
E026_STAGE device=0 nodes=535 begin_us=34821061 end_us=34822990 reused=1
E026_STAGE device=0 nodes=535 begin_us=34844851 end_us=34846797 reused=1
E026_STAGE device=0 nodes=535 begin_us=34869816 end_us=34871750 reused=1
E026_STAGE device=0 nodes=535 begin_us=34893132 end_us=34895058 reused=1
ggml_backend_cuda_graph_compute: CUDA graph warmup reset
E026_STAGE device=0 nodes=535 begin_us=35356735 end_us=35361783 reused=0
E026_STAGE device=0 nodes=535 begin_us=35658066 end_us=35661311 reused=0
E026_STAGE device=0 nodes=535 begin_us=35694559 end_us=35697767 reused=0
ggml_backend_cuda_graph_compute: CUDA graph warmup complete
E026_STAGE device=0 nodes=535 begin_us=35725608 end_us=35728153 reused=1
E026_STAGE device=0 nodes=535 begin_us=35752819 end_us=35754737 reused=1
E026_STAGE device=0 nodes=535 begin_us=35776828 end_us=35778768 reused=1
E026_STAGE device=0 nodes=535 begin_us=35800055 end_us=35801974 reused=1
E026_STAGE device=0 nodes=535 begin_us=35824076 end_us=35826019 reused=1
E026_STAGE device=0 nodes=535 begin_us=35847580 end_us=35849507 reused=1
E026_STAGE device=0 nodes=535 begin_us=35870692 end_us=35872606 reused=1
E026_STAGE device=0 nodes=535 begin_us=35894452 end_us=35896697 reused=1
E026_STAGE device=0 nodes=535 begin_us=35918256 end_us=35920234 reused=1
E026_STAGE device=0 nodes=535 begin_us=35941800 end_us=35943733 reused=1
E026_STAGE device=0 nodes=535 begin_us=35964987 end_us=35966904 reused=1
E026_STAGE device=0 nodes=535 begin_us=35989738 end_us=35991657 reused=1
E026_STAGE device=0 nodes=535 begin_us=36014287 end_us=36016225 reused=1
E026_STAGE device=0 nodes=535 begin_us=36037895 end_us=36039829 reused=1
E026_STAGE device=0 nodes=535 begin_us=36061771 end_us=36063903 reused=1
E026_STAGE device=0 nodes=535 begin_us=36085181 end_us=36087115 reused=1
E026_STAGE device=0 nodes=535 begin_us=36110536 end_us=36112525 reused=1
E026_STAGE device=0 nodes=535 begin_us=36137339 end_us=36139280 reused=1
E026_STAGE device=0 nodes=535 begin_us=36162056 end_us=36164336 reused=1
E026_STAGE device=0 nodes=535 begin_us=36185773 end_us=36187706 reused=1
E026_STAGE device=0 nodes=535 begin_us=36208887 end_us=36210801 reused=1
E026_STAGE device=0 nodes=535 begin_us=36235060 end_us=36237010 reused=1
E026_STAGE device=0 nodes=535 begin_us=36258749 end_us=36260685 reused=1
E026_STAGE device=0 nodes=535 begin_us=36281874 end_us=36283810 reused=1
E026_STAGE device=0 nodes=535 begin_us=36305465 end_us=36307400 reused=1
E026_STAGE device=0 nodes=535 begin_us=36328582 end_us=36330520 reused=1
E026_STAGE device=0 nodes=535 begin_us=36351938 end_us=36353865 reused=1
E026_STAGE device=0 nodes=535 begin_us=36375549 end_us=36377490 reused=1
E026_STAGE device=0 nodes=535 begin_us=36400511 end_us=36402440 reused=1
E026_STAGE device=0 nodes=535 begin_us=36425489 end_us=36427433 reused=1
E026_STAGE device=0 nodes=535 begin_us=36448818 end_us=36450748 reused=1
E026_STAGE device=0 nodes=535 begin_us=36472001 end_us=36473939 reused=1
E026_STAGE device=0 nodes=535 begin_us=36495929 end_us=36498237 reused=1
E026_STAGE device=0 nodes=535 begin_us=36519179 end_us=36521084 reused=1
E026_STAGE device=0 nodes=535 begin_us=36542388 end_us=36544302 reused=1
E026_STAGE device=0 nodes=535 begin_us=36565175 end_us=36567108 reused=1
E026_STAGE device=0 nodes=535 begin_us=36588597 end_us=36590523 reused=1
E026_STAGE device=0 nodes=535 begin_us=36611611 end_us=36613546 reused=1
E026_STAGE device=0 nodes=535 begin_us=36635779 end_us=36637701 reused=1
E026_STAGE device=0 nodes=535 begin_us=36659436 end_us=36661366 reused=1
E026_STAGE device=0 nodes=535 begin_us=36683395 end_us=36685345 reused=1
E026_STAGE device=0 nodes=535 begin_us=36706541 end_us=36708473 reused=1
E026_STAGE device=0 nodes=535 begin_us=36729655 end_us=36731905 reused=1
E026_STAGE device=0 nodes=535 begin_us=36753224 end_us=36755156 reused=1
E026_STAGE device=0 nodes=535 begin_us=36776978 end_us=36778915 reused=1
E026_STAGE device=0 nodes=535 begin_us=36799964 end_us=36801898 reused=1
E026_STAGE device=0 nodes=535 begin_us=36823480 end_us=36825416 reused=1
E026_STAGE device=0 nodes=535 begin_us=36846591 end_us=36848527 reused=1
E026_STAGE device=0 nodes=535 begin_us=36870015 end_us=36871949 reused=1
E026_STAGE device=0 nodes=535 begin_us=36893949 end_us=36895884 reused=1
E026_STAGE device=0 nodes=535 begin_us=36916932 end_us=36918864 reused=1
E026_STAGE device=0 nodes=535 begin_us=36940833 end_us=36942756 reused=1
E026_STAGE device=0 nodes=535 begin_us=36964368 end_us=36966309 reused=1
E026_STAGE device=0 nodes=535 begin_us=36987608 end_us=36989536 reused=1
E026_STAGE device=0 nodes=535 begin_us=37010871 end_us=37012804 reused=1
E026_STAGE device=0 nodes=535 begin_us=37034758 end_us=37036689 reused=1
E026_STAGE device=0 nodes=535 begin_us=37057780 end_us=37059700 reused=1
E026_STAGE device=0 nodes=535 begin_us=37081075 end_us=37083002 reused=1
E026_STAGE device=0 nodes=535 begin_us=37104543 end_us=37106483 reused=1
E026_STAGE device=0 nodes=535 begin_us=37128580 end_us=37130517 reused=1
E026_STAGE device=0 nodes=535 begin_us=37152950 end_us=37154883 reused=1
E026_STAGE device=0 nodes=535 begin_us=37176444 end_us=37178368 reused=1
ggml_backend_cuda_graph_compute: CUDA graph warmup reset
E026_STAGE device=0 nodes=535 begin_us=37673351 end_us=37694039 reused=0
E026_STAGE device=0 nodes=535 begin_us=37970795 end_us=37990631 reused=0
E026_STAGE device=0 nodes=535 begin_us=38244057 end_us=38264273 reused=0
E026_STAGE device=0 nodes=535 begin_us=38514413 end_us=38534487 reused=0
E026_STAGE device=0 nodes=535 begin_us=38783901 end_us=38804291 reused=0
E026_STAGE device=0 nodes=535 begin_us=39059927 end_us=39080680 reused=0
E026_STAGE device=0 nodes=535 begin_us=39374846 end_us=39395147 reused=0
E026_STAGE device=0 nodes=535 begin_us=39718807 end_us=39739586 reused=0
E026_STAGE device=0 nodes=535 begin_us=40035281 end_us=40055712 reused=0
E026_STAGE device=0 nodes=535 begin_us=40352867 end_us=40373545 reused=0
E026_STAGE device=0 nodes=535 begin_us=40679309 end_us=40700024 reused=0
E026_STAGE device=0 nodes=535 begin_us=40994962 end_us=41016159 reused=0
E026_STAGE device=0 nodes=535 begin_us=41317764 end_us=41338989 reused=0
E026_STAGE device=0 nodes=535 begin_us=41646873 end_us=41667855 reused=0
E026_STAGE device=0 nodes=535 begin_us=41982554 end_us=41997241 reused=0
E026_STAGE device=0 nodes=535 begin_us=42497399 end_us=42518772 reused=0
E026_STAGE device=0 nodes=535 begin_us=42975600 end_us=42978935 reused=0
E026_STAGE device=0 nodes=535 begin_us=43012480 end_us=43017942 reused=0
ggml_backend_cuda_graph_compute: CUDA graph warmup complete
E026_STAGE device=0 nodes=535 begin_us=43051412 end_us=43054569 reused=1
E026_STAGE device=0 nodes=535 begin_us=43083819 end_us=43085814 reused=1
E026_STAGE device=0 nodes=535 begin_us=43107765 end_us=43109737 reused=1
E026_STAGE device=0 nodes=535 begin_us=43133892 end_us=43135875 reused=1
E026_STAGE device=0 nodes=535 begin_us=43157398 end_us=43159372 reused=1
E026_STAGE device=0 nodes=535 begin_us=43180876 end_us=43183162 reused=1
E026_STAGE device=0 nodes=535 begin_us=43204621 end_us=43206605 reused=1
E026_STAGE device=0 nodes=535 begin_us=43228443 end_us=43230740 reused=1
E026_STAGE device=0 nodes=535 begin_us=43252377 end_us=43254334 reused=1
E026_STAGE device=0 nodes=535 begin_us=43276390 end_us=43278396 reused=1
E026_STAGE device=0 nodes=535 begin_us=43299980 end_us=43301954 reused=1
E026_STAGE device=0 nodes=535 begin_us=43324237 end_us=43326224 reused=1
E026_STAGE device=0 nodes=535 begin_us=43347726 end_us=43349701 reused=1
E026_STAGE device=0 nodes=535 begin_us=43371618 end_us=43373578 reused=1
E026_STAGE device=0 nodes=535 begin_us=43395053 end_us=43397041 reused=1
E026_STAGE device=0 nodes=535 begin_us=43419628 end_us=43421605 reused=1
E026_STAGE device=0 nodes=535 begin_us=43443957 end_us=43445927 reused=1
E026_STAGE device=0 nodes=535 begin_us=43469099 end_us=43471080 reused=1
E026_STAGE device=0 nodes=535 begin_us=43492148 end_us=43494101 reused=1
E026_STAGE device=0 nodes=535 begin_us=43516592 end_us=43518580 reused=1
E026_STAGE device=0 nodes=535 begin_us=43540515 end_us=43542479 reused=1
E026_STAGE device=0 nodes=535 begin_us=43564939 end_us=43566910 reused=1
E026_STAGE device=0 nodes=535 begin_us=43588518 end_us=43590487 reused=1
E026_STAGE device=0 nodes=535 begin_us=43612042 end_us=43614334 reused=1
E026_STAGE device=0 nodes=535 begin_us=43635592 end_us=43637544 reused=1
E026_STAGE device=0 nodes=535 begin_us=43659581 end_us=43661554 reused=1
E026_STAGE device=0 nodes=535 begin_us=43682742 end_us=43684716 reused=1
E026_STAGE device=0 nodes=535 begin_us=43706837 end_us=43708808 reused=1
E026_STAGE device=0 nodes=535 begin_us=43730343 end_us=43732325 reused=1
E026_STAGE device=0 nodes=535 begin_us=43755015 end_us=43756995 reused=1
E026_STAGE device=0 nodes=535 begin_us=43778593 end_us=43780563 reused=1
E026_STAGE device=0 nodes=535 begin_us=43803052 end_us=43805044 reused=1
E026_STAGE device=0 nodes=535 begin_us=43827088 end_us=43829061 reused=1
E026_STAGE device=0 nodes=535 begin_us=43851753 end_us=43853732 reused=1
E026_STAGE device=0 nodes=535 begin_us=43876391 end_us=43878378 reused=1
E026_STAGE device=0 nodes=535 begin_us=43900385 end_us=43902362 reused=1
E026_STAGE device=0 nodes=535 begin_us=43923854 end_us=43925829 reused=1
E026_STAGE device=0 nodes=535 begin_us=43947603 end_us=43949563 reused=1
E026_STAGE device=0 nodes=535 begin_us=43972417 end_us=43974730 reused=1
E026_STAGE device=0 nodes=535 begin_us=43996900 end_us=43998866 reused=1
E026_STAGE device=0 nodes=535 begin_us=44020541 end_us=44022517 reused=1
E026_STAGE device=0 nodes=535 begin_us=44044625 end_us=44046909 reused=1
E026_STAGE device=0 nodes=535 begin_us=44068433 end_us=44070477 reused=1
E026_STAGE device=0 nodes=535 begin_us=44093008 end_us=44094971 reused=1
E026_STAGE device=0 nodes=535 begin_us=44116639 end_us=44118613 reused=1
E026_STAGE device=0 nodes=535 begin_us=44140189 end_us=44142167 reused=1
E026_STAGE device=0 nodes=535 begin_us=44163685 end_us=44165874 reused=1
E026_STAGE device=0 nodes=535 begin_us=44188088 end_us=44190038 reused=1
E026_STAGE device=0 nodes=535 begin_us=44211899 end_us=44213889 reused=1
E026_STAGE device=0 nodes=535 begin_us=44234867 end_us=44236816 reused=1
E026_STAGE device=0 nodes=535 begin_us=44258040 end_us=44260008 reused=1
E026_STAGE device=0 nodes=535 begin_us=44282002 end_us=44283986 reused=1
E026_STAGE device=0 nodes=535 begin_us=44305674 end_us=44307685 reused=1
E026_STAGE device=0 nodes=535 begin_us=44329401 end_us=44331373 reused=1
E026_STAGE device=0 nodes=535 begin_us=44352819 end_us=44354790 reused=1
E026_STAGE device=0 nodes=535 begin_us=44376503 end_us=44378480 reused=1
E026_STAGE device=0 nodes=535 begin_us=44400814 end_us=44402793 reused=1
E026_STAGE device=0 nodes=535 begin_us=44425784 end_us=44427761 reused=1
E026_STAGE device=0 nodes=535 begin_us=44449373 end_us=44451352 reused=1
E026_STAGE device=0 nodes=535 begin_us=44473557 end_us=44475517 reused=1
E026_STAGE device=0 nodes=535 begin_us=44497186 end_us=44499161 reused=1
E026_STAGE device=0 nodes=535 begin_us=44520975 end_us=44522949 reused=1
Client connection closed
