ggml_cuda_init: found 1 CUDA devices (Total VRAM: 32606 MiB):
  Device 0: NVIDIA GeForce RTX 5090, compute capability 12.0, VMM: yes, VRAM: 32606 MiB
Starting RPC server v6.0.0
  endpoint       : 127.0.0.1:42662
  local cache    : C:\Users\Simon\OneDrive\Documents\Python Scripts\swarm-inference-lab\.runtime\experiment-026\logical-rpc-cache-1\rpc\
Devices:
  CUDA0: NVIDIA GeForce RTX 5090 (32606 MiB, 30927 MiB free)
  transport      : TCP
Accepted client connection
Client connection closed
Accepted client connection
Client connection closed
Accepted client connection
Client connection closed
Accepted client connection
Client connection closed
Accepted client connection
Client connection closed
Accepted client connection
Client connection closed
Accepted client connection
Client connection closed
Accepted client connection
Client connection closed
Accepted client connection
Client connection closed
Accepted client connection
Client connection closed
Accepted client connection
Client connection closed
Accepted client connection
E026_STAGE device=0 nodes=468 begin_us=13838498 end_us=13885608 reused=0
ggml_backend_cuda_graph_compute: CUDA graph warmup complete
E026_STAGE device=0 nodes=468 begin_us=13980133 end_us=13984935 reused=1
ggml_backend_cuda_graph_compute: CUDA graph warmup reset
E026_STAGE device=0 nodes=468 begin_us=14356864 end_us=14375959 reused=0
E026_STAGE device=0 nodes=468 begin_us=14744687 end_us=14750849 reused=0
E026_STAGE device=0 nodes=468 begin_us=14798528 end_us=14803207 reused=0
ggml_backend_cuda_graph_compute: CUDA graph warmup complete
E026_STAGE device=0 nodes=468 begin_us=14845264 end_us=14849460 reused=1
E026_STAGE device=0 nodes=468 begin_us=14892811 end_us=14895863 reused=1
E026_STAGE device=0 nodes=468 begin_us=14927343 end_us=14929051 reused=1
E026_STAGE device=0 nodes=468 begin_us=14951550 end_us=14953256 reused=1
E026_STAGE device=0 nodes=468 begin_us=14975651 end_us=14977369 reused=1
E026_STAGE device=0 nodes=468 begin_us=15001650 end_us=15003366 reused=1
E026_STAGE device=0 nodes=468 begin_us=15027033 end_us=15028767 reused=1
E026_STAGE device=0 nodes=468 begin_us=15051925 end_us=15053646 reused=1
E026_STAGE device=0 nodes=468 begin_us=15078458 end_us=15080175 reused=1
E026_STAGE device=0 nodes=468 begin_us=15102704 end_us=15104420 reused=1
E026_STAGE device=0 nodes=468 begin_us=15127241 end_us=15128962 reused=1
E026_STAGE device=0 nodes=468 begin_us=15151350 end_us=15153075 reused=1
E026_STAGE device=0 nodes=468 begin_us=15178236 end_us=15179961 reused=1
E026_STAGE device=0 nodes=468 begin_us=15203286 end_us=15205019 reused=1
E026_STAGE device=0 nodes=468 begin_us=15227756 end_us=15229469 reused=1
E026_STAGE device=0 nodes=468 begin_us=15251656 end_us=15253374 reused=1
E026_STAGE device=0 nodes=468 begin_us=15276313 end_us=15278025 reused=1
E026_STAGE device=0 nodes=468 begin_us=15300074 end_us=15301785 reused=1
E026_STAGE device=0 nodes=468 begin_us=15324797 end_us=15326521 reused=1
E026_STAGE device=0 nodes=468 begin_us=15350268 end_us=15352018 reused=1
E026_STAGE device=0 nodes=468 begin_us=15374908 end_us=15376627 reused=1
E026_STAGE device=0 nodes=468 begin_us=15400751 end_us=15402471 reused=1
E026_STAGE device=0 nodes=468 begin_us=15425087 end_us=15426813 reused=1
E026_STAGE device=0 nodes=468 begin_us=15449994 end_us=15451701 reused=1
E026_STAGE device=0 nodes=468 begin_us=15474885 end_us=15476599 reused=1
E026_STAGE device=0 nodes=468 begin_us=15499540 end_us=15501257 reused=1
E026_STAGE device=0 nodes=468 begin_us=15524029 end_us=15525888 reused=1
E026_STAGE device=0 nodes=468 begin_us=15548709 end_us=15550423 reused=1
E026_STAGE device=0 nodes=468 begin_us=15573195 end_us=15574909 reused=1
E026_STAGE device=0 nodes=468 begin_us=15597388 end_us=15599095 reused=1
E026_STAGE device=0 nodes=468 begin_us=15624592 end_us=15626304 reused=1
E026_STAGE device=0 nodes=468 begin_us=15648264 end_us=15649978 reused=1
E026_STAGE device=0 nodes=468 begin_us=15673148 end_us=15674867 reused=1
E026_STAGE device=0 nodes=468 begin_us=15697289 end_us=15699004 reused=1
E026_STAGE device=0 nodes=468 begin_us=15722263 end_us=15723976 reused=1
E026_STAGE device=0 nodes=468 begin_us=15746979 end_us=15748689 reused=1
E026_STAGE device=0 nodes=468 begin_us=15771051 end_us=15773101 reused=1
E026_STAGE device=0 nodes=468 begin_us=15796655 end_us=15798374 reused=1
E026_STAGE device=0 nodes=468 begin_us=15821342 end_us=15823064 reused=1
E026_STAGE device=0 nodes=468 begin_us=15846241 end_us=15847955 reused=1
E026_STAGE device=0 nodes=468 begin_us=15869963 end_us=15871690 reused=1
E026_STAGE device=0 nodes=468 begin_us=15894887 end_us=15896610 reused=1
E026_STAGE device=0 nodes=468 begin_us=15919935 end_us=15921675 reused=1
E026_STAGE device=0 nodes=468 begin_us=15944574 end_us=15946306 reused=1
E026_STAGE device=0 nodes=468 begin_us=15969037 end_us=15970755 reused=1
E026_STAGE device=0 nodes=468 begin_us=15993281 end_us=15994994 reused=1
E026_STAGE device=0 nodes=468 begin_us=16018473 end_us=16020189 reused=1
E026_STAGE device=0 nodes=468 begin_us=16043456 end_us=16045175 reused=1
E026_STAGE device=0 nodes=468 begin_us=16068306 end_us=16070020 reused=1
E026_STAGE device=0 nodes=468 begin_us=16093528 end_us=16095249 reused=1
E026_STAGE device=0 nodes=468 begin_us=16117952 end_us=16119676 reused=1
E026_STAGE device=0 nodes=468 begin_us=16144277 end_us=16145993 reused=1
E026_STAGE device=0 nodes=468 begin_us=16169145 end_us=16170863 reused=1
E026_STAGE device=0 nodes=468 begin_us=16194374 end_us=16196090 reused=1
E026_STAGE device=0 nodes=468 begin_us=16219682 end_us=16221431 reused=1
E026_STAGE device=0 nodes=468 begin_us=16243483 end_us=16245195 reused=1
E026_STAGE device=0 nodes=468 begin_us=16269748 end_us=16271476 reused=1
E026_STAGE device=0 nodes=468 begin_us=16295871 end_us=16297590 reused=1
E026_STAGE device=0 nodes=468 begin_us=16320804 end_us=16322878 reused=1
E026_STAGE device=0 nodes=468 begin_us=16344983 end_us=16346705 reused=1
E026_STAGE device=0 nodes=468 begin_us=16373040 end_us=16374789 reused=1
E026_STAGE device=0 nodes=468 begin_us=16399216 end_us=16400924 reused=1
ggml_backend_cuda_graph_compute: CUDA graph warmup reset
E026_STAGE device=0 nodes=468 begin_us=16858187 end_us=16862799 reused=0
E026_STAGE device=0 nodes=468 begin_us=17189075 end_us=17191940 reused=0
E026_STAGE device=0 nodes=468 begin_us=17227176 end_us=17229741 reused=0
ggml_backend_cuda_graph_compute: CUDA graph warmup complete
E026_STAGE device=0 nodes=468 begin_us=17260590 end_us=17262811 reused=1
E026_STAGE device=0 nodes=468 begin_us=17288230 end_us=17290241 reused=1
E026_STAGE device=0 nodes=468 begin_us=17312672 end_us=17314382 reused=1
E026_STAGE device=0 nodes=468 begin_us=17336949 end_us=17338679 reused=1
E026_STAGE device=0 nodes=468 begin_us=17361926 end_us=17363718 reused=1
E026_STAGE device=0 nodes=468 begin_us=17388731 end_us=17390457 reused=1
E026_STAGE device=0 nodes=468 begin_us=17413904 end_us=17415619 reused=1
E026_STAGE device=0 nodes=468 begin_us=17439121 end_us=17440833 reused=1
E026_STAGE device=0 nodes=468 begin_us=17463804 end_us=17465512 reused=1
E026_STAGE device=0 nodes=468 begin_us=17489801 end_us=17491536 reused=1
E026_STAGE device=0 nodes=468 begin_us=17515383 end_us=17517093 reused=1
E026_STAGE device=0 nodes=468 begin_us=17539897 end_us=17541620 reused=1
E026_STAGE device=0 nodes=468 begin_us=17566837 end_us=17568554 reused=1
E026_STAGE device=0 nodes=468 begin_us=17591320 end_us=17593033 reused=1
E026_STAGE device=0 nodes=468 begin_us=17617956 end_us=17619677 reused=1
E026_STAGE device=0 nodes=468 begin_us=17643849 end_us=17645572 reused=1
E026_STAGE device=0 nodes=468 begin_us=17668603 end_us=17670332 reused=1
E026_STAGE device=0 nodes=468 begin_us=17694887 end_us=17696608 reused=1
E026_STAGE device=0 nodes=468 begin_us=17720131 end_us=17721859 reused=1
E026_STAGE device=0 nodes=468 begin_us=17744258 end_us=17745983 reused=1
E026_STAGE device=0 nodes=468 begin_us=17769317 end_us=17771019 reused=1
E026_STAGE device=0 nodes=468 begin_us=17794022 end_us=17795767 reused=1
E026_STAGE device=0 nodes=468 begin_us=17818467 end_us=17820178 reused=1
E026_STAGE device=0 nodes=468 begin_us=17843395 end_us=17845139 reused=1
E026_STAGE device=0 nodes=468 begin_us=17869993 end_us=17871722 reused=1
E026_STAGE device=0 nodes=468 begin_us=17895132 end_us=17896857 reused=1
E026_STAGE device=0 nodes=468 begin_us=17921855 end_us=17923569 reused=1
E026_STAGE device=0 nodes=468 begin_us=17948427 end_us=17950150 reused=1
E026_STAGE device=0 nodes=468 begin_us=17973567 end_us=17975291 reused=1
E026_STAGE device=0 nodes=468 begin_us=17997535 end_us=17999249 reused=1
E026_STAGE device=0 nodes=468 begin_us=18023406 end_us=18025177 reused=1
E026_STAGE device=0 nodes=468 begin_us=18048188 end_us=18049899 reused=1
E026_STAGE device=0 nodes=468 begin_us=18072585 end_us=18074318 reused=1
E026_STAGE device=0 nodes=468 begin_us=18096604 end_us=18098319 reused=1
E026_STAGE device=0 nodes=468 begin_us=18121908 end_us=18123625 reused=1
E026_STAGE device=0 nodes=468 begin_us=18146793 end_us=18148537 reused=1
E026_STAGE device=0 nodes=468 begin_us=18171974 end_us=18173802 reused=1
E026_STAGE device=0 nodes=468 begin_us=18198013 end_us=18199724 reused=1
E026_STAGE device=0 nodes=468 begin_us=18223756 end_us=18225844 reused=1
E026_STAGE device=0 nodes=468 begin_us=18249643 end_us=18251356 reused=1
E026_STAGE device=0 nodes=468 begin_us=18274057 end_us=18275778 reused=1
E026_STAGE device=0 nodes=468 begin_us=18298852 end_us=18300561 reused=1
E026_STAGE device=0 nodes=468 begin_us=18322824 end_us=18324873 reused=1
E026_STAGE device=0 nodes=468 begin_us=18347406 end_us=18349126 reused=1
E026_STAGE device=0 nodes=468 begin_us=18373267 end_us=18374987 reused=1
E026_STAGE device=0 nodes=468 begin_us=18397655 end_us=18399372 reused=1
E026_STAGE device=0 nodes=468 begin_us=18423471 end_us=18425191 reused=1
E026_STAGE device=0 nodes=468 begin_us=18447128 end_us=18448830 reused=1
E026_STAGE device=0 nodes=468 begin_us=18472237 end_us=18474025 reused=1
E026_STAGE device=0 nodes=468 begin_us=18496270 end_us=18497998 reused=1
E026_STAGE device=0 nodes=468 begin_us=18521392 end_us=18523109 reused=1
E026_STAGE device=0 nodes=468 begin_us=18545805 end_us=18547531 reused=1
E026_STAGE device=0 nodes=468 begin_us=18570867 end_us=18572856 reused=1
E026_STAGE device=0 nodes=468 begin_us=18596118 end_us=18597837 reused=1
E026_STAGE device=0 nodes=468 begin_us=18620099 end_us=18621847 reused=1
E026_STAGE device=0 nodes=468 begin_us=18645212 end_us=18646929 reused=1
E026_STAGE device=0 nodes=468 begin_us=18669663 end_us=18671391 reused=1
E026_STAGE device=0 nodes=468 begin_us=18694681 end_us=18696394 reused=1
E026_STAGE device=0 nodes=468 begin_us=18718571 end_us=18720287 reused=1
E026_STAGE device=0 nodes=468 begin_us=18743079 end_us=18744798 reused=1
E026_STAGE device=0 nodes=468 begin_us=18767241 end_us=18768951 reused=1
E026_STAGE device=0 nodes=468 begin_us=18792132 end_us=18793854 reused=1
ggml_backend_cuda_graph_compute: CUDA graph warmup reset
E026_STAGE device=0 nodes=468 begin_us=19359720 end_us=19378314 reused=0
E026_STAGE device=0 nodes=468 begin_us=19647615 end_us=19665259 reused=0
E026_STAGE device=0 nodes=468 begin_us=19972891 end_us=19990639 reused=0
E026_STAGE device=0 nodes=468 begin_us=20271887 end_us=20290138 reused=0
E026_STAGE device=0 nodes=468 begin_us=20548519 end_us=20566438 reused=0
E026_STAGE device=0 nodes=468 begin_us=20863756 end_us=20881754 reused=0
E026_STAGE device=0 nodes=468 begin_us=21180083 end_us=21198788 reused=0
E026_STAGE device=0 nodes=468 begin_us=21530257 end_us=21548657 reused=0
E026_STAGE device=0 nodes=468 begin_us=21909560 end_us=21927784 reused=0
E026_STAGE device=0 nodes=468 begin_us=22240997 end_us=22259502 reused=0
E026_STAGE device=0 nodes=468 begin_us=22566965 end_us=22585567 reused=0
E026_STAGE device=0 nodes=468 begin_us=22920797 end_us=22939510 reused=0
E026_STAGE device=0 nodes=468 begin_us=23268843 end_us=23287854 reused=0
E026_STAGE device=0 nodes=468 begin_us=23645273 end_us=23665172 reused=0
E026_STAGE device=0 nodes=468 begin_us=23963859 end_us=23977015 reused=0
E026_STAGE device=0 nodes=468 begin_us=24553927 end_us=24572842 reused=0
E026_STAGE device=0 nodes=468 begin_us=24995778 end_us=24998812 reused=0
E026_STAGE device=0 nodes=468 begin_us=25037303 end_us=25042913 reused=0
ggml_backend_cuda_graph_compute: CUDA graph warmup complete
E026_STAGE device=0 nodes=468 begin_us=25078512 end_us=25081505 reused=1
E026_STAGE device=0 nodes=468 begin_us=25112032 end_us=25113794 reused=1
E026_STAGE device=0 nodes=468 begin_us=25136679 end_us=25138787 reused=1
E026_STAGE device=0 nodes=468 begin_us=25161189 end_us=25162934 reused=1
E026_STAGE device=0 nodes=468 begin_us=25186895 end_us=25188869 reused=1
E026_STAGE device=0 nodes=468 begin_us=25212213 end_us=25213964 reused=1
E026_STAGE device=0 nodes=468 begin_us=25238663 end_us=25240418 reused=1
E026_STAGE device=0 nodes=468 begin_us=25262901 end_us=25264661 reused=1
E026_STAGE device=0 nodes=468 begin_us=25288614 end_us=25290460 reused=1
E026_STAGE device=0 nodes=468 begin_us=25314508 end_us=25316280 reused=1
E026_STAGE device=0 nodes=468 begin_us=25339147 end_us=25340906 reused=1
E026_STAGE device=0 nodes=468 begin_us=25364700 end_us=25366453 reused=1
E026_STAGE device=0 nodes=468 begin_us=25389438 end_us=25391199 reused=1
E026_STAGE device=0 nodes=468 begin_us=25415156 end_us=25416909 reused=1
E026_STAGE device=0 nodes=468 begin_us=25439982 end_us=25441751 reused=1
E026_STAGE device=0 nodes=468 begin_us=25465780 end_us=25467549 reused=1
E026_STAGE device=0 nodes=468 begin_us=25491441 end_us=25493210 reused=1
E026_STAGE device=0 nodes=468 begin_us=25516814 end_us=25518577 reused=1
E026_STAGE device=0 nodes=468 begin_us=25541817 end_us=25543590 reused=1
E026_STAGE device=0 nodes=468 begin_us=25567277 end_us=25569029 reused=1
E026_STAGE device=0 nodes=468 begin_us=25591766 end_us=25593527 reused=1
E026_STAGE device=0 nodes=468 begin_us=25618662 end_us=25620440 reused=1
E026_STAGE device=0 nodes=468 begin_us=25644356 end_us=25646122 reused=1
E026_STAGE device=0 nodes=468 begin_us=25671522 end_us=25673295 reused=1
E026_STAGE device=0 nodes=468 begin_us=25697727 end_us=25699482 reused=1
E026_STAGE device=0 nodes=468 begin_us=25724451 end_us=25726233 reused=1
E026_STAGE device=0 nodes=468 begin_us=25749388 end_us=25751151 reused=1
E026_STAGE device=0 nodes=468 begin_us=25774062 end_us=25775830 reused=1
E026_STAGE device=0 nodes=468 begin_us=25801176 end_us=25802936 reused=1
E026_STAGE device=0 nodes=468 begin_us=25826342 end_us=25828094 reused=1
E026_STAGE device=0 nodes=468 begin_us=25850822 end_us=25852581 reused=1
E026_STAGE device=0 nodes=468 begin_us=25875095 end_us=25876857 reused=1
E026_STAGE device=0 nodes=468 begin_us=25900453 end_us=25902202 reused=1
E026_STAGE device=0 nodes=468 begin_us=25925153 end_us=25926915 reused=1
E026_STAGE device=0 nodes=468 begin_us=25950016 end_us=25951772 reused=1
E026_STAGE device=0 nodes=468 begin_us=25974790 end_us=25976558 reused=1
E026_STAGE device=0 nodes=468 begin_us=25999588 end_us=26001350 reused=1
E026_STAGE device=0 nodes=468 begin_us=26024208 end_us=26025981 reused=1
E026_STAGE device=0 nodes=468 begin_us=26049293 end_us=26051060 reused=1
E026_STAGE device=0 nodes=468 begin_us=26076240 end_us=26078002 reused=1
E026_STAGE device=0 nodes=468 begin_us=26100738 end_us=26102506 reused=1
E026_STAGE device=0 nodes=468 begin_us=26125954 end_us=26127717 reused=1
E026_STAGE device=0 nodes=468 begin_us=26151982 end_us=26153743 reused=1
E026_STAGE device=0 nodes=468 begin_us=26177850 end_us=26179604 reused=1
E026_STAGE device=0 nodes=468 begin_us=26202078 end_us=26203847 reused=1
E026_STAGE device=0 nodes=468 begin_us=26226723 end_us=26228505 reused=1
E026_STAGE device=0 nodes=468 begin_us=26252284 end_us=26254062 reused=1
E026_STAGE device=0 nodes=468 begin_us=26279848 end_us=26281614 reused=1
E026_STAGE device=0 nodes=468 begin_us=26306518 end_us=26308362 reused=1
E026_STAGE device=0 nodes=468 begin_us=26331837 end_us=26333613 reused=1
E026_STAGE device=0 nodes=468 begin_us=26358579 end_us=26360350 reused=1
E026_STAGE device=0 nodes=468 begin_us=26384081 end_us=26385845 reused=1
E026_STAGE device=0 nodes=468 begin_us=26409116 end_us=26410885 reused=1
E026_STAGE device=0 nodes=468 begin_us=26435554 end_us=26437339 reused=1
E026_STAGE device=0 nodes=468 begin_us=26461628 end_us=26463392 reused=1
E026_STAGE device=0 nodes=468 begin_us=26486376 end_us=26488137 reused=1
E026_STAGE device=0 nodes=468 begin_us=26511761 end_us=26513527 reused=1
E026_STAGE device=0 nodes=468 begin_us=26537244 end_us=26539018 reused=1
E026_STAGE device=0 nodes=468 begin_us=26562600 end_us=26564366 reused=1
E026_STAGE device=0 nodes=468 begin_us=26587725 end_us=26589574 reused=1
E026_STAGE device=0 nodes=468 begin_us=26613136 end_us=26614892 reused=1
E026_STAGE device=0 nodes=468 begin_us=26638181 end_us=26640314 reused=1
Client connection closed
