ggml_cuda_init: found 1 CUDA devices (Total VRAM: 32606 MiB):
  Device 0: NVIDIA GeForce RTX 5090, compute capability 12.0, VMM: yes, VRAM: 32606 MiB
Starting RPC server v6.0.0
  endpoint       : 127.0.0.1:42661
  local cache    : C:\Users\Simon\OneDrive\Documents\Python Scripts\swarm-inference-lab\.runtime\experiment-026\logical-rpc-cache-0\rpc\
Devices:
  CUDA0: NVIDIA GeForce RTX 5090 (32606 MiB, 30927 MiB free)
  transport      : TCP
Accepted client connection
Client connection closed
Accepted client connection
Client connection closed
Accepted client connection
Client connection closed
Accepted client connection
Client connection closed
Accepted client connection
Client connection closed
Accepted client connection
Client connection closed
Accepted client connection
Client connection closed
Accepted client connection
Client connection closed
Accepted client connection
Client connection closed
Accepted client connection
Client connection closed
Accepted client connection
Client connection closed
Accepted client connection
E026_STAGE device=0 nodes=535 begin_us=14196693 end_us=14245448 reused=0
ggml_backend_cuda_graph_compute: CUDA graph warmup complete
E026_STAGE device=0 nodes=535 begin_us=14383098 end_us=14388806 reused=1
ggml_backend_cuda_graph_compute: CUDA graph warmup reset
E026_STAGE device=0 nodes=535 begin_us=14742951 end_us=14762964 reused=0
E026_STAGE device=0 nodes=535 begin_us=15146061 end_us=15152579 reused=0
E026_STAGE device=0 nodes=535 begin_us=15202298 end_us=15207441 reused=0
ggml_backend_cuda_graph_compute: CUDA graph warmup complete
E026_STAGE device=0 nodes=535 begin_us=15249827 end_us=15254862 reused=1
E026_STAGE device=0 nodes=535 begin_us=15298959 end_us=15302815 reused=1
E026_STAGE device=0 nodes=535 begin_us=15335090 end_us=15337035 reused=1
E026_STAGE device=0 nodes=535 begin_us=15358997 end_us=15360930 reused=1
E026_STAGE device=0 nodes=535 begin_us=15383529 end_us=15385476 reused=1
E026_STAGE device=0 nodes=535 begin_us=15409498 end_us=15411414 reused=1
E026_STAGE device=0 nodes=535 begin_us=15434430 end_us=15436381 reused=1
E026_STAGE device=0 nodes=535 begin_us=15459339 end_us=15461273 reused=1
E026_STAGE device=0 nodes=535 begin_us=15485611 end_us=15487548 reused=1
E026_STAGE device=0 nodes=535 begin_us=15510470 end_us=15512406 reused=1
E026_STAGE device=0 nodes=535 begin_us=15534566 end_us=15536519 reused=1
E026_STAGE device=0 nodes=535 begin_us=15558935 end_us=15560875 reused=1
E026_STAGE device=0 nodes=535 begin_us=15584820 end_us=15587137 reused=1
E026_STAGE device=0 nodes=535 begin_us=15610788 end_us=15612726 reused=1
E026_STAGE device=0 nodes=535 begin_us=15634883 end_us=15636843 reused=1
E026_STAGE device=0 nodes=535 begin_us=15659451 end_us=15661391 reused=1
E026_STAGE device=0 nodes=535 begin_us=15683916 end_us=15686188 reused=1
E026_STAGE device=0 nodes=535 begin_us=15707773 end_us=15709692 reused=1
E026_STAGE device=0 nodes=535 begin_us=15731992 end_us=15733932 reused=1
E026_STAGE device=0 nodes=535 begin_us=15757639 end_us=15759570 reused=1
E026_STAGE device=0 nodes=535 begin_us=15782321 end_us=15784261 reused=1
E026_STAGE device=0 nodes=535 begin_us=15807510 end_us=15809446 reused=1
E026_STAGE device=0 nodes=535 begin_us=15832450 end_us=15834379 reused=1
E026_STAGE device=0 nodes=535 begin_us=15857520 end_us=15859448 reused=1
E026_STAGE device=0 nodes=535 begin_us=15882342 end_us=15884281 reused=1
E026_STAGE device=0 nodes=535 begin_us=15907020 end_us=15908955 reused=1
E026_STAGE device=0 nodes=535 begin_us=15931261 end_us=15933185 reused=1
E026_STAGE device=0 nodes=535 begin_us=15956329 end_us=15958286 reused=1
E026_STAGE device=0 nodes=535 begin_us=15980786 end_us=15982727 reused=1
E026_STAGE device=0 nodes=535 begin_us=16005214 end_us=16007145 reused=1
E026_STAGE device=0 nodes=535 begin_us=16032027 end_us=16033964 reused=1
E026_STAGE device=0 nodes=535 begin_us=16056133 end_us=16058070 reused=1
E026_STAGE device=0 nodes=535 begin_us=16080617 end_us=16082549 reused=1
E026_STAGE device=0 nodes=535 begin_us=16104857 end_us=16106792 reused=1
E026_STAGE device=0 nodes=535 begin_us=16129722 end_us=16131661 reused=1
E026_STAGE device=0 nodes=535 begin_us=16154443 end_us=16156374 reused=1
E026_STAGE device=0 nodes=535 begin_us=16178712 end_us=16180653 reused=1
E026_STAGE device=0 nodes=535 begin_us=16203938 end_us=16205954 reused=1
E026_STAGE device=0 nodes=535 begin_us=16228952 end_us=16230887 reused=1
E026_STAGE device=0 nodes=535 begin_us=16253994 end_us=16256007 reused=1
E026_STAGE device=0 nodes=535 begin_us=16278056 end_us=16279991 reused=1
E026_STAGE device=0 nodes=535 begin_us=16301959 end_us=16304246 reused=1
E026_STAGE device=0 nodes=535 begin_us=16326848 end_us=16328802 reused=1
E026_STAGE device=0 nodes=535 begin_us=16351803 end_us=16353749 reused=1
E026_STAGE device=0 nodes=535 begin_us=16376618 end_us=16378534 reused=1
E026_STAGE device=0 nodes=535 begin_us=16400449 end_us=16402402 reused=1
E026_STAGE device=0 nodes=535 begin_us=16425456 end_us=16427391 reused=1
E026_STAGE device=0 nodes=535 begin_us=16450979 end_us=16452926 reused=1
E026_STAGE device=0 nodes=535 begin_us=16475962 end_us=16477909 reused=1
E026_STAGE device=0 nodes=535 begin_us=16500634 end_us=16502587 reused=1
E026_STAGE device=0 nodes=535 begin_us=16525416 end_us=16527354 reused=1
E026_STAGE device=0 nodes=535 begin_us=16551184 end_us=16553310 reused=1
E026_STAGE device=0 nodes=535 begin_us=16576511 end_us=16578452 reused=1
E026_STAGE device=0 nodes=535 begin_us=16601567 end_us=16603531 reused=1
E026_STAGE device=0 nodes=535 begin_us=16626857 end_us=16628807 reused=1
E026_STAGE device=0 nodes=535 begin_us=16651297 end_us=16653257 reused=1
E026_STAGE device=0 nodes=535 begin_us=16676447 end_us=16678388 reused=1
E026_STAGE device=0 nodes=535 begin_us=16702428 end_us=16704682 reused=1
E026_STAGE device=0 nodes=535 begin_us=16728237 end_us=16730169 reused=1
E026_STAGE device=0 nodes=535 begin_us=16753016 end_us=16754954 reused=1
E026_STAGE device=0 nodes=535 begin_us=16779852 end_us=16781791 reused=1
E026_STAGE device=0 nodes=535 begin_us=16806136 end_us=16808058 reused=1
ggml_backend_cuda_graph_compute: CUDA graph warmup reset
E026_STAGE device=0 nodes=535 begin_us=17258848 end_us=17264412 reused=0
E026_STAGE device=0 nodes=535 begin_us=17594417 end_us=17597679 reused=0
E026_STAGE device=0 nodes=535 begin_us=17632941 end_us=17636265 reused=0
ggml_backend_cuda_graph_compute: CUDA graph warmup complete
E026_STAGE device=0 nodes=535 begin_us=17667674 end_us=17670203 reused=1
E026_STAGE device=0 nodes=535 begin_us=17696072 end_us=17698007 reused=1
E026_STAGE device=0 nodes=535 begin_us=17720222 end_us=17722484 reused=1
E026_STAGE device=0 nodes=535 begin_us=17744533 end_us=17746478 reused=1
E026_STAGE device=0 nodes=535 begin_us=17769224 end_us=17771232 reused=1
E026_STAGE device=0 nodes=535 begin_us=17795073 end_us=17797014 reused=1
E026_STAGE device=0 nodes=535 begin_us=17820883 end_us=17823146 reused=1
E026_STAGE device=0 nodes=535 begin_us=17846408 end_us=17848350 reused=1
E026_STAGE device=0 nodes=535 begin_us=17871319 end_us=17873249 reused=1
E026_STAGE device=0 nodes=535 begin_us=17896787 end_us=17898725 reused=1
E026_STAGE device=0 nodes=535 begin_us=17922471 end_us=17924408 reused=1
E026_STAGE device=0 nodes=535 begin_us=17947530 end_us=17949474 reused=1
E026_STAGE device=0 nodes=535 begin_us=17974387 end_us=17976332 reused=1
E026_STAGE device=0 nodes=535 begin_us=17999280 end_us=18001212 reused=1
E026_STAGE device=0 nodes=535 begin_us=18025466 end_us=18027410 reused=1
E026_STAGE device=0 nodes=535 begin_us=18050864 end_us=18053156 reused=1
E026_STAGE device=0 nodes=535 begin_us=18075496 end_us=18077431 reused=1
E026_STAGE device=0 nodes=535 begin_us=18102027 end_us=18103958 reused=1
E026_STAGE device=0 nodes=535 begin_us=18127201 end_us=18129144 reused=1
E026_STAGE device=0 nodes=535 begin_us=18151796 end_us=18153745 reused=1
E026_STAGE device=0 nodes=535 begin_us=18177084 end_us=18179044 reused=1
E026_STAGE device=0 nodes=535 begin_us=18201149 end_us=18203445 reused=1
E026_STAGE device=0 nodes=535 begin_us=18226307 end_us=18228253 reused=1
E026_STAGE device=0 nodes=535 begin_us=18250714 end_us=18252664 reused=1
E026_STAGE device=0 nodes=535 begin_us=18277341 end_us=18279288 reused=1
E026_STAGE device=0 nodes=535 begin_us=18302641 end_us=18304652 reused=1
E026_STAGE device=0 nodes=535 begin_us=18329228 end_us=18331168 reused=1
E026_STAGE device=0 nodes=535 begin_us=18354912 end_us=18356938 reused=1
E026_STAGE device=0 nodes=535 begin_us=18380818 end_us=18382753 reused=1
E026_STAGE device=0 nodes=535 begin_us=18405328 end_us=18407263 reused=1
E026_STAGE device=0 nodes=535 begin_us=18429912 end_us=18431844 reused=1
E026_STAGE device=0 nodes=535 begin_us=18455956 end_us=18457894 reused=1
E026_STAGE device=0 nodes=535 begin_us=18479798 end_us=18481744 reused=1
E026_STAGE device=0 nodes=535 begin_us=18504540 end_us=18506473 reused=1
E026_STAGE device=0 nodes=535 begin_us=18529349 end_us=18531289 reused=1
E026_STAGE device=0 nodes=535 begin_us=18553672 end_us=18555612 reused=1
E026_STAGE device=0 nodes=535 begin_us=18579130 end_us=18581080 reused=1
E026_STAGE device=0 nodes=535 begin_us=18605361 end_us=18607289 reused=1
E026_STAGE device=0 nodes=535 begin_us=18630182 end_us=18632117 reused=1
E026_STAGE device=0 nodes=535 begin_us=18656579 end_us=18658520 reused=1
E026_STAGE device=0 nodes=535 begin_us=18681490 end_us=18683423 reused=1
E026_STAGE device=0 nodes=535 begin_us=18706125 end_us=18708040 reused=1
E026_STAGE device=0 nodes=535 begin_us=18730417 end_us=18732356 reused=1
E026_STAGE device=0 nodes=535 begin_us=18755413 end_us=18757362 reused=1
E026_STAGE device=0 nodes=535 begin_us=18780348 end_us=18782284 reused=1
E026_STAGE device=0 nodes=535 begin_us=18805380 end_us=18807322 reused=1
E026_STAGE device=0 nodes=535 begin_us=18831190 end_us=18833131 reused=1
E026_STAGE device=0 nodes=535 begin_us=18854885 end_us=18856827 reused=1
E026_STAGE device=0 nodes=535 begin_us=18879992 end_us=18881927 reused=1
E026_STAGE device=0 nodes=535 begin_us=18903680 end_us=18905616 reused=1
E026_STAGE device=0 nodes=535 begin_us=18928793 end_us=18930732 reused=1
E026_STAGE device=0 nodes=535 begin_us=18953090 end_us=18955032 reused=1
E026_STAGE device=0 nodes=535 begin_us=18978431 end_us=18980369 reused=1
E026_STAGE device=0 nodes=535 begin_us=19003851 end_us=19005799 reused=1
E026_STAGE device=0 nodes=535 begin_us=19027993 end_us=19029936 reused=1
E026_STAGE device=0 nodes=535 begin_us=19052481 end_us=19054486 reused=1
E026_STAGE device=0 nodes=535 begin_us=19077001 end_us=19078941 reused=1
E026_STAGE device=0 nodes=535 begin_us=19102152 end_us=19104170 reused=1
E026_STAGE device=0 nodes=535 begin_us=19126084 end_us=19128027 reused=1
E026_STAGE device=0 nodes=535 begin_us=19150452 end_us=19152407 reused=1
E026_STAGE device=0 nodes=535 begin_us=19175105 end_us=19177041 reused=1
E026_STAGE device=0 nodes=535 begin_us=19199851 end_us=19201803 reused=1
ggml_backend_cuda_graph_compute: CUDA graph warmup reset
E026_STAGE device=0 nodes=535 begin_us=19709527 end_us=19730570 reused=0
E026_STAGE device=0 nodes=535 begin_us=19995616 end_us=20015955 reused=0
E026_STAGE device=0 nodes=535 begin_us=20310755 end_us=20331038 reused=0
E026_STAGE device=0 nodes=535 begin_us=20618032 end_us=20638329 reused=0
E026_STAGE device=0 nodes=535 begin_us=20897356 end_us=20917939 reused=0
E026_STAGE device=0 nodes=535 begin_us=21199595 end_us=21220233 reused=0
E026_STAGE device=0 nodes=535 begin_us=21511122 end_us=21532657 reused=0
E026_STAGE device=0 nodes=535 begin_us=21834482 end_us=21855437 reused=0
E026_STAGE device=0 nodes=535 begin_us=22212495 end_us=22233382 reused=0
E026_STAGE device=0 nodes=535 begin_us=22560930 end_us=22581840 reused=0
E026_STAGE device=0 nodes=535 begin_us=22901342 end_us=22922072 reused=0
E026_STAGE device=0 nodes=535 begin_us=23250374 end_us=23271469 reused=0
E026_STAGE device=0 nodes=535 begin_us=23583131 end_us=23604553 reused=0
E026_STAGE device=0 nodes=535 begin_us=23970678 end_us=23992917 reused=0
E026_STAGE device=0 nodes=535 begin_us=24315309 end_us=24330024 reused=0
E026_STAGE device=0 nodes=535 begin_us=24878557 end_us=24899801 reused=0
E026_STAGE device=0 nodes=535 begin_us=25401436 end_us=25404931 reused=0
E026_STAGE device=0 nodes=535 begin_us=25440955 end_us=25446386 reused=0
ggml_backend_cuda_graph_compute: CUDA graph warmup complete
E026_STAGE device=0 nodes=535 begin_us=25484885 end_us=25488114 reused=1
E026_STAGE device=0 nodes=535 begin_us=25519393 end_us=25521351 reused=1
E026_STAGE device=0 nodes=535 begin_us=25544119 end_us=25546090 reused=1
E026_STAGE device=0 nodes=535 begin_us=25569186 end_us=25571166 reused=1
E026_STAGE device=0 nodes=535 begin_us=25594284 end_us=25596273 reused=1
E026_STAGE device=0 nodes=535 begin_us=25619205 end_us=25621191 reused=1
E026_STAGE device=0 nodes=535 begin_us=25645939 end_us=25647919 reused=1
E026_STAGE device=0 nodes=535 begin_us=25670553 end_us=25672531 reused=1
E026_STAGE device=0 nodes=535 begin_us=25695099 end_us=25697078 reused=1
E026_STAGE device=0 nodes=535 begin_us=25721912 end_us=25723875 reused=1
E026_STAGE device=0 nodes=535 begin_us=25746988 end_us=25748964 reused=1
E026_STAGE device=0 nodes=535 begin_us=25772405 end_us=25774382 reused=1
E026_STAGE device=0 nodes=535 begin_us=25796843 end_us=25798803 reused=1
E026_STAGE device=0 nodes=535 begin_us=25823165 end_us=25825159 reused=1
E026_STAGE device=0 nodes=535 begin_us=25847935 end_us=25849910 reused=1
E026_STAGE device=0 nodes=535 begin_us=25873072 end_us=25875058 reused=1
E026_STAGE device=0 nodes=535 begin_us=25898981 end_us=25900983 reused=1
E026_STAGE device=0 nodes=535 begin_us=25923667 end_us=25925648 reused=1
E026_STAGE device=0 nodes=535 begin_us=25949058 end_us=25951036 reused=1
E026_STAGE device=0 nodes=535 begin_us=25974887 end_us=25976872 reused=1
E026_STAGE device=0 nodes=535 begin_us=25999517 end_us=26001510 reused=1
E026_STAGE device=0 nodes=535 begin_us=26026398 end_us=26028390 reused=1
E026_STAGE device=0 nodes=535 begin_us=26051309 end_us=26053302 reused=1
E026_STAGE device=0 nodes=535 begin_us=26078496 end_us=26080473 reused=1
E026_STAGE device=0 nodes=535 begin_us=26105548 end_us=26107554 reused=1
E026_STAGE device=0 nodes=535 begin_us=26131291 end_us=26133264 reused=1
E026_STAGE device=0 nodes=535 begin_us=26157047 end_us=26159032 reused=1
E026_STAGE device=0 nodes=535 begin_us=26181953 end_us=26183939 reused=1
E026_STAGE device=0 nodes=535 begin_us=26208616 end_us=26210606 reused=1
E026_STAGE device=0 nodes=535 begin_us=26234078 end_us=26236072 reused=1
E026_STAGE device=0 nodes=535 begin_us=26258476 end_us=26260443 reused=1
E026_STAGE device=0 nodes=535 begin_us=26282969 end_us=26284957 reused=1
E026_STAGE device=0 nodes=535 begin_us=26307856 end_us=26309847 reused=1
E026_STAGE device=0 nodes=535 begin_us=26332688 end_us=26334659 reused=1
E026_STAGE device=0 nodes=535 begin_us=26358072 end_us=26360057 reused=1
E026_STAGE device=0 nodes=535 begin_us=26382374 end_us=26384361 reused=1
E026_STAGE device=0 nodes=535 begin_us=26407457 end_us=26409439 reused=1
E026_STAGE device=0 nodes=535 begin_us=26431514 end_us=26433512 reused=1
E026_STAGE device=0 nodes=535 begin_us=26456340 end_us=26458313 reused=1
E026_STAGE device=0 nodes=535 begin_us=26483591 end_us=26485990 reused=1
E026_STAGE device=0 nodes=535 begin_us=26508392 end_us=26510367 reused=1
E026_STAGE device=0 nodes=535 begin_us=26532754 end_us=26534740 reused=1
E026_STAGE device=0 nodes=535 begin_us=26559734 end_us=26561718 reused=1
E026_STAGE device=0 nodes=535 begin_us=26584680 end_us=26587005 reused=1
E026_STAGE device=0 nodes=535 begin_us=26609931 end_us=26612024 reused=1
E026_STAGE device=0 nodes=535 begin_us=26634416 end_us=26636441 reused=1
E026_STAGE device=0 nodes=535 begin_us=26659443 end_us=26661432 reused=1
E026_STAGE device=0 nodes=535 begin_us=26686233 end_us=26688321 reused=1
E026_STAGE device=0 nodes=535 begin_us=26713109 end_us=26715096 reused=1
E026_STAGE device=0 nodes=535 begin_us=26738791 end_us=26740777 reused=1
E026_STAGE device=0 nodes=535 begin_us=26764796 end_us=26766848 reused=1
E026_STAGE device=0 nodes=535 begin_us=26791109 end_us=26793097 reused=1
E026_STAGE device=0 nodes=535 begin_us=26816651 end_us=26818686 reused=1
E026_STAGE device=0 nodes=535 begin_us=26842636 end_us=26844625 reused=1
E026_STAGE device=0 nodes=535 begin_us=26868538 end_us=26870855 reused=1
E026_STAGE device=0 nodes=535 begin_us=26893923 end_us=26895902 reused=1
E026_STAGE device=0 nodes=535 begin_us=26918603 end_us=26920602 reused=1
E026_STAGE device=0 nodes=535 begin_us=26944463 end_us=26946446 reused=1
E026_STAGE device=0 nodes=535 begin_us=26970147 end_us=26972137 reused=1
E026_STAGE device=0 nodes=535 begin_us=26995532 end_us=26997508 reused=1
E026_STAGE device=0 nodes=535 begin_us=27020609 end_us=27022603 reused=1
E026_STAGE device=0 nodes=535 begin_us=27045385 end_us=27047362 reused=1
Client connection closed
